Component: ARM Compiler 6.16 Tool: armlink [5dfeaa00]

==============================================================================

Section Cross References

    main.o(.text.HAL_GetTick) refers to rtx_kernel.o(.text.osKernelGetState) for osKernelGetState
    main.o(.text.HAL_GetTick) refers to rtx_kernel.o(.text.osKernelGetTickCount) for osKernelGetTickCount
    main.o(.text.HAL_GetTick) refers to system_stm32f4xx.o(.data.SystemCoreClock) for SystemCoreClock
    main.o(.text.HAL_GetTick) refers to main.o(.bss.HAL_GetTick.ticks) for HAL_GetTick.ticks
    main.o(.ARM.exidx.text.HAL_GetTick) refers to main.o(.text.HAL_GetTick) for [Anonymous Symbol]
    main.o(.text.main) refers to stm32f4xx_hal.o(.text.HAL_Init) for HAL_Init
    main.o(.text.main) refers to main.o(.text.SystemClock_Config) for SystemClock_Config
    main.o(.text.main) refers to system_stm32f4xx.o(.text.SystemCoreClockUpdate) for SystemCoreClockUpdate
    main.o(.text.main) refers to rtx_kernel.o(.text.osKernelInitialize) for osKernelInitialize
    main.o(.text.main) refers to thjoystick.o(.text.Init_ThJOYSTICK) for Init_ThJOYSTICK
    main.o(.text.main) refers to timer.o(.text.Init_Timers) for Init_Timers
    main.o(.text.main) refers to thread.o(.text.Init_Thread) for Init_Thread
    main.o(.text.main) refers to thescribircola.o(.text.Init_ThEscribirCola) for Init_ThEscribirCola
    main.o(.text.main) refers to lcd.o(.text.LCD_reset) for LCD_reset
    main.o(.text.main) refers to lcd.o(.text.LCD_Init) for LCD_Init
    main.o(.text.main) refers to rtx_kernel.o(.text.osKernelStart) for osKernelStart
    main.o(.ARM.exidx.text.main) refers to main.o(.text.main) for [Anonymous Symbol]
    main.o(.text.SystemClock_Config) refers to stm32f4xx_hal_rcc.o(.text.HAL_RCC_OscConfig) for HAL_RCC_OscConfig
    main.o(.text.SystemClock_Config) refers to stm32f4xx_hal_rcc.o(.text.HAL_RCC_ClockConfig) for HAL_RCC_ClockConfig
    main.o(.text.SystemClock_Config) refers to stm32f4xx_hal.o(.text.HAL_GetREVID) for HAL_GetREVID
    main.o(.ARM.exidx.text.SystemClock_Config) refers to main.o(.text.SystemClock_Config) for [Anonymous Symbol]
    stm32f4xx_it.o(.ARM.exidx.text.NMI_Handler) refers to stm32f4xx_it.o(.text.NMI_Handler) for [Anonymous Symbol]
    stm32f4xx_it.o(.ARM.exidx.text.HardFault_Handler) refers to stm32f4xx_it.o(.text.HardFault_Handler) for [Anonymous Symbol]
    stm32f4xx_it.o(.ARM.exidx.text.MemManage_Handler) refers to stm32f4xx_it.o(.text.MemManage_Handler) for [Anonymous Symbol]
    stm32f4xx_it.o(.ARM.exidx.text.BusFault_Handler) refers to stm32f4xx_it.o(.text.BusFault_Handler) for [Anonymous Symbol]
    stm32f4xx_it.o(.ARM.exidx.text.UsageFault_Handler) refers to stm32f4xx_it.o(.text.UsageFault_Handler) for [Anonymous Symbol]
    stm32f4xx_it.o(.ARM.exidx.text.DebugMon_Handler) refers to stm32f4xx_it.o(.text.DebugMon_Handler) for [Anonymous Symbol]
    thjoystick.o(.text.Init_ThJOYSTICK) refers to thjoystick.o(.text.JOYSTICK) for JOYSTICK
    thjoystick.o(.text.Init_ThJOYSTICK) refers to rtx_thread.o(.text.osThreadNew) for osThreadNew
    thjoystick.o(.text.Init_ThJOYSTICK) refers to thjoystick.o(.bss.tid_ThJOYSTICK) for tid_ThJOYSTICK
    thjoystick.o(.ARM.exidx.text.Init_ThJOYSTICK) refers to thjoystick.o(.text.Init_ThJOYSTICK) for [Anonymous Symbol]
    thjoystick.o(.text.JOYSTICK) refers to thjoystick.o(.text.InitDireccionAD) for InitDireccionAD
    thjoystick.o(.text.JOYSTICK) refers to thjoystick.o(.text.InitDireccionAbIC) for InitDireccionAbIC
    thjoystick.o(.text.JOYSTICK) refers to thjoystick.o(.text.InitLeds) for InitLeds
    thjoystick.o(.text.JOYSTICK) refers to thjoystick.o(.bss.contadorArriba) for contadorArriba
    thjoystick.o(.text.JOYSTICK) refers to thjoystick.o(.bss.mensaje) for mensaje
    thjoystick.o(.text.JOYSTICK) refers to msgqueue.o(.bss.mid_MsgQueue) for mid_MsgQueue
    thjoystick.o(.text.JOYSTICK) refers to stm32f4xx_hal_gpio.o(.text.HAL_GPIO_WritePin) for HAL_GPIO_WritePin
    thjoystick.o(.text.JOYSTICK) refers to rtx_msgqueue.o(.text.osMessageQueuePut) for osMessageQueuePut
    thjoystick.o(.text.JOYSTICK) refers to rtx_thread.o(.text.osThreadYield) for osThreadYield
    thjoystick.o(.text.JOYSTICK) refers to rtx_thread.o(.text.osThreadFlagsWait) for osThreadFlagsWait
    thjoystick.o(.text.JOYSTICK) refers to stm32f4xx_hal_gpio.o(.text.HAL_GPIO_ReadPin) for HAL_GPIO_ReadPin
    thjoystick.o(.text.JOYSTICK) refers to thjoystick.o(.bss.contadorDerecha) for contadorDerecha
    thjoystick.o(.text.JOYSTICK) refers to thjoystick.o(.bss.contadorAbajo) for contadorAbajo
    thjoystick.o(.text.JOYSTICK) refers to thjoystick.o(.bss.contadorIzquierda) for contadorIzquierda
    thjoystick.o(.text.JOYSTICK) refers to thjoystick.o(.bss.contadorCentro) for contadorCentro
    thjoystick.o(.ARM.exidx.text.JOYSTICK) refers to thjoystick.o(.text.JOYSTICK) for [Anonymous Symbol]
    thjoystick.o(.text.InitDireccionAD) refers to stm32f4xx_hal_cortex.o(.text.HAL_NVIC_EnableIRQ) for HAL_NVIC_EnableIRQ
[...]
    svcRtxMessageQueueNew                    0x08003515   Thumb Code   272  rtx_msgqueue.o(.text.svcRtxMessageQueueNew)
    [Anonymous Symbol]                       0x08003514   Section        0  rtx_msgqueue.o(.text.svcRtxMessageQueueNew)
    __arm_cp.1_0                             0x08003624   Number         4  rtx_msgqueue.o(.text.svcRtxMessageQueueNew)
    __arm_cp.1_1                             0x08003628   Number         4  rtx_msgqueue.o(.text.svcRtxMessageQueueNew)
    svcRtxMessageQueuePut                    0x0800362d   Thumb Code   176  rtx_msgqueue.o(.text.svcRtxMessageQueuePut)
    [Anonymous Symbol]                       0x0800362c   Section        0  rtx_msgqueue.o(.text.svcRtxMessageQueuePut)
    svcRtxMutexAcquire                       0x080036dd   Thumb Code   140  rtx_mutex.o(.text.svcRtxMutexAcquire)
    [Anonymous Symbol]                       0x080036dc   Section        0  rtx_mutex.o(.text.svcRtxMutexAcquire)
    __arm_cp.10_0                            0x08003768   Number         4  rtx_mutex.o(.text.svcRtxMutexAcquire)
    svcRtxMutexDelete                        0x0800376d   Thumb Code   172  rtx_mutex.o(.text.svcRtxMutexDelete)
    [Anonymous Symbol]                       0x0800376c   Section        0  rtx_mutex.o(.text.svcRtxMutexDelete)
    svcRtxMutexNew                           0x08003819   Thumb Code   100  rtx_mutex.o(.text.svcRtxMutexNew)
    [Anonymous Symbol]                       0x08003818   Section        0  rtx_mutex.o(.text.svcRtxMutexNew)
    __arm_cp.8_0                             0x0800387c   Number         4  rtx_mutex.o(.text.svcRtxMutexNew)
    svcRtxMutexRelease                       0x08003881   Thumb Code   176  rtx_mutex.o(.text.svcRtxMutexRelease)
    [Anonymous Symbol]                       0x08003880   Section        0  rtx_mutex.o(.text.svcRtxMutexRelease)
    __arm_cp.11_0                            0x08003930   Number         4  rtx_mutex.o(.text.svcRtxMutexRelease)
    svcRtxThreadExit                         0x08003935   Thumb Code    72  rtx_thread.o(.text.svcRtxThreadExit)
    [Anonymous Symbol]                       0x08003934   Section        0  rtx_thread.o(.text.svcRtxThreadExit)
    __arm_cp.54_0                            0x0800397c   Number         4  rtx_thread.o(.text.svcRtxThreadExit)
    svcRtxThreadFlagsSet                     0x08003981   Thumb Code   102  rtx_thread.o(.text.svcRtxThreadFlagsSet)
    [Anonymous Symbol]                       0x08003980   Section        0  rtx_thread.o(.text.svcRtxThreadFlagsSet)
    svcRtxThreadFlagsWait                    0x080039e9   Thumb Code    72  rtx_thread.o(.text.svcRtxThreadFlagsWait)
    [Anonymous Symbol]                       0x080039e8   Section        0  rtx_thread.o(.text.svcRtxThreadFlagsWait)
    __arm_cp.63_0                            0x08003a30   Number         4  rtx_thread.o(.text.svcRtxThreadFlagsWait)
    svcRtxThreadNew                          0x08003a35   Thumb Code   472  rtx_thread.o(.text.svcRtxThreadNew)
    [Anonymous Symbol]                       0x08003a34   Section        0  rtx_thread.o(.text.svcRtxThreadNew)
    __arm_cp.16_0                            0x08003c0c   Number         4  rtx_thread.o(.text.svcRtxThreadNew)
    __arm_cp.16_1                            0x08003c10   Number         4  rtx_thread.o(.text.svcRtxThreadNew)
    __arm_cp.16_2                            0x08003c14   Number         4  rtx_thread.o(.text.svcRtxThreadNew)
    __arm_cp.16_3                            0x08003c18   Number         4  rtx_thread.o(.text.svcRtxThreadNew)
    __arm_cp.16_4                            0x08003c1c   Number         4  rtx_thread.o(.text.svcRtxThreadNew)
    svcRtxThreadYield                        0x08003c21   Thumb Code    52  rtx_thread.o(.text.svcRtxThreadYield)
    [Anonymous Symbol]                       0x08003c20   Section        0  rtx_thread.o(.text.svcRtxThreadYield)
    __arm_cp.47_0                            0x08003c54   Number         4  rtx_thread.o(.text.svcRtxThreadYield)
    svcRtxTimerNew                           0x08003c59   Thumb Code   116  rtx_timer.o(.text.svcRtxTimerNew)
    [Anonymous Symbol]                       0x08003c58   Section        0  rtx_timer.o(.text.svcRtxTimerNew)
    svcRtxTimerStart                         0x08003ccd   Thumb Code    68  rtx_timer.o(.text.svcRtxTimerStart)
    [Anonymous Symbol]                       0x08003ccc   Section        0  rtx_timer.o(.text.svcRtxTimerStart)
    __arm_cp.12_0                            0x08003d10   Number         4  rtx_timer.o(.text.svcRtxTimerStart)
    [Anonymous Symbol]                       0x08003d14   Section        0  lcd.o(.text.symbolToLocalBuffer)
    symbolToLocalBuffer_L1                   0x08003d31   Thumb Code    96  lcd.o(.text.symbolToLocalBuffer_L1)
    [Anonymous Symbol]                       0x08003d30   Section        0  lcd.o(.text.symbolToLocalBuffer_L1)
    symbolToLocalBuffer_L2                   0x08003d91   Thumb Code   106  lcd.o(.text.symbolToLocalBuffer_L2)
    [Anonymous Symbol]                       0x08003d90   Section        0  lcd.o(.text.symbolToLocalBuffer_L2)
    $v0                                      0x08003dfa   Number         0  fpinit.o(x$fpl$fpinit)
    x$fpl$fpinit                             0x08003dfa   Section       26  fpinit.o(x$fpl$fpinit)
    __tagsym$$used.4                         0x08003e14   Number         0  rtx_lib.o(.rodata)
    __tagsym$$used.5                         0x08003e84   Number         0  rtx_lib.o(.rodata)
    os_idle_thread_attr                      0x08004864   Data          36  rtx_lib.o(.rodata.os_idle_thread_attr)
    [Anonymous Symbol]                       0x08004864   Section        0  rtx_lib.o(.rodata.os_idle_thread_attr)
    os_timer_mq_attr                         0x08004888   Data          24  rtx_lib.o(.rodata.os_timer_mq_attr)
    [Anonymous Symbol]                       0x08004888   Section        0  rtx_lib.o(.rodata.os_timer_mq_attr)
    os_timer_thread_attr                     0x080048a0   Data          36  rtx_lib.o(.rodata.os_timer_thread_attr)
    [Anonymous Symbol]                       0x080048a0   Section        0  rtx_lib.o(.rodata.os_timer_thread_attr)
    [Anonymous Symbol]                       0x080048c4   Section        0  rtx_kernel.o(.rodata.str1.4)
    .bss                                     0x200000b0   Section       96  libspace.o(.bss)
    HAL_GetTick.ticks                        0x20000110   Data           4  main.o(.bss.HAL_GetTick.ticks)
    [Anonymous Symbol]                       0x20000110   Section        0  main.o(.bss.HAL_GetTick.ticks)
    SPI1_Info.0                              0x20000114   Data           4  spi_stm32f4xx.o(.bss.SPI1_Info.0)
    [Anonymous Symbol]                       0x20000114   Section        0  spi_stm32f4xx.o(.bss.SPI1_Info.0)
    SPI1_Info.1.0                            0x20000118   Data           1  spi_stm32f4xx.o(.bss.SPI1_Info.1.0)
    [Anonymous Symbol]                       0x20000118   Section        0  spi_stm32f4xx.o(.bss.SPI1_Info.1.0)
    SPI1_Info.1.1                            0x2000011c   Data           1  spi_stm32f4xx.o(.bss.SPI1_Info.1.1)
    [Anonymous Symbol]                       0x2000011c   Section        0  spi_stm32f4xx.o(.bss.SPI1_Info.1.1)
    SPI1_Info.1.2                            0x2000011e   Data           1  spi_stm32f4xx.o(.bss.SPI1_Info.1.2)
    [Anonymous Symbol]                       0x2000011e   Section        0  spi_stm32f4xx.o(.bss.SPI1_Info.1.2)
    SPI1_Info.2                              0x20000120   Data           4  spi_stm32f4xx.o(.bss.SPI1_Info.2)
    [Anonymous Symbol]                       0x20000120   Section        0  spi_stm32f4xx.o(.bss.SPI1_Info.2)
    SPI1_Info.3                              0x20000124   Data           4  spi_stm32f4xx.o(.bss.SPI1_Info.3)
    [Anonymous Symbol]                       0x20000124   Section        0  spi_stm32f4xx.o(.bss.SPI1_Info.3)
    SPI1_TransferInfo                        0x20000128   Data          28  spi_stm32f4xx.o(.bss.SPI1_TransferInfo)
    [Anonymous Symbol]                       0x20000128   Section        0  spi_stm32f4xx.o(.bss.SPI1_TransferInfo)
    buffer                                   0x20000144   Data         511  lcd.o(.bss.buffer)
    [Anonymous Symbol]                       0x20000144   Section        0  lcd.o(.bss.buffer)
    contadorAbajo                            0x20000343   Data           1  thjoystick.o(.bss.contadorAbajo)
    [Anonymous Symbol]                       0x20000343   Section        0  thjoystick.o(.bss.contadorAbajo)
    contadorArriba                           0x20000344   Data           1  thjoystick.o(.bss.contadorArriba)
    [Anonymous Symbol]                       0x20000344   Section        0  thjoystick.o(.bss.contadorArriba)
    contadorCentro                           0x20000345   Data           1  thjoystick.o(.bss.contadorCentro)
    [Anonymous Symbol]                       0x20000345   Section        0  thjoystick.o(.bss.contadorCentro)
    contadorDerecha                          0x20000346   Data           1  thjoystick.o(.bss.contadorDerecha)
    [Anonymous Symbol]                       0x20000346   Section        0  thjoystick.o(.bss.contadorDerecha)
    contadorIzquierda                        0x20000347   Data           1  thjoystick.o(.bss.contadorIzquierda)
    [Anonymous Symbol]                       0x20000347   Section        0  thjoystick.o(.bss.contadorIzquierda)
    direccion                                0x20000348   Data          20  thescribircola.o(.bss.direccion)
    [Anonymous Symbol]                       0x20000348   Section        0  thescribircola.o(.bss.direccion)
    exec1                                    0x2000035c   Data           4  timer.o(.bss.exec1)
    [Anonymous Symbol]                       0x2000035c   Section        0  timer.o(.bss.exec1)
    htim7                                    0x20000360   Data          64  lcd.o(.bss.htim7)
    [Anonymous Symbol]                       0x20000360   Section        0  lcd.o(.bss.htim7)
    mensaje                                  0x200003a0   Data           1  thjoystick.o(.bss.mensaje)
    [Anonymous Symbol]                       0x200003a0   Section        0  thjoystick.o(.bss.mensaje)
    mensaje                                  0x200003a1   Data           1  thescribircola.o(.bss.mensaje)
    [Anonymous Symbol]                       0x200003a1   Section        0  thescribircola.o(.bss.mensaje)
    os_isr_queue                             0x200003a8   Data          64  rtx_lib.o(.bss.os)
    [Anonymous Symbol]                       0x200003a8   Section        0  rtx_lib.o(.bss.os)
    os_mem                                   0x200003e8   Data       32768  rtx_lib.o(.bss.os)
    PendST                                   0x200083e8   Data           1  os_systick.o(.bss.os)
    [Anonymous Symbol]                       0x200083e8   Section        0  os_systick.o(.bss.os)
    os_timer_mq_cb                           0x200083ec   Data          52  rtx_lib.o(.bss.os.msgqueue.cb)
    [Anonymous Symbol]                       0x200083ec   Section        0  rtx_lib.o(.bss.os.msgqueue.cb)
    os_timer_mq_data                         0x20008420   Data          80  rtx_lib.o(.bss.os.msgqueue.mem)
    [Anonymous Symbol]                       0x20008420   Section        0  rtx_lib.o(.bss.os.msgqueue.mem)
    os_idle_thread_cb                        0x20008470   Data          68  rtx_lib.o(.bss.os.thread.cb)
    [Anonymous Symbol]                       0x20008470   Section        0  rtx_lib.o(.bss.os.thread.cb)
    os_timer_thread_cb                       0x200084b4   Data          68  rtx_lib.o(.bss.os.thread.cb)
    os_idle_thread_stack                     0x200084f8   Data         512  rtx_lib.o(.bss.os.thread.idle.stack)
    [Anonymous Symbol]                       0x200084f8   Section        0  rtx_lib.o(.bss.os.thread.idle.stack)
    os_timer_thread_stack                    0x200086f8   Data         512  rtx_lib.o(.bss.os.thread.timer.stack)
    [Anonymous Symbol]                       0x200086f8   Section        0  rtx_lib.o(.bss.os.thread.timer.stack)
    os_kernel_is_active.os_kernel_active     0x200088f8   Data           1  rtx_lib.o(.bss.os_kernel_is_active.os_kernel_active)
    [Anonymous Symbol]                       0x200088f8   Section        0  rtx_lib.o(.bss.os_kernel_is_active.os_kernel_active)
    positionL1                               0x200088fa   Data           2  lcd.o(.bss.positionL1)
    [Anonymous Symbol]                       0x200088fa   Section        0  lcd.o(.bss.positionL1)
    positionL2                               0x200088fc   Data           2  lcd.o(.bss.positionL2)
    [Anonymous Symbol]                       0x200088fc   Section        0  lcd.o(.bss.positionL2)
    Heap_Mem                                 0x20008910   Data         512  startup_stm32f429xx.o(HEAP)
    HEAP                                     0x20008910   Section      512  startup_stm32f429xx.o(HEAP)
    Stack_Mem                                0x20008b10   Data        1024  startup_stm32f429xx.o(STACK)
    STACK                                    0x20008b10   Section     1024  startup_stm32f429xx.o(STACK)
    __initial_sp                             0x20008f10   Data           0  startup_stm32f429xx.o(STACK)
    FPCCR                                    0xe000ef34   Number         0  irq_armv7m.o ABSOLUTE

    Global Symbols

    Symbol Name                              Value     Ov Type        Size  Object(Section)

    BuildAttributes$$THM_ISAv4$E$P$D$K$B$S$7EM$VFPi3$EXTD16$VFPS$VFMA$PE$A:L22UL41UL21$X:L11$S22US41US21$IEEE1$IW$~IW$USESV6$~STKCKD$USESV7$~SHL$OTIME$ROPI$EBA8$UX$STANDARDLIB$REQ8$PRES8$EABIv2 0x00000000   Number         0  anon$$obj.o ABSOLUTE
    .bss.os.evflags.cb$$Base                  - Undefined Weak Reference
    .bss.os.evflags.cb$$Limit                 - Undefined Weak Reference
    .bss.os.mempool.cb$$Base                  - Undefined Weak Reference
    .bss.os.mempool.cb$$Limit                 - Undefined Weak Reference
    .bss.os.mutex.cb$$Base                    - Undefined Weak Reference
    .bss.os.mutex.cb$$Limit                   - Undefined Weak Reference
    .bss.os.semaphore.cb$$Base                - Undefined Weak Reference
    .bss.os.semaphore.cb$$Limit               - Undefined Weak Reference
    .bss.os.timer.cb$$Base                    - Undefined Weak Reference
    .bss.os.timer.cb$$Limit                   - Undefined Weak Reference
    __ARM_exceptions_init                     - Undefined Weak Reference
    __alloca_initialize                       - Undefined Weak Reference
    __arm_preinit_                            - Undefined Weak Reference
    __cpp_initialize__aeabi_                  - Undefined Weak Reference
    __cxa_finalize                            - Undefined Weak Reference
    __rt_locale                               - Undefined Weak Reference
    __sigvec_lookup                           - Undefined Weak Reference
    _atexit_init                              - Undefined Weak Reference
    _call_atexit_fns                          - Undefined Weak Reference
    _clock_init                               - Undefined Weak Reference
    _fp_trap_init                             - Undefined Weak Reference
    _fp_trap_shutdown                         - Undefined Weak Reference
    _get_lc_collate                           - Undefined Weak Reference
    _get_lc_ctype                             - Undefined Weak Reference
    _get_lc_monetary                          - Undefined Weak Reference
    _get_lc_numeric                           - Undefined Weak Reference
    _get_lc_time                              - Undefined Weak Reference
    _getenv_init                              - Undefined Weak Reference
    _handle_redirection                       - Undefined Weak Reference
    _init_alloc                               - Undefined Weak Reference
    _init_user_alloc                          - Undefined Weak Reference
    _initio                                   - Undefined Weak Reference
    _rand_init                                - Undefined Weak Reference
    _signal_finish                            - Undefined Weak Reference
    _signal_init                              - Undefined Weak Reference
    _terminate_alloc                          - Undefined Weak Reference
    _terminate_user_alloc                     - Undefined Weak Reference
    _terminateio                              - Undefined Weak Reference
    __Vectors_Size                           0x000001ac   Number         0  startup_stm32f429xx.o ABSOLUTE
    __Vectors                                0x08000000   Data           4  startup_stm32f429xx.o(RESET)
    __Vectors_End                            0x080001ac   Data           0  startup_stm32f429xx.o(RESET)
    __main                                   0x080001ad   Thumb Code     8  __main.o(!!!main)
    __scatterload                            0x080001b5   Thumb Code     0  __scatter.o(!!!scatter)
    __scatterload_rt2                        0x080001b5   Thumb Code    44  __scatter.o(!!!scatter)
    __scatterload_rt2_thumb_only             0x080001b5   Thumb Code     0  __scatter.o(!!!scatter)
    __scatterload_null                       0x080001c3   Thumb Code     0  __scatter.o(!!!scatter)
    __scatterload_copy                       0x080001e9   Thumb Code    26  __scatter_copy.o(!!handler_copy)
    __scatterload_zeroinit                   0x08000205   Thumb Code    28  __scatter_zi.o(!!handler_zi)
    __rt_lib_init                            0x08000221   Thumb Code     0  libinit.o(.ARM.Collect$$libinit$$00000000)
    __rt_lib_init_fp_1                       0x08000223   Thumb Code     0  libinit2.o(.ARM.Collect$$libinit$$00000001)
    __rt_lib_init_alloca_1                   0x08000227   Thumb Code     0  libinit2.o(.ARM.Collect$$libinit$$0000002E)
    __rt_lib_init_argv_1                     0x08000227   Thumb Code     0  libinit2.o(.ARM.Collect$$libinit$$0000002C)
    __rt_lib_init_atexit_1                   0x08000227   Thumb Code     0  libinit2.o(.ARM.Collect$$libinit$$0000001B)
    __rt_lib_init_clock_1                    0x08000227   Thumb Code     0  libinit2.o(.ARM.Collect$$libinit$$00000021)
    __rt_lib_init_cpp_1                      0x08000227   Thumb Code     0  libinit2.o(.ARM.Collect$$libinit$$00000032)
    __rt_lib_init_exceptions_1               0x08000227   Thumb Code     0  libinit2.o(.ARM.Collect$$libinit$$00000030)
    __rt_lib_init_fp_trap_1                  0x08000227   Thumb Code     0  libinit2.o(.ARM.Collect$$libinit$$0000001F)
    __rt_lib_init_getenv_1                   0x08000227   Thumb Code     0  libinit2.o(.ARM.Collect$$libinit$$00000023)
    __rt_lib_init_heap_1                     0x08000227   Thumb Code     0  libinit2.o(.ARM.Collect$$libinit$$0000000A)
    __rt_lib_init_lc_collate_1               0x08000227   Thumb Code     0  libinit2.o(.ARM.Collect$$libinit$$00000011)
    __rt_lib_init_lc_ctype_1                 0x08000227   Thumb Code     0  libinit2.o(.ARM.Collect$$libinit$$00000013)
    __rt_lib_init_lc_monetary_1              0x08000227   Thumb Code     0  libinit2.o(.ARM.Collect$$libinit$$00000015)
    __rt_lib_init_lc_numeric_1               0x08000227   Thumb Code     0  libinit2.o(.ARM.Collect$$libinit$$00000017)
    __rt_lib_init_lc_time_1                  0x08000227   Thumb Code     0  libinit2.o(.ARM.Collect$$libinit$$00000019)
    __rt_lib_init_preinit_1                  0x08000227   Thumb Code     0  libinit2.o(.ARM.Collect$$libinit$$00000004)
    __rt_lib_init_rand_1                     0x08000227   Thumb Code     0  libinit2.o(.ARM.Collect$$libinit$$0000000E)
    __rt_lib_init_return                     0x08000227   Thumb Code     0  libinit2.o(.ARM.Collect$$libinit$$00000033)
    __rt_lib_init_signal_1                   0x08000227   Thumb Code     0  libinit2.o(.ARM.Collect$$libinit$$0000001D)
    __rt_lib_init_stdio_1                    0x08000227   Thumb Code     0  libinit2.o(.ARM.Collect$$libinit$$00000025)
    __rt_lib_init_user_alloc_1               0x08000227   Thumb Code     0  libinit2.o(.ARM.Collect$$libinit$$0000000C)
    __rt_lib_shutdown                        0x08000229   Thumb Code     0  libshutdown.o(.ARM.Collect$$libshutdown$$00000000)
    __rt_lib_shutdown_cpp_1                  0x0800022b   Thumb Code     0  libshutdown2.o(.ARM.Collect$$libshutdown$$00000002)
    __rt_lib_shutdown_fp_trap_1              0x0800022b   Thumb Code     0  libshutdown2.o(.ARM.Collect$$libshutdown$$00000007)
    __rt_lib_shutdown_heap_1                 0x0800022b   Thumb Code     0  libshutdown2.o(.ARM.Collect$$libshutdown$$0000000F)
    __rt_lib_shutdown_return                 0x0800022b   Thumb Code     0  libshutdown2.o(.ARM.Collect$$libshutdown$$00000010)
    __rt_lib_shutdown_signal_1               0x0800022b   Thumb Code     0  libshutdown2.o(.ARM.Collect$$libshutdown$$0000000A)
    __rt_lib_shutdown_stdio_1                0x0800022b   Thumb Code     0  libshutdown2.o(.ARM.Collect$$libshutdown$$00000004)
    __rt_lib_shutdown_user_alloc_1           0x0800022b   Thumb Code     0  libshutdown2.o(.ARM.Collect$$libshutdown$$0000000C)
    __rt_entry                               0x0800022d   Thumb Code     0  __rtentry.o(.ARM.Collect$$rtentry$$00000000)
    __rt_entry_presh_1                       0x0800022d   Thumb Code     0  __rtentry2.o(.ARM.Collect$$rtentry$$00000002)
    __rt_entry_sh                            0x0800022d   Thumb Code     0  __rtentry4.o(.ARM.Collect$$rtentry$$00000004)
    __rt_entry_postsh_1                      0x08000233   Thumb Code     0  __rtentry2.o(.ARM.Collect$$rtentry$$00000008)
    __rt_entry_li                            0x0800023b   Thumb Code     0  __rtentry2.o(.ARM.Collect$$rtentry$$0000000A)
    __rt_entry_main                          0x0800023f   Thumb Code     0  __rtentry2.o(.ARM.Collect$$rtentry$$0000000D)
    __rt_entry_postli_1                      0x0800023f   Thumb Code     0  __rtentry2.o(.ARM.Collect$$rtentry$$0000000C)
    __rt_exit                                0x08000247   Thumb Code     0  rtexit.o(.ARM.Collect$$rtexit$$00000000)
    __rt_exit_ls                             0x08000249   Thumb Code     0  rtexit2.o(.ARM.Collect$$rtexit$$00000003)
    __rt_exit_prels_1                        0x08000249   Thumb Code     0  rtexit2.o(.ARM.Collect$$rtexit$$00000002)
    __rt_exit_exit                           0x0800024d   Thumb Code     0  rtexit2.o(.ARM.Collect$$rtexit$$00000004)
    Reset_Handler                            0x08000255   Thumb Code     8  startup_stm32f429xx.o(.text)
    ADC_IRQHandler                           0x0800026f   Thumb Code     0  startup_stm32f429xx.o(.text)
    CAN1_RX0_IRQHandler                      0x0800026f   Thumb Code     0  startup_stm32f429xx.o(.text)
    CAN1_RX1_IRQHandler                      0x0800026f   Thumb Code     0  startup_stm32f429xx.o(.text)
    CAN1_SCE_IRQHandler                      0x0800026f   Thumb Code     0  startup_stm32f429xx.o(.text)
    CAN1_TX_IRQHandler                       0x0800026f   Thumb Code     0  startup_stm32f429xx.o(.text)
    CAN2_RX0_IRQHandler                      0x0800026f   Thumb Code     0  startup_stm32f429xx.o(.text)
    CAN2_RX1_IRQHandler                      0x0800026f   Thumb Code     0  startup_stm32f429xx.o(.text)
    CAN2_SCE_IRQHandler                      0x0800026f   Thumb Code     0  startup_stm32f429xx.o(.text)
    CAN2_TX_IRQHandler                       0x0800026f   Thumb Code     0  startup_stm32f429xx.o(.text)
    DCMI_IRQHandler                          0x0800026f   Thumb Code     0  startup_stm32f429xx.o(.text)
    DMA1_Stream0_IRQHandler                  0x0800026f   Thumb Code     0  startup_stm32f429xx.o(.text)
    DMA1_Stream1_IRQHandler                  0x0800026f   Thumb Code     0  startup_stm32f429xx.o(.text)
    DMA1_Stream2_IRQHandler                  0x0800026f   Thumb Code     0  startup_stm32f429xx.o(.text)
    DMA1_Stream3_IRQHandler                  0x0800026f   Thumb Code     0  startup_stm32f429xx.o(.text)
    DMA1_Stream4_IRQHandler                  0x0800026f   Thumb Code     0  startup_stm32f429xx.o(.text)
    DMA1_Stream5_IRQHandler                  0x0800026f   Thumb Code     0  startup_stm32f429xx.o(.text)
    DMA1_Stream6_IRQHandler                  0x0800026f   Thumb Code     0  startup_stm32f429xx.o(.text)
    DMA1_Stream7_IRQHandler                  0x0800026f   Thumb Code     0  startup_stm32f429xx.o(.text)
    DMA2D_IRQHandler                         0x0800026f   Thumb Code     0  startup_stm32f429xx.o(.text)
    DMA2_Stream0_IRQHandler                  0x0800026f   Thumb Code     0  startup_stm32f429xx.o(.text)
    DMA2_Stream1_IRQHandler                  0x0800026f   Thumb Code     0  startup_stm32f429xx.o(.text)
    DMA2_Stream2_IRQHandler                  0x0800026f   Thumb Code     0  startup_stm32f429xx.o(.text)
    DMA2_Stream3_IRQHandler                  0x0800026f   Thumb Code     0  startup_stm32f429xx.o(.text)
    DMA2_Stream4_IRQHandler                  0x0800026f   Thumb Code     0  startup_stm32f429xx.o(.text)
    DMA2_Stream5_IRQHandler                  0x0800026f   Thumb Code     0  startup_stm32f429xx.o(.text)
    DMA2_Stream6_IRQHandler                  0x0800026f   Thumb Code     0  startup_stm32f429xx.o(.text)
    DMA2_Stream7_IRQHandler                  0x0800026f   Thumb Code     0  startup_stm32f429xx.o(.text)
    ETH_IRQHandler                           0x0800026f   Thumb Code     0  startup_stm32f429xx.o(.text)
    ETH_WKUP_IRQHandler                      0x0800026f   Thumb Code     0  startup_stm32f429xx.o(.text)
    EXTI0_IRQHandler                         0x0800026f   Thumb Code     0  startup_stm32f429xx.o(.text)
    EXTI1_IRQHandler                         0x0800026f   Thumb Code     0  startup_stm32f429xx.o(.text)
    EXTI2_IRQHandler                         0x0800026f   Thumb Code     0  startup_stm32f429xx.o(.text)
    EXTI3_IRQHandler                         0x0800026f   Thumb Code     0  startup_stm32f429xx.o(.text)
    EXTI4_IRQHandler                         0x0800026f   Thumb Code     0  startup_stm32f429xx.o(.text)
    EXTI9_5_IRQHandler                       0x0800026f   Thumb Code     0  startup_stm32f429xx.o(.text)
    FLASH_IRQHandler                         0x0800026f   Thumb Code     0  startup_stm32f429xx.o(.text)
    FMC_IRQHandler                           0x0800026f   Thumb Code     0  startup_stm32f429xx.o(.text)
    FPU_IRQHandler                           0x0800026f   Thumb Code     0  startup_stm32f429xx.o(.text)
    HASH_RNG_IRQHandler                      0x0800026f   Thumb Code     0  startup_stm32f429xx.o(.text)
    I2C1_ER_IRQHandler                       0x0800026f   Thumb Code     0  startup_stm32f429xx.o(.text)
    I2C1_EV_IRQHandler                       0x0800026f   Thumb Code     0  startup_stm32f429xx.o(.text)
    I2C2_ER_IRQHandler                       0x0800026f   Thumb Code     0  startup_stm32f429xx.o(.text)
    I2C2_EV_IRQHandler                       0x0800026f   Thumb Code     0  startup_stm32f429xx.o(.text)
    I2C3_ER_IRQHandler                       0x0800026f   Thumb Code     0  startup_stm32f429xx.o(.text)
    I2C3_EV_IRQHandler                       0x0800026f   Thumb Code     0  startup_stm32f429xx.o(.text)
    LTDC_ER_IRQHandler                       0x0800026f   Thumb Code     0  startup_stm32f429xx.o(.text)
    LTDC_IRQHandler                          0x0800026f   Thumb Code     0  startup_stm32f429xx.o(.text)
    OTG_FS_IRQHandler                        0x0800026f   Thumb Code     0  startup_stm32f429xx.o(.text)
    OTG_FS_WKUP_IRQHandler                   0x0800026f   Thumb Code     0  startup_stm32f429xx.o(.text)
    OTG_HS_EP1_IN_IRQHandler                 0x0800026f   Thumb Code     0  startup_stm32f429xx.o(.text)
    OTG_HS_EP1_OUT_IRQHandler                0x0800026f   Thumb Code     0  startup_stm32f429xx.o(.text)
    OTG_HS_IRQHandler                        0x0800026f   Thumb Code     0  startup_stm32f429xx.o(.text)
    OTG_HS_WKUP_IRQHandler                   0x0800026f   Thumb Code     0  startup_stm32f429xx.o(.text)
    PVD_IRQHandler                           0x0800026f   Thumb Code     0  startup_stm32f429xx.o(.text)
    RCC_IRQHandler                           0x0800026f   Thumb Code     0  startup_stm32f429xx.o(.text)
    RTC_Alarm_IRQHandler                     0x0800026f   Thumb Code     0  startup_stm32f429xx.o(.text)
    RTC_WKUP_IRQHandler                      0x0800026f   Thumb Code     0  startup_stm32f429xx.o(.text)
    SAI1_IRQHandler                          0x0800026f   Thumb Code     0  startup_stm32f429xx.o(.text)
    SDIO_IRQHandler                          0x0800026f   Thumb Code     0  startup_stm32f429xx.o(.text)
    SPI2_IRQHandler                          0x0800026f   Thumb Code     0  startup_stm32f429xx.o(.text)
    SPI3_IRQHandler                          0x0800026f   Thumb Code     0  startup_stm32f429xx.o(.text)
    SPI4_IRQHandler                          0x0800026f   Thumb Code     0  startup_stm32f429xx.o(.text)
    SPI5_IRQHandler                          0x0800026f   Thumb Code     0  startup_stm32f429xx.o(.text)
    SPI6_IRQHandler                          0x0800026f   Thumb Code     0  startup_stm32f429xx.o(.text)
    TAMP_STAMP_IRQHandler                    0x0800026f   Thumb Code     0  startup_stm32f429xx.o(.text)
    TIM1_BRK_TIM9_IRQHandler                 0x0800026f   Thumb Code     0  startup_stm32f429xx.o(.text)
    TIM1_CC_IRQHandler                       0x0800026f   Thumb Code     0  startup_stm32f429xx.o(.text)
    TIM1_TRG_COM_TIM11_IRQHandler            0x0800026f   Thumb Code     0  startup_stm32f429xx.o(.text)
    TIM1_UP_TIM10_IRQHandler                 0x0800026f   Thumb Code     0  startup_stm32f429xx.o(.text)
    TIM2_IRQHandler                          0x0800026f   Thumb Code     0  startup_stm32f429xx.o(.text)
    TIM3_IRQHandler                          0x0800026f   Thumb Code     0  startup_stm32f429xx.o(.text)
    TIM4_IRQHandler                          0x0800026f   Thumb Code     0  startup_stm32f429xx.o(.text)
    TIM5_IRQHandler                          0x0800026f   Thumb Code     0  startup_stm32f429xx.o(.text)
    TIM6_DAC_IRQHandler                      0x0800026f   Thumb Code     0  startup_stm32f429xx.o(.text)
    TIM7_IRQHandler                          0x0800026f   Thumb Code     0  startup_stm32f429xx.o(.text)
    TIM8_BRK_TIM12_IRQHandler                0x0800026f   Thumb Code     0  startup_stm32f429xx.o(.text)
    TIM8_CC_IRQHandler                       0x0800026f   Thumb Code     0  startup_stm32f429xx.o(.text)
    TIM8_TRG_COM_TIM14_IRQHandler            0x0800026f   Thumb Code     0  startup_stm32f429xx.o(.text)
    TIM8_UP_TIM13_IRQHandler                 0x0800026f   Thumb Code     0  startup_stm32f429xx.o(.text)
    UART4_IRQHandler                         0x0800026f   Thumb Code     0  startup_stm32f429xx.o(.text)
    UART5_IRQHandler                         0x0800026f   Thumb Code     0  startup_stm32f429xx.o(.text)
    UART7_IRQHandler                         0x0800026f   Thumb Code     0  startup_stm32f429xx.o(.text)
    UART8_IRQHandler                         0x0800026f   Thumb Code     0  startup_stm32f429xx.o(.text)
    USART1_IRQHandler                        0x0800026f   Thumb Code     0  startup_stm32f429xx.o(.text)
    USART2_IRQHandler                        0x0800026f   Thumb Code     0  startup_stm32f429xx.o(.text)
    USART3_IRQHandler                        0x0800026f   Thumb Code     0  startup_stm32f429xx.o(.text)
    USART6_IRQHandler                        0x0800026f   Thumb Code     0  startup_stm32f429xx.o(.text)
    WWDG_IRQHandler                          0x0800026f   Thumb Code     0  startup_stm32f429xx.o(.text)
    __user_initial_stackheap                 0x08000271   Thumb Code     0  startup_stm32f429xx.o(.text)
    SVC_Handler                              0x08000295   Thumb Code   154  irq_armv7m.o(.text)
    PendSV_Handler                           0x0800032f   Thumb Code    16  irq_armv7m.o(.text)
    SysTick_Handler                          0x0800033f   Thumb Code    16  irq_armv7m.o(.text)
    __aeabi_uldivmod                         0x0800035d   Thumb Code     0  lludivv7m.o(.text)
    _ll_udiv                                 0x0800035d   Thumb Code   240  lludivv7m.o(.text)
    __aeabi_memcpy                           0x0800044d   Thumb Code     0  rt_memcpy_v6.o(.text)
    __rt_memcpy                              0x0800044d   Thumb Code   138  rt_memcpy_v6.o(.text)
    _memcpy_lastbytes                        0x080004b3   Thumb Code     0  rt_memcpy_v6.o(.text)
    __aeabi_memclr                           0x080004d7   Thumb Code     0  rt_memclr.o(.text)
    __rt_memclr                              0x080004d7   Thumb Code     0  rt_memclr.o(.text)
    _memset                                  0x080004db   Thumb Code    64  rt_memclr.o(.text)
    __aeabi_memclr4                          0x0800051b   Thumb Code     0  rt_memclr_w.o(.text)
    __aeabi_memclr8                          0x0800051b   Thumb Code     0  rt_memclr_w.o(.text)
    __rt_memclr_w                            0x0800051b   Thumb Code     0  rt_memclr_w.o(.text)
    _memset_w                                0x0800051f   Thumb Code    74  rt_memclr_w.o(.text)
    __use_two_region_memory                  0x08000569   Thumb Code     2  heapauxi.o(.text)
    __rt_heap_escrow$2region                 0x0800056b   Thumb Code     2  heapauxi.o(.text)
    __rt_heap_expand$2region                 0x0800056d   Thumb Code     2  heapauxi.o(.text)
    __aeabi_memcpy4                          0x0800056f   Thumb Code     0  rt_memcpy_w.o(.text)
    __aeabi_memcpy8                          0x0800056f   Thumb Code     0  rt_memcpy_w.o(.text)
    __rt_memcpy_w                            0x0800056f   Thumb Code   100  rt_memcpy_w.o(.text)
    _memcpy_lastbytes_aligned                0x080005b7   Thumb Code     0  rt_memcpy_w.o(.text)
    __user_setup_stackheap                   0x080005d3   Thumb Code    74  sys_stackheap_outer.o(.text)
    exit                                     0x0800061d   Thumb Code    18  exit.o(.text)
    __user_libspace                          0x08000631   Thumb Code     8  libspace.o(.text)
    __user_perproc_libspace                  0x08000631   Thumb Code     0  libspace.o(.text)
    _sys_exit                                0x08000639   Thumb Code     8  sys_exit.o(.text)
    __I$use$semihosting                      0x08000645   Thumb Code     0  use_no_semi.o(.text)
    __use_no_semihosting_swi                 0x08000645   Thumb Code     2  use_no_semi.o(.text)
    __semihosting_library_function           0x08000647   Thumb Code     0  indicate_semi.o(.text)
    BusFault_Handler                         0x08000649   Thumb Code     2  stm32f4xx_it.o(.text.BusFault_Handler)
    DebugMon_Handler                         0x0800064d   Thumb Code     2  stm32f4xx_it.o(.text.DebugMon_Handler)
    EXTI15_10_IRQHandler                     0x08000665   Thumb Code    44  thjoystick.o(.text.EXTI15_10_IRQHandler)
    EscribirCola                             0x080006d9   Thumb Code   210  thescribircola.o(.text.EscribirCola)
    HAL_GPIO_DeInit                          0x080007ad   Thumb Code   262  stm32f4xx_hal_gpio.o(.text.HAL_GPIO_DeInit)
    HAL_GPIO_EXTI_Callback                   0x080008b5   Thumb Code    60  thjoystick.o(.text.HAL_GPIO_EXTI_Callback)
    HAL_GPIO_EXTI_IRQHandler                 0x080008f1   Thumb Code    26  stm32f4xx_hal_gpio.o(.text.HAL_GPIO_EXTI_IRQHandler)
    HAL_GPIO_Init                            0x0800090d   Thumb Code   410  stm32f4xx_hal_gpio.o(.text.HAL_GPIO_Init)
    HAL_GPIO_ReadPin                         0x08000aa9   Thumb Code    10  stm32f4xx_hal_gpio.o(.text.HAL_GPIO_ReadPin)
    HAL_GPIO_WritePin                        0x08000ab5   Thumb Code    10  stm32f4xx_hal_gpio.o(.text.HAL_GPIO_WritePin)
    HAL_GetREVID                             0x08000ac1   Thumb Code    14  stm32f4xx_hal.o(.text.HAL_GetREVID)
    HAL_GetTick                              0x08000ad1   Thumb Code    80  main.o(.text.HAL_GetTick)
    HAL_Init                                 0x08000b21   Thumb Code    46  stm32f4xx_hal.o(.text.HAL_Init)
    HAL_InitTick                             0x08000b51   Thumb Code    80  stm32f4xx_hal.o(.text.HAL_InitTick)
    HAL_MspInit                              0x08000ba1   Thumb Code     2  stm32f4xx_hal.o(.text.HAL_MspInit)
    HAL_NVIC_DisableIRQ                      0x08000ba5   Thumb Code     8  stm32f4xx_hal_cortex.o(.text.HAL_NVIC_DisableIRQ)
    HAL_NVIC_EnableIRQ                       0x08000bad   Thumb Code     8  stm32f4xx_hal_cortex.o(.text.HAL_NVIC_EnableIRQ)
    HAL_NVIC_SetPriority                     0x08000bb5   Thumb Code    30  stm32f4xx_hal_cortex.o(.text.HAL_NVIC_SetPriority)
    HAL_NVIC_SetPriorityGrouping             0x08000bd5   Thumb Code     8  stm32f4xx_hal_cortex.o(.text.HAL_NVIC_SetPriorityGrouping)
    HAL_RCC_ClockConfig                      0x08000bdd   Thumb Code   352  stm32f4xx_hal_rcc.o(.text.HAL_RCC_ClockConfig)
    HAL_RCC_GetHCLKFreq                      0x08000d3d   Thumb Code    12  stm32f4xx_hal_rcc.o(.text.HAL_RCC_GetHCLKFreq)
    HAL_RCC_GetPCLK2Freq                     0x08000d49   Thumb Code    34  stm32f4xx_hal_rcc.o(.text.HAL_RCC_GetPCLK2Freq)
    HAL_RCC_GetSysClockFreq                  0x08000d6d   Thumb Code   106  stm32f4xx_hal_rcc.o(.text.HAL_RCC_GetSysClockFreq)
    HAL_RCC_OscConfig                        0x08000dd9   Thumb Code   820  stm32f4xx_hal_rcc.o(.text.HAL_RCC_OscConfig)
    HAL_SYSTICK_Config                       0x0800110d   Thumb Code     8  stm32f4xx_hal_cortex.o(.text.HAL_SYSTICK_Config)
    HAL_TIM_Base_Init                        0x08001115   Thumb Code    54  stm32f4xx_hal_tim.o(.text.HAL_TIM_Base_Init)
    HAL_TIM_Base_MspInit                     0x0800114d   Thumb Code     2  stm32f4xx_hal_tim.o(.text.HAL_TIM_Base_MspInit)
    HAL_TIM_Base_Start                       0x08001151   Thumb Code    38  stm32f4xx_hal_tim.o(.text.HAL_TIM_Base_Start)
    HAL_TIM_Base_Stop                        0x08001179   Thumb Code    48  stm32f4xx_hal_tim.o(.text.HAL_TIM_Base_Stop)
    HardFault_Handler                        0x080011a9   Thumb Code     2  stm32f4xx_it.o(.text.HardFault_Handler)
    Init_ThEscribirCola                      0x0800129d   Thumb Code    44  thescribircola.o(.text.Init_ThEscribirCola)
    Init_ThJOYSTICK                          0x080012c9   Thumb Code    44  thjoystick.o(.text.Init_ThJOYSTICK)
    Init_Thread                              0x080012f5   Thumb Code    44  thread.o(.text.Init_Thread)
    Init_Timers                              0x08001321   Thumb Code    46  timer.o(.text.Init_Timers)
    JOYSTICK                                 0x08001351   Thumb Code   330  thjoystick.o(.text.JOYSTICK)
    LCD_Init                                 0x0800149d   Thumb Code    76  lcd.o(.text.LCD_Init)
    LCD_reset                                0x080014e9   Thumb Code   136  lcd.o(.text.LCD_reset)
    LCD_update                               0x08001571   Thumb Code   154  lcd.o(.text.LCD_update)
    MemManage_Handler                        0x080016bd   Thumb Code     2  stm32f4xx_it.o(.text.MemManage_Handler)
    NMI_Handler                              0x08001775   Thumb Code     2  stm32f4xx_it.o(.text.NMI_Handler)
    OS_Tick_AcknowledgeIRQ                   0x080017a5   Thumb Code     8  os_systick.o(.text.OS_Tick_AcknowledgeIRQ)
    OS_Tick_Enable                           0x080017ad   Thumb Code    32  os_systick.o(.text.OS_Tick_Enable)
    OS_Tick_GetIRQn                          0x080017d1   Thumb Code     6  os_systick.o(.text.OS_Tick_GetIRQn)
    OS_Tick_Setup                            0x080017d9   Thumb Code    48  os_systick.o(.text.OS_Tick_Setup)
    SPI1_IRQHandler                          0x08001855   Thumb Code     8  spi_stm32f4xx.o(.text.SPI1_IRQHandler)
    SystemCoreClockUpdate                    0x08002129   Thumb Code   126  system_stm32f4xx.o(.text.SystemCoreClockUpdate)
    SystemInit                               0x080021a9   Thumb Code    26  system_stm32f4xx.o(.text.SystemInit)
    TIM_Base_SetConfig                       0x080021c5   Thumb Code   292  stm32f4xx_hal_tim.o(.text.TIM_Base_SetConfig)
    Thread                                   0x080022e9   Thumb Code    34  thread.o(.text.Thread)
    UsageFault_Handler                       0x080023ed   Thumb Code     2  stm32f4xx_it.o(.text.UsageFault_Handler)
    _mutex_acquire                           0x080024ad   Thumb Code    26  rtx_lib.o(.text._mutex_acquire)
    _mutex_free                              0x080024c9   Thumb Code    10  rtx_lib.o(.text._mutex_free)
    _mutex_initialize                        0x080024d5   Thumb Code    32  rtx_lib.o(.text._mutex_initialize)
    _mutex_release                           0x080024f5   Thumb Code    22  rtx_lib.o(.text._mutex_release)
    _platform_post_stackheap_init            0x0800250d   Thumb Code     8  rtx_lib.o(.text._platform_post_stackheap_init)
    main                                     0x08002655   Thumb Code    46  main.o(.text.main)
    osKernelGetState                         0x08002685   Thumb Code    40  rtx_kernel.o(.text.osKernelGetState)
    osKernelGetTickCount                     0x080026b1   Thumb Code    32  rtx_kernel.o(.text.osKernelGetTickCount)
    osKernelInitialize                       0x080026d9   Thumb Code    40  rtx_kernel.o(.text.osKernelInitialize)
    osKernelStart                            0x08002705   Thumb Code    32  rtx_kernel.o(.text.osKernelStart)
    osMessageQueueGet                        0x08002729   Thumb Code   108  rtx_msgqueue.o(.text.osMessageQueueGet)
    osMessageQueuePut                        0x08002799   Thumb Code   124  rtx_msgqueue.o(.text.osMessageQueuePut)
    osMutexAcquire                           0x08002819   Thumb Code    32  rtx_mutex.o(.text.osMutexAcquire)
    osMutexDelete                            0x0800283d   Thumb Code    32  rtx_mutex.o(.text.osMutexDelete)
    osMutexNew                               0x08002861   Thumb Code    32  rtx_mutex.o(.text.osMutexNew)
    osMutexRelease                           0x08002885   Thumb Code    32  rtx_mutex.o(.text.osMutexRelease)
    osRtxErrorNotify                         0x080028a9   Thumb Code     2  rtx_config.o(.text.osRtxErrorNotify)
    osRtxIdleThread                          0x080028ad   Thumb Code     2  rtx_config.o(.text.osRtxIdleThread)
    osRtxKernelErrorNotify                   0x080028af   Thumb Code     4  rtx_kernel.o(.text.osRtxKernelErrorNotify)
    osRtxKernelPreInit                       0x080028b3   Thumb Code     2  rtx_kernel.o(.text.osRtxKernelPreInit)
    osRtxMemoryAlloc                         0x080028b5   Thumb Code   108  rtx_memory.o(.text.osRtxMemoryAlloc)
    osRtxMemoryFree                          0x08002921   Thumb Code    66  rtx_memory.o(.text.osRtxMemoryFree)
    osRtxMemoryInit                          0x08002963   Thumb Code    54  rtx_memory.o(.text.osRtxMemoryInit)
    osRtxMemoryPoolAlloc                     0x08002999   Thumb Code    58  rtx_mempool.o(.text.osRtxMemoryPoolAlloc)
    osRtxMemoryPoolFree                      0x080029d3   Thumb Code    74  rtx_mempool.o(.text.osRtxMemoryPoolFree)
    osRtxMemoryPoolInit                      0x08002a1d   Thumb Code    56  rtx_mempool.o(.text.osRtxMemoryPoolInit)
    osRtxMessageQueueTimerSetup              0x08002b01   Thumb Code    32  rtx_msgqueue.o(.text.osRtxMessageQueueTimerSetup)
    osRtxMutexOwnerRelease                   0x08002b25   Thumb Code    72  rtx_mutex.o(.text.osRtxMutexOwnerRelease)
    osRtxMutexOwnerRestore                   0x08002b6d   Thumb Code    66  rtx_mutex.o(.text.osRtxMutexOwnerRestore)
    osRtxPendSV_Handler                      0x08002bb1   Thumb Code   136  rtx_system.o(.text.osRtxPendSV_Handler)
    osRtxPostProcess                         0x08002c39   Thumb Code   108  rtx_system.o(.text.osRtxPostProcess)
    osRtxThreadDelayTick                     0x08002d95   Thumb Code    72  rtx_thread.o(.text.osRtxThreadDelayTick)
    osRtxThreadDispatch                      0x08002dfd   Thumb Code    80  rtx_thread.o(.text.osRtxThreadDispatch)
    osRtxThreadListGet                       0x08002ec3   Thumb Code    18  rtx_thread.o(.text.osRtxThreadListGet)
    osRtxThreadListPut                       0x08002ed5   Thumb Code    44  rtx_thread.o(.text.osRtxThreadListPut)
    osRtxThreadListRemove                    0x08002f01   Thumb Code    20  rtx_thread.o(.text.osRtxThreadListRemove)
    osRtxThreadListSort                      0x08002f21   Thumb Code    38  rtx_thread.o(.text.osRtxThreadListSort)
    osRtxThreadReadyPut                      0x08002f71   Thumb Code    16  rtx_thread.o(.text.osRtxThreadReadyPut)
    osRtxThreadRegPtr                        0x08002f85   Thumb Code    20  rtx_thread.o(.text.osRtxThreadRegPtr)
    osRtxThreadStartup                       0x08002f99   Thumb Code    48  rtx_thread.o(.text.osRtxThreadStartup)
    osRtxThreadSwitch                        0x08002fd1   Thumb Code    12  rtx_thread.o(.text.osRtxThreadSwitch)
    osRtxThreadWaitEnter                     0x08002fdd   Thumb Code    56  rtx_thread.o(.text.osRtxThreadWaitEnter)
    osRtxThreadWaitExit                      0x08003019   Thumb Code    48  rtx_thread.o(.text.osRtxThreadWaitExit)
    osRtxTick_Handler                        0x08003049   Thumb Code   116  rtx_system.o(.text.osRtxTick_Handler)
    osRtxTimerSetup                          0x080030c1   Thumb Code    24  rtx_timer.o(.text.osRtxTimerSetup)
    osRtxTimerThread                         0x080030e1   Thumb Code    32  rtx_timer.o(.text.osRtxTimerThread)
    osThreadExit                             0x08003171   Thumb Code     8  rtx_thread.o(.text.osThreadExit)
    osThreadFlagsSet                         0x0800317d   Thumb Code    84  rtx_thread.o(.text.osThreadFlagsSet)
    osThreadFlagsWait                        0x080031d5   Thumb Code    32  rtx_thread.o(.text.osThreadFlagsWait)
    osThreadNew                              0x080031f9   Thumb Code    32  rtx_thread.o(.text.osThreadNew)
    osThreadYield                            0x0800321d   Thumb Code    32  rtx_thread.o(.text.osThreadYield)
    osTimerNew                               0x08003241   Thumb Code    32  rtx_timer.o(.text.osTimerNew)
    osTimerStart                             0x08003265   Thumb Code    32  rtx_timer.o(.text.osTimerStart)
    symbolToLocalBuffer                      0x08003d15   Thumb Code    28  lcd.o(.text.symbolToLocalBuffer)
    _fp_init                                 0x08003dfb   Thumb Code    26  fpinit.o(x$fpl$fpinit)
    __fplib_config_fpu_vfp                   0x08003e13   Thumb Code     0  fpinit.o(x$fpl$fpinit)
    __fplib_config_pureend_doubles           0x08003e13   Thumb Code     0  fpinit.o(x$fpl$fpinit)
    osRtxConfig                              0x08003e14   Data         112  rtx_lib.o(.rodata)
    os_cb_sections                           0x08003e84   Data          56  rtx_lib.o(.rodata)
    AHBPrescTable                            0x08003ebc   Data          16  system_stm32f4xx.o(.rodata.AHBPrescTable)
    APBPrescTable                            0x08003ecc   Data           8  system_stm32f4xx.o(.rodata.APBPrescTable)
    Arial12x12                               0x08003ed4   Data        2400  lcd.o(.rodata.Arial12x12)
    Driver_SPI1                              0x08004834   Data          44  spi_stm32f4xx.o(.rodata.Driver_SPI1)
    osRtxUserSVC                             0x08004860   Data           4  rtx_lib.o(.rodata.osRtxUserSVC)
    Region$$Table$$Base                      0x080048d0   Number         0  anon$$obj.o(Region$$Table)
    Region$$Table$$Limit                     0x080048f0   Number         0  anon$$obj.o(Region$$Table)
    SystemCoreClock                          0x20000000   Data           4  system_stm32f4xx.o(.data.SystemCoreClock)
    osRtxInfo                                0x20000004   Data         164  rtx_kernel.o(.data.os)
    uwTickFreq                               0x200000a8   Data           1  stm32f4xx_hal.o(.data.uwTickFreq)
    uwTickPrio                               0x200000ac   Data           4  stm32f4xx_hal.o(.data.uwTickPrio)
    __libspace_start                         0x200000b0   Data          96  libspace.o(.bss)
    __temporary_stack_top$libspace           0x20000110   Data           0  libspace.o(.bss)
    mid_MsgQueue                             0x200003a4   Data           4  msgqueue.o(.bss.mid_MsgQueue)
    .bss.os.msgqueue.cb$$Base                0x200083ec   Number         0  rtx_lib.o(.bss.os.msgqueue.cb)
    .bss.os.msgqueue.cb$$Limit               0x20008420   Number         0  rtx_lib.o(.bss.os.msgqueue.cb)
    .bss.os.thread.cb$$Base                  0x20008470   Number         0  rtx_lib.o(.bss.os.thread.cb)
    .bss.os.thread.cb$$Limit                 0x200084f8   Number         0  rtx_lib.o(.bss.os.thread.cb)
    tid_ThEscribirCOla                       0x20008900   Data           4  thescribircola.o(.bss.tid_ThEscribirCOla)
    tid_ThJOYSTICK                           0x20008904   Data           4  thjoystick.o(.bss.tid_ThJOYSTICK)
    tid_Thread                               0x20008908   Data           4  thread.o(.bss.tid_Thread)
    tim_id1                                  0x2000890c   Data           4  timer.o(.bss.tim_id1)



==============================================================================

Memory Map of the image

  Image Entry point : 0x080001ad

  Load Region LR_IROM1 (Base: 0x08000000, Size: 0x000049a0, Max: 0x00200000, ABSOLUTE)

    Execution Region ER_IROM1 (Exec base: 0x08000000, Load base: 0x08000000, Size: 0x000048f0, Max: 0x00200000, ABSOLUTE)

    Exec Addr    Load Addr    Size         Type   Attr      Idx    E Section Name        Object

    0x08000000   0x08000000   0x000001ac   Data   RO         1117    RESET               startup_stm32f429xx.o
    0x080001ac   0x080001ac   0x00000008   Code   RO         1621  * !!!main             c_w.l(__main.o)
    0x080001b4   0x080001b4   0x00000034   Code   RO         1794    !!!scatter          c_w.l(__scatter.o)
    0x080001e8   0x080001e8   0x0000001a   Code   RO         1796    !!handler_copy      c_w.l(__scatter_copy.o)
    0x08000202   0x08000202   0x00000002   PAD
    0x08000204   0x08000204   0x0000001c   Code   RO         1798    !!handler_zi        c_w.l(__scatter_zi.o)
    0x08000220   0x08000220   0x00000002   Code   RO         1658    .ARM.Collect$$libinit$$00000000  c_w.l(libinit.o)
    0x08000222   0x08000222   0x00000004   Code   RO         1670    .ARM.Collect$$libinit$$00000001  c_w.l(libinit2.o)
    0x08000226   0x08000226   0x00000000   Code   RO         1673    .ARM.Collect$$libinit$$00000004  c_w.l(libinit2.o)
    0x08000226   0x08000226   0x00000000   Code   RO         1676    .ARM.Collect$$libinit$$0000000A  c_w.l(libinit2.o)
    0x08000226   0x08000226   0x00000000   Code   RO         1678    .ARM.Collect$$libinit$$0000000C  c_w.l(libinit2.o)
    0x08000226   0x08000226   0x00000000   Code   RO         1680    .ARM.Collect$$libinit$$0000000E  c_w.l(libinit2.o)
    0x08000226   0x08000226   0x00000000   Code   RO         1683    .ARM.Collect$$libinit$$00000011  c_w.l(libinit2.o)
    0x08000226   0x08000226   0x00000000   Code   RO         1685    .ARM.Collect$$libinit$$00000013  c_w.l(libinit2.o)
    0x08000226   0x08000226   0x00000000   Code   RO         1687    .ARM.Collect$$libinit$$00000015  c_w.l(libinit2.o)
    0x08000226   0x08000226   0x00000000   Code   RO         1689    .ARM.Collect$$libinit$$00000017  c_w.l(libinit2.o)
    0x08000226   0x08000226   0x00000000   Code   RO         1691    .ARM.Collect$$libinit$$00000019  c_w.l(libinit2.o)
    0x08000226   0x08000226   0x00000000   Code   RO         1693    .ARM.Collect$$libinit$$0000001B  c_w.l(libinit2.o)
    0x08000226   0x08000226   0x00000000   Code   RO         1695    .ARM.Collect$$libinit$$0000001D  c_w.l(libinit2.o)
    0x08000226   0x08000226   0x00000000   Code   RO         1697    .ARM.Collect$$libinit$$0000001F  c_w.l(libinit2.o)
    0x08000226   0x08000226   0x00000000   Code   RO         1699    .ARM.Collect$$libinit$$00000021  c_w.l(libinit2.o)
    0x08000226   0x08000226   0x00000000   Code   RO         1701    .ARM.Collect$$libinit$$00000023  c_w.l(libinit2.o)
    0x08000226   0x08000226   0x00000000   Code   RO         1703    .ARM.Collect$$libinit$$00000025  c_w.l(libinit2.o)
    0x08000226   0x08000226   0x00000000   Code   RO         1707    .ARM.Collect$$libinit$$0000002C  c_w.l(libinit2.o)
    0x08000226   0x08000226   0x00000000   Code   RO         1709    .ARM.Collect$$libinit$$0000002E  c_w.l(libinit2.o)
    0x08000226   0x08000226   0x00000000   Code   RO         1711    .ARM.Collect$$libinit$$00000030  c_w.l(libinit2.o)
    0x08000226   0x08000226   0x00000000   Code   RO         1713    .ARM.Collect$$libinit$$00000032  c_w.l(libinit2.o)
    0x08000226   0x08000226   0x00000002   Code   RO         1714    .ARM.Collect$$libinit$$00000033  c_w.l(libinit2.o)
    0x08000228   0x08000228   0x00000002   Code   RO         1749    .ARM.Collect$$libshutdown$$00000000  c_w.l(libshutdown.o)
    0x0800022a   0x0800022a   0x00000000   Code   RO         1777    .ARM.Collect$$libshutdown$$00000002  c_w.l(libshutdown2.o)
    0x0800022a   0x0800022a   0x00000000   Code   RO         1779    .ARM.Collect$$libshutdown$$00000004  c_w.l(libshutdown2.o)
    0x0800022a   0x0800022a   0x00000000   Code   RO         1782    .ARM.Collect$$libshutdown$$00000007  c_w.l(libshutdown2.o)
    0x0800022a   0x0800022a   0x00000000   Code   RO         1785    .ARM.Collect$$libshutdown$$0000000A  c_w.l(libshutdown2.o)
    0x0800022a   0x0800022a   0x00000000   Code   RO         1787    .ARM.Collect$$libshutdown$$0000000C  c_w.l(libshutdown2.o)
    0x0800022a   0x0800022a   0x00000000   Code   RO         1790    .ARM.Collect$$libshutdown$$0000000F  c_w.l(libshutdown2.o)
    0x0800022a   0x0800022a   0x00000002   Code   RO         1791    .ARM.Collect$$libshutdown$$00000010  c_w.l(libshutdown2.o)
    0x0800022c   0x0800022c   0x00000000   Code   RO         1623    .ARM.Collect$$rtentry$$00000000  c_w.l(__rtentry.o)
    0x0800022c   0x0800022c   0x00000000   Code   RO         1631    .ARM.Collect$$rtentry$$00000002  c_w.l(__rtentry2.o)
    0x0800022c   0x0800022c   0x00000006   Code   RO         1643    .ARM.Collect$$rtentry$$00000004  c_w.l(__rtentry4.o)
    0x08000232   0x08000232   0x00000008   Code   RO         1632    .ARM.Collect$$rtentry$$00000008  c_w.l(__rtentry2.o)
    0x0800023a   0x0800023a   0x00000004   Code   RO         1634    .ARM.Collect$$rtentry$$0000000A  c_w.l(__rtentry2.o)
    0x0800023e   0x0800023e   0x00000000   Code   RO         1636    .ARM.Collect$$rtentry$$0000000C  c_w.l(__rtentry2.o)
    0x0800023e   0x0800023e   0x00000008   Code   RO         1637    .ARM.Collect$$rtentry$$0000000D  c_w.l(__rtentry2.o)
    0x08000246   0x08000246   0x00000002   Code   RO         1662    .ARM.Collect$$rtexit$$00000000  c_w.l(rtexit.o)
    0x08000248   0x08000248   0x00000000   Code   RO         1720    .ARM.Collect$$rtexit$$00000002  c_w.l(rtexit2.o)
    0x08000248   0x08000248   0x00000004   Code   RO         1721    .ARM.Collect$$rtexit$$00000003  c_w.l(rtexit2.o)
    0x0800024c   0x0800024c   0x00000006   Code   RO         1722    .ARM.Collect$$rtexit$$00000004  c_w.l(rtexit2.o)
    0x08000252   0x08000252   0x00000002   PAD
    0x08000254   0x08000254   0x00000040   Code   RO         1118    .text               startup_stm32f429xx.o
    0x08000294   0x08000294   0x000000c8   Code   RO         1495    .text               RTX_CM4F.lib(irq_armv7m.o)
    0x0800035c   0x0800035c   0x000000f0   Code   RO         1611    .text               c_w.l(lludivv7m.o)
    0x0800044c   0x0800044c   0x0000008a   Code   RO         1613    .text               c_w.l(rt_memcpy_v6.o)
    0x080004d6   0x080004d6   0x00000044   Code   RO         1615    .text               c_w.l(rt_memclr.o)
    0x0800051a   0x0800051a   0x0000004e   Code   RO         1617    .text               c_w.l(rt_memclr_w.o)
    0x08000568   0x08000568   0x00000006   Code   RO         1619    .text               c_w.l(heapauxi.o)
    0x0800056e   0x0800056e   0x00000064   Code   RO         1628    .text               c_w.l(rt_memcpy_w.o)
    0x080005d2   0x080005d2   0x0000004a   Code   RO         1647    .text               c_w.l(sys_stackheap_outer.o)
    0x0800061c   0x0800061c   0x00000012   Code   RO         1649    .text               c_w.l(exit.o)
    0x0800062e   0x0800062e   0x00000002   PAD
    0x08000630   0x08000630   0x00000008   Code   RO         1659    .text               c_w.l(libspace.o)
    0x08000638   0x08000638   0x0000000c   Code   RO         1715    .text               c_w.l(sys_exit.o)
    0x08000644   0x08000644   0x00000002   Code   RO         1738    .text               c_w.l(use_no_semi.o)
    0x08000646   0x08000646   0x00000000   Code   RO         1740    .text               c_w.l(indicate_semi.o)
    0x08000646   0x08000646   0x00000002   PAD
    0x08000648   0x08000648   0x00000002   Code   RO           24    .text.BusFault_Handler  stm32f4xx_it.o
    0x0800064a   0x0800064a   0x00000002   PAD
    0x0800064c   0x0800064c   0x00000002   Code   RO           28    .text.DebugMon_Handler  stm32f4xx_it.o
    0x0800064e   0x0800064e   0x00000002   PAD
    0x08000650   0x08000650   0x00000012   Code   RO          251    .text.Disable_SPI_Clock  spi_stm32f4xx.o
    0x08000662   0x08000662   0x00000002   PAD
    0x08000664   0x08000664   0x0000002c   Code   RO           47    .text.EXTI15_10_IRQHandler  thjoystick.o
    0x08000690   0x08000690   0x00000024   Code   RO          241    .text.Enable_GPIO_Clock  spi_stm32f4xx.o
    0x080006b4   0x080006b4   0x00000024   Code   RO          253    .text.Enable_SPI_Clock  spi_stm32f4xx.o
    0x080006d8   0x080006d8   0x000000d2   Code   RO          147    .text.EscribirCola  thescribircola.o
    0x080007aa   0x080007aa   0x00000002   PAD
    0x080007ac   0x080007ac   0x00000106   Code   RO          482    .text.HAL_GPIO_DeInit  stm32f4xx_hal_gpio.o
    0x080008b2   0x080008b2   0x00000002   PAD
    0x080008b4   0x080008b4   0x0000003c   Code   RO           49    .text.HAL_GPIO_EXTI_Callback  thjoystick.o
    0x080008f0   0x080008f0   0x0000001a   Code   RO          492    .text.HAL_GPIO_EXTI_IRQHandler  stm32f4xx_hal_gpio.o
    0x0800090a   0x0800090a   0x00000002   PAD
    0x0800090c   0x0800090c   0x0000019a   Code   RO          480    .text.HAL_GPIO_Init  stm32f4xx_hal_gpio.o
    0x08000aa6   0x08000aa6   0x00000002   PAD
    0x08000aa8   0x08000aa8   0x0000000a   Code   RO          484    .text.HAL_GPIO_ReadPin  stm32f4xx_hal_gpio.o
    0x08000ab2   0x08000ab2   0x00000002   PAD
    0x08000ab4   0x08000ab4   0x0000000a   Code   RO          486    .text.HAL_GPIO_WritePin  stm32f4xx_hal_gpio.o
    0x08000abe   0x08000abe   0x00000002   PAD
    0x08000ac0   0x08000ac0   0x0000000e   Code   RO          313    .text.HAL_GetREVID  stm32f4xx_hal.o
    0x08000ace   0x08000ace   0x00000002   PAD
    0x08000ad0   0x08000ad0   0x00000050   Code   RO            2    .text.HAL_GetTick   main.o
    0x08000b20   0x08000b20   0x0000002e   Code   RO          285    .text.HAL_Init      stm32f4xx_hal.o
    0x08000b4e   0x08000b4e   0x00000002   PAD
    0x08000b50   0x08000b50   0x00000050   Code   RO          287    .text.HAL_InitTick  stm32f4xx_hal.o
    0x08000ba0   0x08000ba0   0x00000002   Code   RO          289    .text.HAL_MspInit   stm32f4xx_hal.o
    0x08000ba2   0x08000ba2   0x00000002   PAD
    0x08000ba4   0x08000ba4   0x00000008   Code   RO          370    .text.HAL_NVIC_DisableIRQ  stm32f4xx_hal_cortex.o
    0x08000bac   0x08000bac   0x00000008   Code   RO          366    .text.HAL_NVIC_EnableIRQ  stm32f4xx_hal_cortex.o
    0x08000bb4   0x08000bb4   0x0000001e   Code   RO          358    .text.HAL_NVIC_SetPriority  stm32f4xx_hal_cortex.o
    0x08000bd2   0x08000bd2   0x00000002   PAD
    0x08000bd4   0x08000bd4   0x00000008   Code   RO          354    .text.HAL_NVIC_SetPriorityGrouping  stm32f4xx_hal_cortex.o
    0x08000bdc   0x08000bdc   0x00000160   Code   RO          576    .text.HAL_RCC_ClockConfig  stm32f4xx_hal_rcc.o
    0x08000d3c   0x08000d3c   0x0000000c   Code   RO          586    .text.HAL_RCC_GetHCLKFreq  stm32f4xx_hal_rcc.o
    0x08000d48   0x08000d48   0x00000022   Code   RO          590    .text.HAL_RCC_GetPCLK2Freq  stm32f4xx_hal_rcc.o
    0x08000d6a   0x08000d6a   0x00000002   PAD
    0x08000d6c   0x08000d6c   0x0000006a   Code   RO          578    .text.HAL_RCC_GetSysClockFreq  stm32f4xx_hal_rcc.o
    0x08000dd6   0x08000dd6   0x00000002   PAD
    0x08000dd8   0x08000dd8   0x00000334   Code   RO          574    .text.HAL_RCC_OscConfig  stm32f4xx_hal_rcc.o
    0x0800110c   0x0800110c   0x00000008   Code   RO          378    .text.HAL_SYSTICK_Config  stm32f4xx_hal_cortex.o
    0x08001114   0x08001114   0x00000036   Code   RO          794    .text.HAL_TIM_Base_Init  stm32f4xx_hal_tim.o
    0x0800114a   0x0800114a   0x00000002   PAD
    0x0800114c   0x0800114c   0x00000002   Code   RO          796    .text.HAL_TIM_Base_MspInit  stm32f4xx_hal_tim.o
    0x0800114e   0x0800114e   0x00000002   PAD
    0x08001150   0x08001150   0x00000026   Code   RO          804    .text.HAL_TIM_Base_Start  stm32f4xx_hal_tim.o
    0x08001176   0x08001176   0x00000002   PAD
    0x08001178   0x08001178   0x00000030   Code   RO          806    .text.HAL_TIM_Base_Stop  stm32f4xx_hal_tim.o
    0x080011a8   0x080011a8   0x00000002   Code   RO           20    .text.HardFault_Handler  stm32f4xx_it.o
    0x080011aa   0x080011aa   0x00000002   PAD
    0x080011ac   0x080011ac   0x00000054   Code   RO           41    .text.InitDireccionAD  thjoystick.o
    0x08001200   0x08001200   0x00000054   Code   RO           43    .text.InitDireccionAbIC  thjoystick.o
    0x08001254   0x08001254   0x00000046   Code   RO           45    .text.InitLeds      thjoystick.o
    0x0800129a   0x0800129a   0x00000002   PAD
    0x0800129c   0x0800129c   0x0000002c   Code   RO          145    .text.Init_ThEscribirCola  thescribircola.o
    0x080012c8   0x080012c8   0x0000002c   Code   RO           37    .text.Init_ThJOYSTICK  thjoystick.o
    0x080012f4   0x080012f4   0x0000002c   Code   RO           80    .text.Init_Thread   thread.o
    0x08001320   0x08001320   0x0000002e   Code   RO           66    .text.Init_Timers   timer.o
    0x0800134e   0x0800134e   0x00000002   PAD
    0x08001350   0x08001350   0x0000014a   Code   RO           39    .text.JOYSTICK      thjoystick.o
    0x0800149a   0x0800149a   0x00000002   PAD
    0x0800149c   0x0800149c   0x0000004c   Code   RO          118    .text.LCD_Init      lcd.o
    0x080014e8   0x080014e8   0x00000088   Code   RO          108    .text.LCD_reset     lcd.o
    0x08001570   0x08001570   0x0000009a   Code   RO          122    .text.LCD_update    lcd.o
    0x0800160a   0x0800160a   0x00000002   PAD
    0x0800160c   0x0800160c   0x00000056   Code   RO          120    .text.LCD_wr_cmd    lcd.o
    0x08001662   0x08001662   0x00000002   PAD
    0x08001664   0x08001664   0x00000056   Code   RO          124    .text.LCD_wr_data   lcd.o
    0x080016ba   0x080016ba   0x00000002   PAD
    0x080016bc   0x080016bc   0x00000002   Code   RO           22    .text.MemManage_Handler  stm32f4xx_it.o
    0x080016be   0x080016be   0x00000040   Code   RO         1478    .text.MessageQueueGet  RTX_CM4F.lib(rtx_msgqueue.o)
    0x080016fe   0x080016fe   0x00000058   Code   RO         1472    .text.MessageQueuePut  RTX_CM4F.lib(rtx_msgqueue.o)
    0x08001756   0x08001756   0x0000001c   Code   RO         1470    .text.MessageQueueRemove  RTX_CM4F.lib(rtx_msgqueue.o)
    0x08001772   0x08001772   0x00000002   PAD
    0x08001774   0x08001774   0x00000002   Code   RO           18    .text.NMI_Handler   stm32f4xx_it.o
    0x08001776   0x08001776   0x00000002   PAD
    0x08001778   0x08001778   0x0000002c   Code   RO          364    .text.NVIC_EncodePriority  stm32f4xx_hal_cortex.o
    0x080017a4   0x080017a4   0x00000008   Code   RO         1589    .text.OS_Tick_AcknowledgeIRQ  RTX_CM4F.lib(os_systick.o)
    0x080017ac   0x080017ac   0x00000024   Code   RO         1585    .text.OS_Tick_Enable  RTX_CM4F.lib(os_systick.o)
    0x080017d0   0x080017d0   0x00000006   Code   RO         1591    .text.OS_Tick_GetIRQn  RTX_CM4F.lib(os_systick.o)
    0x080017d6   0x080017d6   0x00000002   PAD
    0x080017d8   0x080017d8   0x00000040   Code   RO         1583    .text.OS_Tick_Setup  RTX_CM4F.lib(os_systick.o)
    0x08001818   0x08001818   0x0000000c   Code   RO         1198    .text.OUTLINED_FUNCTION_0  RTX_CM4F.lib(rtx_kernel.o)
    0x08001824   0x08001824   0x00000006   Code   RO         1340    .text.OUTLINED_FUNCTION_0  RTX_CM4F.lib(rtx_thread.o)
    0x0800182a   0x0800182a   0x0000000c   Code   RO         1486    .text.OUTLINED_FUNCTION_0  RTX_CM4F.lib(rtx_msgqueue.o)
    0x08001836   0x08001836   0x00000006   Code   RO         1200    .text.OUTLINED_FUNCTION_1  RTX_CM4F.lib(rtx_kernel.o)
    0x0800183c   0x0800183c   0x00000008   Code   RO          231    .text.SPI1_Control  spi_stm32f4xx.o
    0x08001844   0x08001844   0x00000008   Code   RO          229    .text.SPI1_GetDataCount  spi_stm32f4xx.o
    0x0800184c   0x0800184c   0x00000008   Code   RO          233    .text.SPI1_GetStatus  spi_stm32f4xx.o
    0x08001854   0x08001854   0x00000008   Code   RO          209    .text.SPI1_IRQHandler  spi_stm32f4xx.o
    0x0800185c   0x0800185c   0x0000000a   Code   RO          217    .text.SPI1_Initialize  spi_stm32f4xx.o
    0x08001866   0x08001866   0x00000002   PAD
    0x08001868   0x08001868   0x00000008   Code   RO          221    .text.SPI1_PowerControl  spi_stm32f4xx.o
    0x08001870   0x08001870   0x00000008   Code   RO          225    .text.SPI1_Receive  spi_stm32f4xx.o
    0x08001878   0x08001878   0x00000008   Code   RO          223    .text.SPI1_Send     spi_stm32f4xx.o
    0x08001880   0x08001880   0x00000008   Code   RO          227    .text.SPI1_Transfer  spi_stm32f4xx.o
    0x08001888   0x08001888   0x0000000a   Code   RO          219    .text.SPI1_Uninitialize  spi_stm32f4xx.o
    0x08001892   0x08001892   0x00000002   PAD
    0x08001894   0x08001894   0x00000004   Code   RO          215    .text.SPIX_GetCapabilities  spi_stm32f4xx.o
    0x08001898   0x08001898   0x0000000a   Code   RO          213    .text.SPIX_GetVersion  spi_stm32f4xx.o
    0x080018a2   0x080018a2   0x00000002   PAD
    0x080018a4   0x080018a4   0x000002d8   Code   RO          247    .text.SPI_Control   spi_stm32f4xx.o
    0x08001b7c   0x08001b7c   0x0000000c   Code   RO          265    .text.SPI_GetDataCount  spi_stm32f4xx.o
    0x08001b88   0x08001b88   0x00000028   Code   RO          267    .text.SPI_GetStatus  spi_stm32f4xx.o
    0x08001bb0   0x08001bb0   0x000000f0   Code   RO          211    .text.SPI_IRQHandler  spi_stm32f4xx.o
    0x08001ca0   0x08001ca0   0x000000a0   Code   RO          239    .text.SPI_Initialize  spi_stm32f4xx.o
    0x08001d40   0x08001d40   0x00000022   Code   RO          249    .text.SPI_PeripheralReset  spi_stm32f4xx.o
    0x08001d62   0x08001d62   0x00000002   PAD
    0x08001d64   0x08001d64   0x000000c2   Code   RO          245    .text.SPI_PowerControl  spi_stm32f4xx.o
    0x08001e26   0x08001e26   0x00000002   PAD
    0x08001e28   0x08001e28   0x00000082   Code   RO          261    .text.SPI_Receive   spi_stm32f4xx.o
    0x08001eaa   0x08001eaa   0x00000002   PAD
    0x08001eac   0x08001eac   0x0000005a   Code   RO          235    .text.SPI_RxData    spi_stm32f4xx.o
    0x08001f06   0x08001f06   0x00000002   PAD
    0x08001f08   0x08001f08   0x00000082   Code   RO          259    .text.SPI_Send      spi_stm32f4xx.o
    0x08001f8a   0x08001f8a   0x00000002   PAD
    0x08001f8c   0x08001f8c   0x0000003a   Code   RO          263    .text.SPI_Transfer  spi_stm32f4xx.o
    0x08001fc6   0x08001fc6   0x00000002   PAD
    0x08001fc8   0x08001fc8   0x0000005c   Code   RO          237    .text.SPI_TxData    spi_stm32f4xx.o
    0x08002024   0x08002024   0x00000032   Code   RO          243    .text.SPI_Uninitialize  spi_stm32f4xx.o
    0x08002056   0x08002056   0x00000002   PAD
    0x08002058   0x08002058   0x0000002e   Code   RO          380    .text.SysTick_Config  stm32f4xx_hal_cortex.o
    0x08002086   0x08002086   0x00000002   PAD
    0x08002088   0x08002088   0x0000009e   Code   RO            6    .text.SystemClock_Config  main.o
    0x08002126   0x08002126   0x00000002   PAD
    0x08002128   0x08002128   0x0000007e   Code   RO         1127    .text.SystemCoreClockUpdate  system_stm32f4xx.o
    0x080021a6   0x080021a6   0x00000002   PAD
    0x080021a8   0x080021a8   0x0000001a   Code   RO         1125    .text.SystemInit    system_stm32f4xx.o
    0x080021c2   0x080021c2   0x00000002   PAD
    0x080021c4   0x080021c4   0x00000124   Code   RO          798    .text.TIM_Base_SetConfig  stm32f4xx_hal_tim.o
    0x080022e8   0x080022e8   0x00000022   Code   RO           82    .text.Thread        thread.o
    0x0800230a   0x0800230a   0x00000064   Code   RO         1292    .text.ThreadFlagsCheck  RTX_CM4F.lib(rtx_thread.o)
    0x0800236e   0x0800236e   0x00000002   PAD
    0x08002370   0x08002370   0x00000014   Code   RO           68    .text.Timer1_Callback  timer.o
    0x08002384   0x08002384   0x00000044   Code   RO         1376    .text.TimerInsert   RTX_CM4F.lib(rtx_timer.o)
    0x080023c8   0x080023c8   0x00000024   Code   RO         1384    .text.TimerRemove   RTX_CM4F.lib(rtx_timer.o)
    0x080023ec   0x080023ec   0x00000002   Code   RO           26    .text.UsageFault_Handler  stm32f4xx_it.o
    0x080023ee   0x080023ee   0x00000002   PAD
    0x080023f0   0x080023f0   0x0000000e   Code   RO          255    .text.__NVIC_ClearPendingIRQ  spi_stm32f4xx.o
    0x080023fe   0x080023fe   0x00000002   PAD
    0x08002400   0x08002400   0x00000028   Code   RO          372    .text.__NVIC_DisableIRQ  stm32f4xx_hal_cortex.o
    0x08002428   0x08002428   0x0000000e   Code   RO          257    .text.__NVIC_EnableIRQ  spi_stm32f4xx.o
    0x08002436   0x08002436   0x00000002   PAD
    0x08002438   0x08002438   0x00000020   Code   RO          368    .text.__NVIC_EnableIRQ  stm32f4xx_hal_cortex.o
    0x08002458   0x08002458   0x00000010   Code   RO          360    .text.__NVIC_GetPriorityGrouping  stm32f4xx_hal_cortex.o
    0x08002468   0x08002468   0x00000022   Code   RO          362    .text.__NVIC_SetPriority  stm32f4xx_hal_cortex.o
    0x0800248a   0x0800248a   0x00000002   PAD
    0x0800248c   0x0800248c   0x00000020   Code   RO          356    .text.__NVIC_SetPriorityGrouping  stm32f4xx_hal_cortex.o
    0x080024ac   0x080024ac   0x0000001a   Code   RO          170    .text._mutex_acquire  rtx_lib.o
    0x080024c6   0x080024c6   0x00000002   PAD
    0x080024c8   0x080024c8   0x0000000a   Code   RO          174    .text._mutex_free   rtx_lib.o
    0x080024d2   0x080024d2   0x00000002   PAD
    0x080024d4   0x080024d4   0x00000020   Code   RO          168    .text._mutex_initialize  rtx_lib.o
    0x080024f4   0x080024f4   0x00000016   Code   RO          172    .text._mutex_release  rtx_lib.o
    0x0800250a   0x0800250a   0x00000002   PAD
    0x0800250c   0x0800250c   0x00000008   Code   RO          162    .text._platform_post_stackheap_init  rtx_lib.o
    0x08002514   0x08002514   0x0000006c   Code   RO          116    .text.delay         lcd.o
    0x08002580   0x08002580   0x00000048   Code   RO          114    .text.initPINLCDA0  lcd.o
    0x080025c8   0x080025c8   0x00000044   Code   RO          110    .text.initPINLCDReset  lcd.o
    0x0800260c   0x0800260c   0x00000048   Code   RO          112    .text.initPINLCDcs  lcd.o
    0x08002654   0x08002654   0x0000002e   Code   RO            4    .text.main          main.o
    0x08002682   0x08002682   0x00000002   PAD
    0x08002684   0x08002684   0x0000002c   Code   RO         1150    .text.osKernelGetState  RTX_CM4F.lib(rtx_kernel.o)
    0x080026b0   0x080026b0   0x00000028   Code   RO         1166    .text.osKernelGetTickCount  RTX_CM4F.lib(rtx_kernel.o)
    0x080026d8   0x080026d8   0x0000002c   Code   RO         1144    .text.osKernelInitialize  RTX_CM4F.lib(rtx_kernel.o)
    0x08002704   0x08002704   0x00000024   Code   RO         1154    .text.osKernelStart  RTX_CM4F.lib(rtx_kernel.o)
    0x08002728   0x08002728   0x00000070   Code   RO         1446    .text.osMessageQueueGet  RTX_CM4F.lib(rtx_msgqueue.o)
    0x08002798   0x08002798   0x00000080   Code   RO         1444    .text.osMessageQueuePut  RTX_CM4F.lib(rtx_msgqueue.o)
    0x08002818   0x08002818   0x00000024   Code   RO         1408    .text.osMutexAcquire  RTX_CM4F.lib(rtx_mutex.o)
    0x0800283c   0x0800283c   0x00000024   Code   RO         1414    .text.osMutexDelete  RTX_CM4F.lib(rtx_mutex.o)
    0x08002860   0x08002860   0x00000024   Code   RO         1404    .text.osMutexNew    RTX_CM4F.lib(rtx_mutex.o)
    0x08002884   0x08002884   0x00000024   Code   RO         1410    .text.osMutexRelease  RTX_CM4F.lib(rtx_mutex.o)
    0x080028a8   0x080028a8   0x00000002   Code   RO          200    .text.osRtxErrorNotify  rtx_config.o
    0x080028aa   0x080028aa   0x00000002   PAD
    0x080028ac   0x080028ac   0x00000002   Code   RO          198    .text.osRtxIdleThread  rtx_config.o
    0x080028ae   0x080028ae   0x00000004   Code   RO         1142    .text.osRtxKernelErrorNotify  RTX_CM4F.lib(rtx_kernel.o)
    0x080028b2   0x080028b2   0x00000002   Code   RO         1140    .text.osRtxKernelPreInit  RTX_CM4F.lib(rtx_kernel.o)
    0x080028b4   0x080028b4   0x0000006c   Code   RO         1505    .text.osRtxMemoryAlloc  RTX_CM4F.lib(rtx_memory.o)
    0x08002920   0x08002920   0x00000042   Code   RO         1507    .text.osRtxMemoryFree  RTX_CM4F.lib(rtx_memory.o)
    0x08002962   0x08002962   0x00000036   Code   RO         1503    .text.osRtxMemoryInit  RTX_CM4F.lib(rtx_memory.o)
    0x08002998   0x08002998   0x0000003a   Code   RO         1519    .text.osRtxMemoryPoolAlloc  RTX_CM4F.lib(rtx_mempool.o)
    0x080029d2   0x080029d2   0x0000004a   Code   RO         1521    .text.osRtxMemoryPoolFree  RTX_CM4F.lib(rtx_mempool.o)
    0x08002a1c   0x08002a1c   0x00000038   Code   RO         1517    .text.osRtxMemoryPoolInit  RTX_CM4F.lib(rtx_mempool.o)
    0x08002a54   0x08002a54   0x000000aa   Code   RO         1468    .text.osRtxMessageQueuePostProcess  RTX_CM4F.lib(rtx_msgqueue.o)
    0x08002afe   0x08002afe   0x00000002   PAD
    0x08002b00   0x08002b00   0x00000024   Code   RO         1436    .text.osRtxMessageQueueTimerSetup  RTX_CM4F.lib(rtx_msgqueue.o)
    0x08002b24   0x08002b24   0x00000048   Code   RO         1400    .text.osRtxMutexOwnerRelease  RTX_CM4F.lib(rtx_mutex.o)
    0x08002b6c   0x08002b6c   0x00000042   Code   RO         1402    .text.osRtxMutexOwnerRestore  RTX_CM4F.lib(rtx_mutex.o)
    0x08002bae   0x08002bae   0x00000002   PAD
    0x08002bb0   0x08002bb0   0x00000088   Code   RO         1571    .text.osRtxPendSV_Handler  RTX_CM4F.lib(rtx_system.o)
    0x08002c38   0x08002c38   0x00000070   Code   RO         1573    .text.osRtxPostProcess  RTX_CM4F.lib(rtx_system.o)
    0x08002ca8   0x08002ca8   0x00000034   Code   RO         1232    .text.osRtxThreadBlock  RTX_CM4F.lib(rtx_thread.o)
    0x08002cdc   0x08002cdc   0x0000007c   Code   RO         1240    .text.osRtxThreadDelayInsert  RTX_CM4F.lib(rtx_thread.o)
    0x08002d58   0x08002d58   0x0000003c   Code   RO         1236    .text.osRtxThreadDelayRemove  RTX_CM4F.lib(rtx_thread.o)
    0x08002d94   0x08002d94   0x00000048   Code   RO         1222    .text.osRtxThreadDelayTick  RTX_CM4F.lib(rtx_thread.o)
    0x08002ddc   0x08002ddc   0x00000020   Code   RO         1324    .text.osRtxThreadDestroy  RTX_CM4F.lib(rtx_thread.o)
    0x08002dfc   0x08002dfc   0x00000050   Code   RO         1230    .text.osRtxThreadDispatch  RTX_CM4F.lib(rtx_thread.o)
    0x08002e4c   0x08002e4c   0x00000058   Code   RO         1316    .text.osRtxThreadFree  RTX_CM4F.lib(rtx_thread.o)
    0x08002ea4   0x08002ea4   0x0000001e   Code   RO         1322    .text.osRtxThreadJoinWakeup  RTX_CM4F.lib(rtx_thread.o)
    0x08002ec2   0x08002ec2   0x00000012   Code   RO         1214    .text.osRtxThreadListGet  RTX_CM4F.lib(rtx_thread.o)
    0x08002ed4   0x08002ed4   0x0000002c   Code   RO         1212    .text.osRtxThreadListPut  RTX_CM4F.lib(rtx_thread.o)
    0x08002f00   0x08002f00   0x00000014   Code   RO         1218    .text.osRtxThreadListRemove  RTX_CM4F.lib(rtx_thread.o)
    0x08002f14   0x08002f14   0x0000000c   Code   RO         1224    .text.osRtxThreadListRoot  RTX_CM4F.lib(rtx_thread.o)
    0x08002f20   0x08002f20   0x00000026   Code   RO         1216    .text.osRtxThreadListSort  RTX_CM4F.lib(rtx_thread.o)
    0x08002f46   0x08002f46   0x00000028   Code   RO         1290    .text.osRtxThreadPostProcess  RTX_CM4F.lib(rtx_thread.o)
    0x08002f6e   0x08002f6e   0x00000002   PAD
    0x08002f70   0x08002f70   0x00000014   Code   RO         1220    .text.osRtxThreadReadyPut  RTX_CM4F.lib(rtx_thread.o)
    0x08002f84   0x08002f84   0x00000014   Code   RO         1226    .text.osRtxThreadRegPtr  RTX_CM4F.lib(rtx_thread.o)
    0x08002f98   0x08002f98   0x00000038   Code   RO         1242    .text.osRtxThreadStartup  RTX_CM4F.lib(rtx_thread.o)
    0x08002fd0   0x08002fd0   0x0000000c   Code   RO         1228    .text.osRtxThreadSwitch  RTX_CM4F.lib(rtx_thread.o)
    0x08002fdc   0x08002fdc   0x0000003c   Code   RO         1238    .text.osRtxThreadWaitEnter  RTX_CM4F.lib(rtx_thread.o)
    0x08003018   0x08003018   0x00000030   Code   RO         1234    .text.osRtxThreadWaitExit  RTX_CM4F.lib(rtx_thread.o)
    0x08003048   0x08003048   0x00000078   Code   RO         1569    .text.osRtxTick_Handler  RTX_CM4F.lib(rtx_system.o)
    0x080030c0   0x080030c0   0x00000020   Code   RO         1358    .text.osRtxTimerSetup  RTX_CM4F.lib(rtx_timer.o)
    0x080030e0   0x080030e0   0x00000020   Code   RO         1362    .text.osRtxTimerThread  RTX_CM4F.lib(rtx_timer.o)
    0x08003100   0x08003100   0x00000070   Code   RO         1360    .text.osRtxTimerTick  RTX_CM4F.lib(rtx_timer.o)
    0x08003170   0x08003170   0x0000000c   Code   RO         1274    .text.osThreadExit  RTX_CM4F.lib(rtx_thread.o)
    0x0800317c   0x0800317c   0x00000058   Code   RO         1282    .text.osThreadFlagsSet  RTX_CM4F.lib(rtx_thread.o)
    0x080031d4   0x080031d4   0x00000024   Code   RO         1288    .text.osThreadFlagsWait  RTX_CM4F.lib(rtx_thread.o)
    0x080031f8   0x080031f8   0x00000024   Code   RO         1246    .text.osThreadNew   RTX_CM4F.lib(rtx_thread.o)
    0x0800321c   0x0800321c   0x00000024   Code   RO         1264    .text.osThreadYield  RTX_CM4F.lib(rtx_thread.o)
    0x08003240   0x08003240   0x00000024   Code   RO         1364    .text.osTimerNew    RTX_CM4F.lib(rtx_timer.o)
    0x08003264   0x08003264   0x00000024   Code   RO         1368    .text.osTimerStart  RTX_CM4F.lib(rtx_timer.o)
    0x08003288   0x08003288   0x0000001e   Code   RO          166    .text.os_kernel_is_active  rtx_lib.o
    0x080032a6   0x080032a6   0x00000002   PAD
    0x080032a8   0x080032a8   0x00000008   Code   RO         1152    .text.svcRtxKernelGetState  RTX_CM4F.lib(rtx_kernel.o)
    0x080032b0   0x080032b0   0x0000000c   Code   RO         1168    .text.svcRtxKernelGetTickCount  RTX_CM4F.lib(rtx_kernel.o)
    0x080032bc   0x080032bc   0x000000fc   Code   RO         1182    .text.svcRtxKernelInitialize  RTX_CM4F.lib(rtx_kernel.o)
    0x080033b8   0x080033b8   0x00000088   Code   RO         1184    .text.svcRtxKernelStart  RTX_CM4F.lib(rtx_kernel.o)
    0x08003440   0x08003440   0x000000d4   Code   RO         1480    .text.svcRtxMessageQueueGet  RTX_CM4F.lib(rtx_msgqueue.o)
    0x08003514   0x08003514   0x00000118   Code   RO         1438    .text.svcRtxMessageQueueNew  RTX_CM4F.lib(rtx_msgqueue.o)
    0x0800362c   0x0800362c   0x000000b0   Code   RO         1476    .text.svcRtxMessageQueuePut  RTX_CM4F.lib(rtx_msgqueue.o)
    0x080036dc   0x080036dc   0x00000090   Code   RO         1420    .text.svcRtxMutexAcquire  RTX_CM4F.lib(rtx_mutex.o)
    0x0800376c   0x0800376c   0x000000ac   Code   RO         1426    .text.svcRtxMutexDelete  RTX_CM4F.lib(rtx_mutex.o)
    0x08003818   0x08003818   0x00000068   Code   RO         1416    .text.svcRtxMutexNew  RTX_CM4F.lib(rtx_mutex.o)
    0x08003880   0x08003880   0x000000b4   Code   RO         1422    .text.svcRtxMutexRelease  RTX_CM4F.lib(rtx_mutex.o)
    0x08003934   0x08003934   0x0000004c   Code   RO         1320    .text.svcRtxThreadExit  RTX_CM4F.lib(rtx_thread.o)
    0x08003980   0x08003980   0x00000066   Code   RO         1332    .text.svcRtxThreadFlagsSet  RTX_CM4F.lib(rtx_thread.o)
    0x080039e6   0x080039e6   0x00000002   PAD
    0x080039e8   0x080039e8   0x0000004c   Code   RO         1338    .text.svcRtxThreadFlagsWait  RTX_CM4F.lib(rtx_thread.o)
    0x08003a34   0x08003a34   0x000001ec   Code   RO         1244    .text.svcRtxThreadNew  RTX_CM4F.lib(rtx_thread.o)
    0x08003c20   0x08003c20   0x00000038   Code   RO         1306    .text.svcRtxThreadYield  RTX_CM4F.lib(rtx_thread.o)
    0x08003c58   0x08003c58   0x00000074   Code   RO         1378    .text.svcRtxTimerNew  RTX_CM4F.lib(rtx_timer.o)
    0x08003ccc   0x08003ccc   0x00000048   Code   RO         1382    .text.svcRtxTimerStart  RTX_CM4F.lib(rtx_timer.o)
    0x08003d14   0x08003d14   0x0000001c   Code   RO          126    .text.symbolToLocalBuffer  lcd.o
    0x08003d30   0x08003d30   0x00000060   Code   RO          128    .text.symbolToLocalBuffer_L1  lcd.o
    0x08003d90   0x08003d90   0x0000006a   Code   RO          130    .text.symbolToLocalBuffer_L2  lcd.o
    0x08003dfa   0x08003dfa   0x0000001a   Code   RO         1732    x$fpl$fpinit        fz_wm.l(fpinit.o)
    0x08003e14   0x08003e14   0x000000a8   Data   RO          180    .rodata             rtx_lib.o
    0x08003ebc   0x08003ebc   0x00000010   Data   RO         1130    .rodata.AHBPrescTable  system_stm32f4xx.o
    0x08003ecc   0x08003ecc   0x00000008   Data   RO         1131    .rodata.APBPrescTable  system_stm32f4xx.o
    0x08003ed4   0x08003ed4   0x00000960   Data   RO          132    .rodata.Arial12x12  lcd.o
    0x08004834   0x08004834   0x0000002c   Data   RO          269    .rodata.Driver_SPI1  spi_stm32f4xx.o
    0x08004860   0x08004860   0x00000004   Data   RO          182    .rodata.osRtxUserSVC  rtx_lib.o
    0x08004864   0x08004864   0x00000024   Data   RO          177    .rodata.os_idle_thread_attr  rtx_lib.o
    0x08004888   0x08004888   0x00000018   Data   RO          179    .rodata.os_timer_mq_attr  rtx_lib.o
    0x080048a0   0x080048a0   0x00000024   Data   RO          178    .rodata.os_timer_thread_attr  rtx_lib.o
    0x080048c4   0x080048c4   0x0000000b   Data   RO         1202    .rodata.str1.4      RTX_CM4F.lib(rtx_kernel.o)
    0x080048cf   0x080048cf   0x00000001   PAD
    0x080048d0   0x080048d0   0x00000020   Data   RO         1793    Region$$Table       anon$$obj.o


    Execution Region RW_IRAM1 (Exec base: 0x20000000, Load base: 0x080048f0, Size: 0x00008f10, Max: 0x00030000, ABSOLUTE)

    Exec Addr    Load Addr    Size         Type   Attr      Idx    E Section Name        Object

    0x20000000   0x080048f0   0x00000004   Data   RW         1129    .data.SystemCoreClock  system_stm32f4xx.o
    0x20000004   0x080048f4   0x000000a4   Data   RW         1203    .data.os            RTX_CM4F.lib(rtx_kernel.o)
    0x200000a8   0x08004998   0x00000001   Data   RW          344    .data.uwTickFreq    stm32f4xx_hal.o
    0x200000a9   0x08004999   0x00000003   PAD
    0x200000ac   0x0800499c   0x00000004   Data   RW          343    .data.uwTickPrio    stm32f4xx_hal.o
    0x200000b0        -       0x00000060   Zero   RW         1660    .bss                c_w.l(libspace.o)
    0x20000110        -       0x00000004   Zero   RW            8    .bss.HAL_GetTick.ticks  main.o
    0x20000114        -       0x00000004   Zero   RW          271    .bss.SPI1_Info.0    spi_stm32f4xx.o
    0x20000118        -       0x00000001   Zero   RW          274    .bss.SPI1_Info.1.0  spi_stm32f4xx.o
    0x20000119   0x080049a0   0x00000003   PAD
    0x2000011c        -       0x00000001   Zero   RW          275    .bss.SPI1_Info.1.1  spi_stm32f4xx.o
    0x2000011d   0x080049a0   0x00000001   PAD
    0x2000011e        -       0x00000001   Zero   RW          276    .bss.SPI1_Info.1.2  spi_stm32f4xx.o
    0x2000011f   0x080049a0   0x00000001   PAD
    0x20000120        -       0x00000004   Zero   RW          272    .bss.SPI1_Info.2    spi_stm32f4xx.o
    0x20000124        -       0x00000004   Zero   RW          273    .bss.SPI1_Info.3    spi_stm32f4xx.o
    0x20000128        -       0x0000001c   Zero   RW          270    .bss.SPI1_TransferInfo  spi_stm32f4xx.o
    0x20000144        -       0x000001ff   Zero   RW          133    .bss.buffer         lcd.o
    0x20000343        -       0x00000001   Zero   RW           55    .bss.contadorAbajo  thjoystick.o
    0x20000344        -       0x00000001   Zero   RW           52    .bss.contadorArriba  thjoystick.o
    0x20000345        -       0x00000001   Zero   RW           57    .bss.contadorCentro  thjoystick.o
    0x20000346        -       0x00000001   Zero   RW           54    .bss.contadorDerecha  thjoystick.o
    0x20000347        -       0x00000001   Zero   RW           56    .bss.contadorIzquierda  thjoystick.o
    0x20000348        -       0x00000014   Zero   RW          151    .bss.direccion      thescribircola.o
    0x2000035c        -       0x00000004   Zero   RW           70    .bss.exec1          timer.o
    0x20000360        -       0x00000040   Zero   RW          136    .bss.htim7          lcd.o
    0x200003a0        -       0x00000001   Zero   RW           53    .bss.mensaje        thjoystick.o
    0x200003a1        -       0x00000001   Zero   RW          150    .bss.mensaje        thescribircola.o
    0x200003a2   0x080049a0   0x00000002   PAD
    0x200003a4        -       0x00000004   Zero   RW           98    .bss.mid_MsgQueue   msgqueue.o
    0x200003a8        -       0x00008040   Zero   RW          176    .bss.os             rtx_lib.o
    0x200083e8        -       0x00000001   Zero   RW         1601    .bss.os             RTX_CM4F.lib(os_systick.o)
    0x200083e9   0x080049a0   0x00000003   PAD
    0x200083ec        -       0x00000034   Zero   RW          187    .bss.os.msgqueue.cb  rtx_lib.o
    0x20008420        -       0x00000050   Zero   RW          188    .bss.os.msgqueue.mem  rtx_lib.o
    0x20008470        -       0x00000088   Zero   RW          184    .bss.os.thread.cb   rtx_lib.o
    0x200084f8        -       0x00000200   Zero   RW          185    .bss.os.thread.idle.stack  rtx_lib.o
    0x200086f8        -       0x00000200   Zero   RW          186    .bss.os.thread.timer.stack  rtx_lib.o
    0x200088f8        -       0x00000001   Zero   RW          189    .bss.os_kernel_is_active.os_kernel_active  rtx_lib.o
    0x200088f9   0x080049a0   0x00000001   PAD
    0x200088fa        -       0x00000002   Zero   RW          134    .bss.positionL1     lcd.o
    0x200088fc        -       0x00000002   Zero   RW          135    .bss.positionL2     lcd.o
    0x200088fe   0x080049a0   0x00000002   PAD
    0x20008900        -       0x00000004   Zero   RW          149    .bss.tid_ThEscribirCOla  thescribircola.o
    0x20008904        -       0x00000004   Zero   RW           51    .bss.tid_ThJOYSTICK  thjoystick.o
    0x20008908        -       0x00000004   Zero   RW           84    .bss.tid_Thread     thread.o
    0x2000890c        -       0x00000004   Zero   RW           71    .bss.tim_id1        timer.o
    0x20008910        -       0x00000200   Zero   RW         1116    HEAP                startup_stm32f429xx.o
    0x20008b10        -       0x00000400   Zero   RW         1115    STACK               startup_stm32f429xx.o


==============================================================================

Image component sizes


      Code (inc. data)   RO Data    RW Data    ZI Data      Debug   Object Name

      1088          0       2400          0        579       8627   lcd.o
       284          0          0          0          4       3370   main.o
         0          0          0          0          4       1424   msgqueue.o
         4          0          0          0          0        682   rtx_config.o
       128          0        268          0      34125       7326   rtx_lib.o
      2174         26         44          0         43      16408   spi_stm32f4xx.o
        64         26        428          0       1536        884   startup_stm32f429xx.o
       142          0          0          5          0       8004   stm32f4xx_hal.o
       306          0          0          0          0      11144   stm32f4xx_hal_cortex.o
       718          0          0          0          0       5422   stm32f4xx_hal_gpio.o
      1324          0          0          0          0       7586   stm32f4xx_hal_rcc.o
       434          0          0          0          0      38556   stm32f4xx_hal_tim.o
        12          0          0          0          0        753   stm32f4xx_it.o
       152          0         24          4          0       2787   system_stm32f4xx.o
       254          6          0          0         25       1118   thescribircola.o
       716          0          0          0         10       5682   thjoystick.o
        78          0          0          0          4        719   thread.o
        66          0          0          0          8       1280   timer.o

    ----------------------------------------------------------------------
      8044         58       3196         12      36348     121772   Object Totals
         0          0         32          0          0          0   (incl. Generated)
       100          0          0          3         10          0   (incl. Padding)

    ----------------------------------------------------------------------

      Code (inc. data)   RO Data    RW Data    ZI Data      Debug   Library Member Name

       200         12          0          0          0        634   irq_armv7m.o
       114         20          0          0          1       3200   os_systick.o
       596         48         11        164          0      16501   rtx_kernel.o
       228          0          0          0          0       2537   rtx_memory.o
       188          0          0          0          0      16008   rtx_mempool.o
      1306         20          0          0          0      18657   rtx_msgqueue.o
       882         28          0          0          0       9962   rtx_mutex.o
       368         18          0          0          0       5296   rtx_system.o
      2042         72          0          0          0      31847   rtx_thread.o
       540         24          0          0          0      10397   rtx_timer.o
         8          0          0          0          0         68   __main.o
         0          0          0          0          0          0   __rtentry.o
        20          0          0          0          0          0   __rtentry2.o
         6          0          0          0          0          0   __rtentry4.o
        52          8          0          0          0          0   __scatter.o
        26          0          0          0          0          0   __scatter_copy.o
        28          0          0          0          0          0   __scatter_zi.o
        18          0          0          0          0         80   exit.o
         6          0          0          0          0        152   heapauxi.o
         0          0          0          0          0          0   indicate_semi.o
         2          0          0          0          0          0   libinit.o
         6          0          0          0          0          0   libinit2.o
         2          0          0          0          0          0   libshutdown.o
         2          0          0          0          0          0   libshutdown2.o
         8          4          0          0         96         68   libspace.o
       240          0          0          0          0        100   lludivv7m.o
        68          0          0          0          0         68   rt_memclr.o
        78          0          0          0          0         80   rt_memclr_w.o
       138          0          0          0          0         68   rt_memcpy_v6.o
       100          0          0          0          0         80   rt_memcpy_w.o
         2          0          0          0          0          0   rtexit.o
        10          0          0          0          0          0   rtexit2.o
        12          4          0          0          0         68   sys_exit.o
        74          0          0          0          0         80   sys_stackheap_outer.o
         2          0          0          0          0         68   use_no_semi.o
        26          0          0          0          0        116   fpinit.o

    ----------------------------------------------------------------------
      7420        258         12        164        100     116135   Library Totals
        22          0          1          0          3          0   (incl. Padding)

    ----------------------------------------------------------------------

      Code (inc. data)   RO Data    RW Data    ZI Data      Debug   Library Name

      6464        242         11        164          1     115039   RTX_CM4F.lib
       908         16          0          0         96        980   c_w.l
        26          0          0          0          0        116   fz_wm.l

    ----------------------------------------------------------------------
      7420        258         12        164        100     116135   Library Totals

    ----------------------------------------------------------------------

==============================================================================


      Code (inc. data)   RO Data    RW Data    ZI Data      Debug   

     15464        316       3208        176      36448     237107   Grand Totals
     15464        316       3208        176      36448     237107   ELF Image Totals
     15464        316       3208        176          0          0   ROM Totals

==============================================================================

    Total RO  Size (Code + RO Data)                18672 (  18.23kB)
    Total RW  Size (RW Data + ZI Data)             36624 (  35.77kB)
    Total ROM Size (Code + RO Data + RW Data)      18848 (  18.41kB)

==============================================================================

