Component: ARM Compiler 6.16 Tool: armlink [5dfeaa00]

==============================================================================

Section Cross References

    stm32f4xx_it.o(.ARM.exidx.text.NMI_Handler) refers to stm32f4xx_it.o(.text.NMI_Handler) for [Anonymous Symbol]
    stm32f4xx_it.o(.ARM.exidx.text.HardFault_Handler) refers to stm32f4xx_it.o(.text.HardFault_Handler) for [Anonymous Symbol]
    stm32f4xx_it.o(.ARM.exidx.text.MemManage_Handler) refers to stm32f4xx_it.o(.text.MemManage_Handler) for [Anonymous Symbol]
    stm32f4xx_it.o(.ARM.exidx.text.BusFault_Handler) refers to stm32f4xx_it.o(.text.BusFault_Handler) for [Anonymous Symbol]
    stm32f4xx_it.o(.ARM.exidx.text.UsageFault_Handler) refers to stm32f4xx_it.o(.text.UsageFault_Handler) for [Anonymous Symbol]
    stm32f4xx_it.o(.ARM.exidx.text.DebugMon_Handler) refers to stm32f4xx_it.o(.text.DebugMon_Handler) for [Anonymous Symbol]
    main.o(.text.HAL_GetTick) refers to rtx_kernel.o(.text.osKernelGetState) for osKernelGetState
    main.o(.text.HAL_GetTick) refers to rtx_kernel.o(.text.osKernelGetTickCount) for osKernelGetTickCount
    main.o(.text.HAL_GetTick) refers to system_stm32f4xx.o(.data.SystemCoreClock) for SystemCoreClock
    main.o(.text.HAL_GetTick) refers to main.o(.bss.HAL_GetTick.ticks) for HAL_GetTick.ticks
    main.o(.ARM.exidx.text.HAL_GetTick) refers to main.o(.text.HAL_GetTick) for [Anonymous Symbol]
    main.o(.text.main) refers to stm32f4xx_hal.o(.text.HAL_Init) for HAL_Init
    main.o(.text.main) refers to main.o(.text.SystemClock_Config) for SystemClock_Config
    main.o(.text.main) refers to system_stm32f4xx.o(.text.SystemCoreClockUpdate) for SystemCoreClockUpdate
    main.o(.text.main) refers to rtx_kernel.o(.text.osKernelInitialize) for osKernelInitialize
    main.o(.text.main) refers to clock.o(.text.Init_ThClock) for Init_ThClock
    main.o(.text.main) refers to rtx_kernel.o(.text.osKernelStart) for osKernelStart
    main.o(.ARM.exidx.text.main) refers to main.o(.text.main) for [Anonymous Symbol]
    main.o(.text.SystemClock_Config) refers to stm32f4xx_hal_rcc.o(.text.HAL_RCC_OscConfig) for HAL_RCC_OscConfig
    main.o(.text.SystemClock_Config) refers to stm32f4xx_hal_rcc.o(.text.HAL_RCC_ClockConfig) for HAL_RCC_ClockConfig
    main.o(.text.SystemClock_Config) refers to stm32f4xx_hal.o(.text.HAL_GetREVID) for HAL_GetREVID
    main.o(.ARM.exidx.text.SystemClock_Config) refers to main.o(.text.SystemClock_Config) for [Anonymous Symbol]
    clock.o(.text) refers (Special) to _printf_d.o(.ARM.Collect$$_printf_percent$$00000009) for _printf_d
    clock.o(.text) refers (Special) to _printf_dec.o(.text) for _printf_int_dec
    clock.o(.text) refers (Special) to _printf_percent.o(.ARM.Collect$$_printf_percent$$00000000) for _printf_percent
    clock.o(.text) refers (Special) to _printf_pad.o(.text) for _printf_pre_padding
    clock.o(.text.Init_Th_Clock_Test) refers (Special) to _printf_d.o(.ARM.Collect$$_printf_percent$$00000009) for _printf_d
    clock.o(.text.Init_Th_Clock_Test) refers (Special) to _printf_dec.o(.text) for _printf_int_dec
    clock.o(.text.Init_Th_Clock_Test) refers (Special) to _printf_percent.o(.ARM.Collect$$_printf_percent$$00000000) for _printf_percent
    clock.o(.text.Init_Th_Clock_Test) refers (Special) to _printf_pad.o(.text) for _printf_pre_padding
    clock.o(.text.Init_Th_Clock_Test) refers to clock.o(.text.Th_Clock_Test) for Th_Clock_Test
    clock.o(.text.Init_Th_Clock_Test) refers to rtx_thread.o(.text.osThreadNew) for osThreadNew
    clock.o(.text.Init_Th_Clock_Test) refers to clock.o(.bss.tid_Th_Clock_Test) for tid_Th_Clock_Test
    clock.o(.ARM.exidx.text.Init_Th_Clock_Test) refers (Special) to _printf_d.o(.ARM.Collect$$_printf_percent$$00000009) for _printf_d
    clock.o(.ARM.exidx.text.Init_Th_Clock_Test) refers (Special) to _printf_dec.o(.text) for _printf_int_dec
    clock.o(.ARM.exidx.text.Init_Th_Clock_Test) refers (Special) to _printf_percent.o(.ARM.Collect$$_printf_percent$$00000000) for _printf_percent
    clock.o(.ARM.exidx.text.Init_Th_Clock_Test) refers (Special) to _printf_pad.o(.text) for _printf_pre_padding
    clock.o(.ARM.exidx.text.Init_Th_Clock_Test) refers to clock.o(.text.Init_Th_Clock_Test) for [Anonymous Symbol]
    clock.o(.text.Th_Clock_Test) refers (Special) to _printf_d.o(.ARM.Collect$$_printf_percent$$00000009) for _printf_d
    clock.o(.text.Th_Clock_Test) refers (Special) to _printf_dec.o(.text) for _printf_int_dec
    clock.o(.text.Th_Clock_Test) refers (Special) to _printf_percent.o(.ARM.Collect$$_printf_percent$$00000000) for _printf_percent
    clock.o(.text.Th_Clock_Test) refers (Special) to _printf_pad.o(.text) for _printf_pre_padding
    clock.o(.text.Th_Clock_Test) refers to lcd.o(.text.LCD_reset) for LCD_reset
    clock.o(.text.Th_Clock_Test) refers to lcd.o(.text.LCD_Init) for LCD_Init
    clock.o(.text.Th_Clock_Test) refers to clock.o(.bss.horaDisplay) for horaDisplay
    clock.o(.text.Th_Clock_Test) refers to clock.o(.bss.horas) for horas
[...]
    __arm_cp.14_0                            0x08003268   Number         4  rtx_kernel.o(.text.svcRtxKernelGetTickCount)
    svcRtxKernelInitialize                   0x0800326d   Thumb Code   244  rtx_kernel.o(.text.svcRtxKernelInitialize)
    [Anonymous Symbol]                       0x0800326c   Section        0  rtx_kernel.o(.text.svcRtxKernelInitialize)
    __arm_cp.21_0                            0x08003360   Number         4  rtx_kernel.o(.text.svcRtxKernelInitialize)
    __arm_cp.21_2                            0x08003364   Number         4  rtx_kernel.o(.text.svcRtxKernelInitialize)
    svcRtxKernelStart                        0x08003369   Thumb Code   120  rtx_kernel.o(.text.svcRtxKernelStart)
    [Anonymous Symbol]                       0x08003368   Section        0  rtx_kernel.o(.text.svcRtxKernelStart)
    __arm_cp.22_0                            0x080033e0   Number         4  rtx_kernel.o(.text.svcRtxKernelStart)
    __arm_cp.22_1                            0x080033e4   Number         4  rtx_kernel.o(.text.svcRtxKernelStart)
    __arm_cp.22_2                            0x080033e8   Number         4  rtx_kernel.o(.text.svcRtxKernelStart)
    __arm_cp.22_3                            0x080033ec   Number         4  rtx_kernel.o(.text.svcRtxKernelStart)
    svcRtxMessageQueueGet                    0x080033f1   Thumb Code   212  rtx_msgqueue.o(.text.svcRtxMessageQueueGet)
    [Anonymous Symbol]                       0x080033f0   Section        0  rtx_msgqueue.o(.text.svcRtxMessageQueueGet)
    svcRtxMessageQueueNew                    0x080034c5   Thumb Code   272  rtx_msgqueue.o(.text.svcRtxMessageQueueNew)
    [Anonymous Symbol]                       0x080034c4   Section        0  rtx_msgqueue.o(.text.svcRtxMessageQueueNew)
    __arm_cp.1_0                             0x080035d4   Number         4  rtx_msgqueue.o(.text.svcRtxMessageQueueNew)
    __arm_cp.1_1                             0x080035d8   Number         4  rtx_msgqueue.o(.text.svcRtxMessageQueueNew)
    svcRtxMessageQueuePut                    0x080035dd   Thumb Code   176  rtx_msgqueue.o(.text.svcRtxMessageQueuePut)
    [Anonymous Symbol]                       0x080035dc   Section        0  rtx_msgqueue.o(.text.svcRtxMessageQueuePut)
    svcRtxMutexAcquire                       0x0800368d   Thumb Code   140  rtx_mutex.o(.text.svcRtxMutexAcquire)
    [Anonymous Symbol]                       0x0800368c   Section        0  rtx_mutex.o(.text.svcRtxMutexAcquire)
    __arm_cp.10_0                            0x08003718   Number         4  rtx_mutex.o(.text.svcRtxMutexAcquire)
    svcRtxMutexDelete                        0x0800371d   Thumb Code   172  rtx_mutex.o(.text.svcRtxMutexDelete)
    [Anonymous Symbol]                       0x0800371c   Section        0  rtx_mutex.o(.text.svcRtxMutexDelete)
    svcRtxMutexNew                           0x080037c9   Thumb Code   100  rtx_mutex.o(.text.svcRtxMutexNew)
    [Anonymous Symbol]                       0x080037c8   Section        0  rtx_mutex.o(.text.svcRtxMutexNew)
    __arm_cp.8_0                             0x0800382c   Number         4  rtx_mutex.o(.text.svcRtxMutexNew)
    svcRtxMutexRelease                       0x08003831   Thumb Code   176  rtx_mutex.o(.text.svcRtxMutexRelease)
    [Anonymous Symbol]                       0x08003830   Section        0  rtx_mutex.o(.text.svcRtxMutexRelease)
    __arm_cp.11_0                            0x080038e0   Number         4  rtx_mutex.o(.text.svcRtxMutexRelease)
    svcRtxThreadExit                         0x080038e5   Thumb Code    72  rtx_thread.o(.text.svcRtxThreadExit)
    [Anonymous Symbol]                       0x080038e4   Section        0  rtx_thread.o(.text.svcRtxThreadExit)
    __arm_cp.54_0                            0x0800392c   Number         4  rtx_thread.o(.text.svcRtxThreadExit)
    svcRtxThreadFlagsSet                     0x08003931   Thumb Code   102  rtx_thread.o(.text.svcRtxThreadFlagsSet)
    [Anonymous Symbol]                       0x08003930   Section        0  rtx_thread.o(.text.svcRtxThreadFlagsSet)
    svcRtxThreadFlagsWait                    0x08003999   Thumb Code    72  rtx_thread.o(.text.svcRtxThreadFlagsWait)
    [Anonymous Symbol]                       0x08003998   Section        0  rtx_thread.o(.text.svcRtxThreadFlagsWait)
    __arm_cp.63_0                            0x080039e0   Number         4  rtx_thread.o(.text.svcRtxThreadFlagsWait)
    svcRtxThreadNew                          0x080039e5   Thumb Code   472  rtx_thread.o(.text.svcRtxThreadNew)
    [Anonymous Symbol]                       0x080039e4   Section        0  rtx_thread.o(.text.svcRtxThreadNew)
    __arm_cp.16_0                            0x08003bbc   Number         4  rtx_thread.o(.text.svcRtxThreadNew)
    __arm_cp.16_1                            0x08003bc0   Number         4  rtx_thread.o(.text.svcRtxThreadNew)
    __arm_cp.16_2                            0x08003bc4   Number         4  rtx_thread.o(.text.svcRtxThreadNew)
    __arm_cp.16_3                            0x08003bc8   Number         4  rtx_thread.o(.text.svcRtxThreadNew)
    __arm_cp.16_4                            0x08003bcc   Number         4  rtx_thread.o(.text.svcRtxThreadNew)
    svcRtxTimerNew                           0x08003bd1   Thumb Code   116  rtx_timer.o(.text.svcRtxTimerNew)
    [Anonymous Symbol]                       0x08003bd0   Section        0  rtx_timer.o(.text.svcRtxTimerNew)
    svcRtxTimerStart                         0x08003c45   Thumb Code    68  rtx_timer.o(.text.svcRtxTimerStart)
    [Anonymous Symbol]                       0x08003c44   Section        0  rtx_timer.o(.text.svcRtxTimerStart)
    __arm_cp.12_0                            0x08003c88   Number         4  rtx_timer.o(.text.svcRtxTimerStart)
    [Anonymous Symbol]                       0x08003c8c   Section        0  lcd.o(.text.symbolToLocalBuffer)
    symbolToLocalBuffer_L1                   0x08003ca9   Thumb Code    96  lcd.o(.text.symbolToLocalBuffer_L1)
    [Anonymous Symbol]                       0x08003ca8   Section        0  lcd.o(.text.symbolToLocalBuffer_L1)
    symbolToLocalBuffer_L2                   0x08003d09   Thumb Code   106  lcd.o(.text.symbolToLocalBuffer_L2)
    [Anonymous Symbol]                       0x08003d08   Section        0  lcd.o(.text.symbolToLocalBuffer_L2)
    i._is_digit                              0x08003d72   Section        0  __printf_wp.o(i._is_digit)
    maptable                                 0x08003d80   Data          17  __printf_flags_wp.o(.constdata)
    .constdata                               0x08003d80   Section       17  __printf_flags_wp.o(.constdata)
    __tagsym$$used.4                         0x08003d94   Number         0  rtx_lib.o(.rodata)
    __tagsym$$used.5                         0x08003e04   Number         0  rtx_lib.o(.rodata)
    os_idle_thread_attr                      0x080047e4   Data          36  rtx_lib.o(.rodata.os_idle_thread_attr)
    [Anonymous Symbol]                       0x080047e4   Section        0  rtx_lib.o(.rodata.os_idle_thread_attr)
    os_timer_mq_attr                         0x08004808   Data          24  rtx_lib.o(.rodata.os_timer_mq_attr)
    [Anonymous Symbol]                       0x08004808   Section        0  rtx_lib.o(.rodata.os_timer_mq_attr)
    os_timer_thread_attr                     0x08004820   Data          36  rtx_lib.o(.rodata.os_timer_thread_attr)
    [Anonymous Symbol]                       0x08004820   Section        0  rtx_lib.o(.rodata.os_timer_thread_attr)
    [Anonymous Symbol]                       0x08004844   Section        0  rtx_kernel.o(.rodata.str1.4)
    .bss                                     0x200000b0   Section       96  libspace.o(.bss)
    HAL_GetTick.ticks                        0x20000110   Data           4  main.o(.bss.HAL_GetTick.ticks)
    [Anonymous Symbol]                       0x20000110   Section        0  main.o(.bss.HAL_GetTick.ticks)
    SPI1_Info.0                              0x20000114   Data           4  spi_stm32f4xx.o(.bss.SPI1_Info.0)
    [Anonymous Symbol]                       0x20000114   Section        0  spi_stm32f4xx.o(.bss.SPI1_Info.0)
    SPI1_Info.1.0                            0x20000118   Data           1  spi_stm32f4xx.o(.bss.SPI1_Info.1.0)
    [Anonymous Symbol]                       0x20000118   Section        0  spi_stm32f4xx.o(.bss.SPI1_Info.1.0)
    SPI1_Info.1.1                            0x2000011c   Data           1  spi_stm32f4xx.o(.bss.SPI1_Info.1.1)
    [Anonymous Symbol]                       0x2000011c   Section        0  spi_stm32f4xx.o(.bss.SPI1_Info.1.1)
    SPI1_Info.1.2                            0x2000011e   Data           1  spi_stm32f4xx.o(.bss.SPI1_Info.1.2)
    [Anonymous Symbol]                       0x2000011e   Section        0  spi_stm32f4xx.o(.bss.SPI1_Info.1.2)
    SPI1_Info.2                              0x20000120   Data           4  spi_stm32f4xx.o(.bss.SPI1_Info.2)
    [Anonymous Symbol]                       0x20000120   Section        0  spi_stm32f4xx.o(.bss.SPI1_Info.2)
    SPI1_Info.3                              0x20000124   Data           4  spi_stm32f4xx.o(.bss.SPI1_Info.3)
    [Anonymous Symbol]                       0x20000124   Section        0  spi_stm32f4xx.o(.bss.SPI1_Info.3)
    SPI1_TransferInfo                        0x20000128   Data          28  spi_stm32f4xx.o(.bss.SPI1_TransferInfo)
    [Anonymous Symbol]                       0x20000128   Section        0  spi_stm32f4xx.o(.bss.SPI1_TransferInfo)
    buffer                                   0x20000144   Data         511  lcd.o(.bss.buffer)
    [Anonymous Symbol]                       0x20000144   Section        0  lcd.o(.bss.buffer)
    horaDisplay                              0x20000343   Data          20  clock.o(.bss.horaDisplay)
    [Anonymous Symbol]                       0x20000343   Section        0  clock.o(.bss.horaDisplay)
    htim7                                    0x20000358   Data          64  lcd.o(.bss.htim7)
    [Anonymous Symbol]                       0x20000358   Section        0  lcd.o(.bss.htim7)
    os_isr_queue                             0x200003a0   Data          64  rtx_lib.o(.bss.os)
    [Anonymous Symbol]                       0x200003a0   Section        0  rtx_lib.o(.bss.os)
    os_mem                                   0x200003e0   Data       32768  rtx_lib.o(.bss.os)
    PendST                                   0x200083e0   Data           1  os_systick.o(.bss.os)
    [Anonymous Symbol]                       0x200083e0   Section        0  os_systick.o(.bss.os)
    os_timer_mq_cb                           0x200083e4   Data          52  rtx_lib.o(.bss.os.msgqueue.cb)
    [Anonymous Symbol]                       0x200083e4   Section        0  rtx_lib.o(.bss.os.msgqueue.cb)
    os_timer_mq_data                         0x20008418   Data          80  rtx_lib.o(.bss.os.msgqueue.mem)
    [Anonymous Symbol]                       0x20008418   Section        0  rtx_lib.o(.bss.os.msgqueue.mem)
    os_idle_thread_cb                        0x20008468   Data          68  rtx_lib.o(.bss.os.thread.cb)
    [Anonymous Symbol]                       0x20008468   Section        0  rtx_lib.o(.bss.os.thread.cb)
    os_timer_thread_cb                       0x200084ac   Data          68  rtx_lib.o(.bss.os.thread.cb)
    os_idle_thread_stack                     0x200084f0   Data         512  rtx_lib.o(.bss.os.thread.idle.stack)
    [Anonymous Symbol]                       0x200084f0   Section        0  rtx_lib.o(.bss.os.thread.idle.stack)
    os_timer_thread_stack                    0x200086f0   Data         512  rtx_lib.o(.bss.os.thread.timer.stack)
    [Anonymous Symbol]                       0x200086f0   Section        0  rtx_lib.o(.bss.os.thread.timer.stack)
    os_kernel_is_active.os_kernel_active     0x200088f0   Data           1  rtx_lib.o(.bss.os_kernel_is_active.os_kernel_active)
    [Anonymous Symbol]                       0x200088f0   Section        0  rtx_lib.o(.bss.os_kernel_is_active.os_kernel_active)
    positionL1                               0x200088f2   Data           2  lcd.o(.bss.positionL1)
    [Anonymous Symbol]                       0x200088f2   Section        0  lcd.o(.bss.positionL1)
    positionL2                               0x200088f4   Data           2  lcd.o(.bss.positionL2)
    [Anonymous Symbol]                       0x200088f4   Section        0  lcd.o(.bss.positionL2)
    tim_id2                                  0x20008900   Data           4  clock.o(.bss.tim_id2)
    [Anonymous Symbol]                       0x20008900   Section        0  clock.o(.bss.tim_id2)
    Heap_Mem                                 0x20008908   Data         512  startup_stm32f429xx.o(HEAP)
    HEAP                                     0x20008908   Section      512  startup_stm32f429xx.o(HEAP)
    Stack_Mem                                0x20008b08   Data        1024  startup_stm32f429xx.o(STACK)
    STACK                                    0x20008b08   Section     1024  startup_stm32f429xx.o(STACK)
    __initial_sp                             0x20008f08   Data           0  startup_stm32f429xx.o(STACK)
    FPCCR                                    0xe000ef34   Number         0  irq_armv7m.o ABSOLUTE

    Global Symbols

    Symbol Name                              Value     Ov Type        Size  Object(Section)

    BuildAttributes$$THM_ISAv4$E$P$D$K$B$S$7EM$PE$A:L22UL41UL21$X:L11$S22US41US21$IEEE1$IW$~IW$USESV6$~STKCKD$USESV7$~SHL$OTIME$ROPI$EBA8$UX$STANDARDLIB$REQ8$PRES8$EABIv2 0x00000000   Number         0  anon$$obj.o ABSOLUTE
    __fp_init_empty                          0x00000000   Number         0  fpinit_empty.o ABSOLUTE
    _printf_flags                            0x00000000   Number         0  printf_stubs.o ABSOLUTE
    _printf_return_value                     0x00000000   Number         0  printf_stubs.o ABSOLUTE
    _printf_sizespec                         0x00000000   Number         0  printf_stubs.o ABSOLUTE
    _printf_widthprec                        0x00000000   Number         0  printf_stubs.o ABSOLUTE
    .bss.os.evflags.cb$$Base                  - Undefined Weak Reference
    .bss.os.evflags.cb$$Limit                 - Undefined Weak Reference
    .bss.os.mempool.cb$$Base                  - Undefined Weak Reference
    .bss.os.mempool.cb$$Limit                 - Undefined Weak Reference
    .bss.os.mutex.cb$$Base                    - Undefined Weak Reference
    .bss.os.mutex.cb$$Limit                   - Undefined Weak Reference
    .bss.os.semaphore.cb$$Base                - Undefined Weak Reference
    .bss.os.semaphore.cb$$Limit               - Undefined Weak Reference
    .bss.os.timer.cb$$Base                    - Undefined Weak Reference
    .bss.os.timer.cb$$Limit                   - Undefined Weak Reference
    __ARM_exceptions_init                     - Undefined Weak Reference
    __alloca_initialize                       - Undefined Weak Reference
    __arm_preinit_                            - Undefined Weak Reference
    __cpp_initialize__aeabi_                  - Undefined Weak Reference
    __cxa_finalize                            - Undefined Weak Reference
    __rt_locale                               - Undefined Weak Reference
    __sigvec_lookup                           - Undefined Weak Reference
    _atexit_init                              - Undefined Weak Reference
    _call_atexit_fns                          - Undefined Weak Reference
    _clock_init                               - Undefined Weak Reference
    _fp_trap_init                             - Undefined Weak Reference
    _fp_trap_shutdown                         - Undefined Weak Reference
    _get_lc_collate                           - Undefined Weak Reference
    _get_lc_ctype                             - Undefined Weak Reference
    _get_lc_monetary                          - Undefined Weak Reference
    _get_lc_numeric                           - Undefined Weak Reference
    _get_lc_time                              - Undefined Weak Reference
    _getenv_init                              - Undefined Weak Reference
    _handle_redirection                       - Undefined Weak Reference
    _init_alloc                               - Undefined Weak Reference
    _init_user_alloc                          - Undefined Weak Reference
    _initio                                   - Undefined Weak Reference
    _printf_truncate_signed                   - Undefined Weak Reference
    _printf_truncate_unsigned                 - Undefined Weak Reference
    _rand_init                                - Undefined Weak Reference
    _signal_finish                            - Undefined Weak Reference
    _signal_init                              - Undefined Weak Reference
    _terminate_alloc                          - Undefined Weak Reference
    _terminate_user_alloc                     - Undefined Weak Reference
    _terminateio                              - Undefined Weak Reference
    __Vectors_Size                           0x000001ac   Number         0  startup_stm32f429xx.o ABSOLUTE
    __Vectors                                0x08000000   Data           4  startup_stm32f429xx.o(RESET)
    __Vectors_End                            0x080001ac   Data           0  startup_stm32f429xx.o(RESET)
    __main                                   0x080001ad   Thumb Code     8  __main.o(!!!main)
    __scatterload                            0x080001b5   Thumb Code     0  __scatter.o(!!!scatter)
    __scatterload_rt2                        0x080001b5   Thumb Code    44  __scatter.o(!!!scatter)
    __scatterload_rt2_thumb_only             0x080001b5   Thumb Code     0  __scatter.o(!!!scatter)
    __scatterload_null                       0x080001c3   Thumb Code     0  __scatter.o(!!!scatter)
    __scatterload_copy                       0x080001e9   Thumb Code    26  __scatter_copy.o(!!handler_copy)
    __scatterload_zeroinit                   0x08000205   Thumb Code    28  __scatter_zi.o(!!handler_zi)
    _printf_d                                0x08000221   Thumb Code     0  _printf_d.o(.ARM.Collect$$_printf_percent$$00000009)
    _printf_percent                          0x08000221   Thumb Code     0  _printf_percent.o(.ARM.Collect$$_printf_percent$$00000000)
    _printf_percent_end                      0x08000227   Thumb Code     0  _printf_percent_end.o(.ARM.Collect$$_printf_percent$$00000017)
    __rt_lib_init                            0x0800022b   Thumb Code     0  libinit.o(.ARM.Collect$$libinit$$00000000)
    __rt_lib_init_alloca_1                   0x0800022d   Thumb Code     0  libinit2.o(.ARM.Collect$$libinit$$0000002E)
    __rt_lib_init_argv_1                     0x0800022d   Thumb Code     0  libinit2.o(.ARM.Collect$$libinit$$0000002C)
    __rt_lib_init_atexit_1                   0x0800022d   Thumb Code     0  libinit2.o(.ARM.Collect$$libinit$$0000001B)
    __rt_lib_init_clock_1                    0x0800022d   Thumb Code     0  libinit2.o(.ARM.Collect$$libinit$$00000021)
    __rt_lib_init_cpp_1                      0x0800022d   Thumb Code     0  libinit2.o(.ARM.Collect$$libinit$$00000032)
    __rt_lib_init_exceptions_1               0x0800022d   Thumb Code     0  libinit2.o(.ARM.Collect$$libinit$$00000030)
    __rt_lib_init_fp_1                       0x0800022d   Thumb Code     0  libinit2.o(.ARM.Collect$$libinit$$00000002)
    __rt_lib_init_fp_trap_1                  0x0800022d   Thumb Code     0  libinit2.o(.ARM.Collect$$libinit$$0000001F)
    __rt_lib_init_getenv_1                   0x0800022d   Thumb Code     0  libinit2.o(.ARM.Collect$$libinit$$00000023)
    __rt_lib_init_heap_1                     0x0800022d   Thumb Code     0  libinit2.o(.ARM.Collect$$libinit$$0000000A)
    __rt_lib_init_lc_collate_1               0x0800022d   Thumb Code     0  libinit2.o(.ARM.Collect$$libinit$$00000011)
    __rt_lib_init_lc_ctype_1                 0x0800022d   Thumb Code     0  libinit2.o(.ARM.Collect$$libinit$$00000013)
    __rt_lib_init_lc_monetary_1              0x0800022d   Thumb Code     0  libinit2.o(.ARM.Collect$$libinit$$00000015)
    __rt_lib_init_lc_numeric_1               0x0800022d   Thumb Code     0  libinit2.o(.ARM.Collect$$libinit$$00000017)
    __rt_lib_init_lc_time_1                  0x0800022d   Thumb Code     0  libinit2.o(.ARM.Collect$$libinit$$00000019)
    __rt_lib_init_preinit_1                  0x0800022d   Thumb Code     0  libinit2.o(.ARM.Collect$$libinit$$00000004)
    __rt_lib_init_rand_1                     0x0800022d   Thumb Code     0  libinit2.o(.ARM.Collect$$libinit$$0000000E)
    __rt_lib_init_return                     0x0800022d   Thumb Code     0  libinit2.o(.ARM.Collect$$libinit$$00000033)
    __rt_lib_init_signal_1                   0x0800022d   Thumb Code     0  libinit2.o(.ARM.Collect$$libinit$$0000001D)
    __rt_lib_init_stdio_1                    0x0800022d   Thumb Code     0  libinit2.o(.ARM.Collect$$libinit$$00000025)
    __rt_lib_init_user_alloc_1               0x0800022d   Thumb Code     0  libinit2.o(.ARM.Collect$$libinit$$0000000C)
    __rt_lib_shutdown                        0x0800022f   Thumb Code     0  libshutdown.o(.ARM.Collect$$libshutdown$$00000000)
    __rt_lib_shutdown_cpp_1                  0x08000231   Thumb Code     0  libshutdown2.o(.ARM.Collect$$libshutdown$$00000002)
    __rt_lib_shutdown_fp_trap_1              0x08000231   Thumb Code     0  libshutdown2.o(.ARM.Collect$$libshutdown$$00000007)
    __rt_lib_shutdown_heap_1                 0x08000231   Thumb Code     0  libshutdown2.o(.ARM.Collect$$libshutdown$$0000000F)
    __rt_lib_shutdown_return                 0x08000231   Thumb Code     0  libshutdown2.o(.ARM.Collect$$libshutdown$$00000010)
    __rt_lib_shutdown_signal_1               0x08000231   Thumb Code     0  libshutdown2.o(.ARM.Collect$$libshutdown$$0000000A)
    __rt_lib_shutdown_stdio_1                0x08000231   Thumb Code     0  libshutdown2.o(.ARM.Collect$$libshutdown$$00000004)
    __rt_lib_shutdown_user_alloc_1           0x08000231   Thumb Code     0  libshutdown2.o(.ARM.Collect$$libshutdown$$0000000C)
    __rt_entry                               0x08000233   Thumb Code     0  __rtentry.o(.ARM.Collect$$rtentry$$00000000)
    __rt_entry_presh_1                       0x08000233   Thumb Code     0  __rtentry2.o(.ARM.Collect$$rtentry$$00000002)
    __rt_entry_sh                            0x08000233   Thumb Code     0  __rtentry4.o(.ARM.Collect$$rtentry$$00000004)
    __rt_entry_postsh_1                      0x08000239   Thumb Code     0  __rtentry2.o(.ARM.Collect$$rtentry$$00000008)
    __rt_entry_li                            0x08000241   Thumb Code     0  __rtentry2.o(.ARM.Collect$$rtentry$$0000000A)
    __rt_entry_main                          0x08000245   Thumb Code     0  __rtentry2.o(.ARM.Collect$$rtentry$$0000000D)
    __rt_entry_postli_1                      0x08000245   Thumb Code     0  __rtentry2.o(.ARM.Collect$$rtentry$$0000000C)
    __rt_exit                                0x0800024d   Thumb Code     0  rtexit.o(.ARM.Collect$$rtexit$$00000000)
    __rt_exit_ls                             0x0800024f   Thumb Code     0  rtexit2.o(.ARM.Collect$$rtexit$$00000003)
    __rt_exit_prels_1                        0x0800024f   Thumb Code     0  rtexit2.o(.ARM.Collect$$rtexit$$00000002)
    __rt_exit_exit                           0x08000253   Thumb Code     0  rtexit2.o(.ARM.Collect$$rtexit$$00000004)
    Reset_Handler                            0x08000259   Thumb Code     8  startup_stm32f429xx.o(.text)
    ADC_IRQHandler                           0x08000273   Thumb Code     0  startup_stm32f429xx.o(.text)
    CAN1_RX0_IRQHandler                      0x08000273   Thumb Code     0  startup_stm32f429xx.o(.text)
    CAN1_RX1_IRQHandler                      0x08000273   Thumb Code     0  startup_stm32f429xx.o(.text)
    CAN1_SCE_IRQHandler                      0x08000273   Thumb Code     0  startup_stm32f429xx.o(.text)
    CAN1_TX_IRQHandler                       0x08000273   Thumb Code     0  startup_stm32f429xx.o(.text)
    CAN2_RX0_IRQHandler                      0x08000273   Thumb Code     0  startup_stm32f429xx.o(.text)
    CAN2_RX1_IRQHandler                      0x08000273   Thumb Code     0  startup_stm32f429xx.o(.text)
    CAN2_SCE_IRQHandler                      0x08000273   Thumb Code     0  startup_stm32f429xx.o(.text)
    CAN2_TX_IRQHandler                       0x08000273   Thumb Code     0  startup_stm32f429xx.o(.text)
    DCMI_IRQHandler                          0x08000273   Thumb Code     0  startup_stm32f429xx.o(.text)
    DMA1_Stream0_IRQHandler                  0x08000273   Thumb Code     0  startup_stm32f429xx.o(.text)
    DMA1_Stream1_IRQHandler                  0x08000273   Thumb Code     0  startup_stm32f429xx.o(.text)
    DMA1_Stream2_IRQHandler                  0x08000273   Thumb Code     0  startup_stm32f429xx.o(.text)
    DMA1_Stream3_IRQHandler                  0x08000273   Thumb Code     0  startup_stm32f429xx.o(.text)
    DMA1_Stream4_IRQHandler                  0x08000273   Thumb Code     0  startup_stm32f429xx.o(.text)
    DMA1_Stream5_IRQHandler                  0x08000273   Thumb Code     0  startup_stm32f429xx.o(.text)
    DMA1_Stream6_IRQHandler                  0x08000273   Thumb Code     0  startup_stm32f429xx.o(.text)
    DMA1_Stream7_IRQHandler                  0x08000273   Thumb Code     0  startup_stm32f429xx.o(.text)
    DMA2D_IRQHandler                         0x08000273   Thumb Code     0  startup_stm32f429xx.o(.text)
    DMA2_Stream0_IRQHandler                  0x08000273   Thumb Code     0  startup_stm32f429xx.o(.text)
    DMA2_Stream1_IRQHandler                  0x08000273   Thumb Code     0  startup_stm32f429xx.o(.text)
    DMA2_Stream2_IRQHandler                  0x08000273   Thumb Code     0  startup_stm32f429xx.o(.text)
    DMA2_Stream3_IRQHandler                  0x08000273   Thumb Code     0  startup_stm32f429xx.o(.text)
    DMA2_Stream4_IRQHandler                  0x08000273   Thumb Code     0  startup_stm32f429xx.o(.text)
    DMA2_Stream5_IRQHandler                  0x08000273   Thumb Code     0  startup_stm32f429xx.o(.text)
    DMA2_Stream6_IRQHandler                  0x08000273   Thumb Code     0  startup_stm32f429xx.o(.text)
    DMA2_Stream7_IRQHandler                  0x08000273   Thumb Code     0  startup_stm32f429xx.o(.text)
    ETH_IRQHandler                           0x08000273   Thumb Code     0  startup_stm32f429xx.o(.text)
    ETH_WKUP_IRQHandler                      0x08000273   Thumb Code     0  startup_stm32f429xx.o(.text)
    EXTI0_IRQHandler                         0x08000273   Thumb Code     0  startup_stm32f429xx.o(.text)
    EXTI15_10_IRQHandler                     0x08000273   Thumb Code     0  startup_stm32f429xx.o(.text)
    EXTI1_IRQHandler                         0x08000273   Thumb Code     0  startup_stm32f429xx.o(.text)
    EXTI2_IRQHandler                         0x08000273   Thumb Code     0  startup_stm32f429xx.o(.text)
    EXTI3_IRQHandler                         0x08000273   Thumb Code     0  startup_stm32f429xx.o(.text)
    EXTI4_IRQHandler                         0x08000273   Thumb Code     0  startup_stm32f429xx.o(.text)
    EXTI9_5_IRQHandler                       0x08000273   Thumb Code     0  startup_stm32f429xx.o(.text)
    FLASH_IRQHandler                         0x08000273   Thumb Code     0  startup_stm32f429xx.o(.text)
    FMC_IRQHandler                           0x08000273   Thumb Code     0  startup_stm32f429xx.o(.text)
    FPU_IRQHandler                           0x08000273   Thumb Code     0  startup_stm32f429xx.o(.text)
    HASH_RNG_IRQHandler                      0x08000273   Thumb Code     0  startup_stm32f429xx.o(.text)
    I2C1_ER_IRQHandler                       0x08000273   Thumb Code     0  startup_stm32f429xx.o(.text)
    I2C1_EV_IRQHandler                       0x08000273   Thumb Code     0  startup_stm32f429xx.o(.text)
    I2C2_ER_IRQHandler                       0x08000273   Thumb Code     0  startup_stm32f429xx.o(.text)
    I2C2_EV_IRQHandler                       0x08000273   Thumb Code     0  startup_stm32f429xx.o(.text)
    I2C3_ER_IRQHandler                       0x08000273   Thumb Code     0  startup_stm32f429xx.o(.text)
    I2C3_EV_IRQHandler                       0x08000273   Thumb Code     0  startup_stm32f429xx.o(.text)
    LTDC_ER_IRQHandler                       0x08000273   Thumb Code     0  startup_stm32f429xx.o(.text)
    LTDC_IRQHandler                          0x08000273   Thumb Code     0  startup_stm32f429xx.o(.text)
    OTG_FS_IRQHandler                        0x08000273   Thumb Code     0  startup_stm32f429xx.o(.text)
    OTG_FS_WKUP_IRQHandler                   0x08000273   Thumb Code     0  startup_stm32f429xx.o(.text)
    OTG_HS_EP1_IN_IRQHandler                 0x08000273   Thumb Code     0  startup_stm32f429xx.o(.text)
    OTG_HS_EP1_OUT_IRQHandler                0x08000273   Thumb Code     0  startup_stm32f429xx.o(.text)
    OTG_HS_IRQHandler                        0x08000273   Thumb Code     0  startup_stm32f429xx.o(.text)
    OTG_HS_WKUP_IRQHandler                   0x08000273   Thumb Code     0  startup_stm32f429xx.o(.text)
    PVD_IRQHandler                           0x08000273   Thumb Code     0  startup_stm32f429xx.o(.text)
    RCC_IRQHandler                           0x08000273   Thumb Code     0  startup_stm32f429xx.o(.text)
    RTC_Alarm_IRQHandler                     0x08000273   Thumb Code     0  startup_stm32f429xx.o(.text)
    RTC_WKUP_IRQHandler                      0x08000273   Thumb Code     0  startup_stm32f429xx.o(.text)
    SAI1_IRQHandler                          0x08000273   Thumb Code     0  startup_stm32f429xx.o(.text)
    SDIO_IRQHandler                          0x08000273   Thumb Code     0  startup_stm32f429xx.o(.text)
    SPI2_IRQHandler                          0x08000273   Thumb Code     0  startup_stm32f429xx.o(.text)
    SPI3_IRQHandler                          0x08000273   Thumb Code     0  startup_stm32f429xx.o(.text)
    SPI4_IRQHandler                          0x08000273   Thumb Code     0  startup_stm32f429xx.o(.text)
    SPI5_IRQHandler                          0x08000273   Thumb Code     0  startup_stm32f429xx.o(.text)
    SPI6_IRQHandler                          0x08000273   Thumb Code     0  startup_stm32f429xx.o(.text)
    TAMP_STAMP_IRQHandler                    0x08000273   Thumb Code     0  startup_stm32f429xx.o(.text)
    TIM1_BRK_TIM9_IRQHandler                 0x08000273   Thumb Code     0  startup_stm32f429xx.o(.text)
    TIM1_CC_IRQHandler                       0x08000273   Thumb Code     0  startup_stm32f429xx.o(.text)
    TIM1_TRG_COM_TIM11_IRQHandler            0x08000273   Thumb Code     0  startup_stm32f429xx.o(.text)
    TIM1_UP_TIM10_IRQHandler                 0x08000273   Thumb Code     0  startup_stm32f429xx.o(.text)
    TIM2_IRQHandler                          0x08000273   Thumb Code     0  startup_stm32f429xx.o(.text)
    TIM3_IRQHandler                          0x08000273   Thumb Code     0  startup_stm32f429xx.o(.text)
    TIM4_IRQHandler                          0x08000273   Thumb Code     0  startup_stm32f429xx.o(.text)
    TIM5_IRQHandler                          0x08000273   Thumb Code     0  startup_stm32f429xx.o(.text)
    TIM6_DAC_IRQHandler                      0x08000273   Thumb Code     0  startup_stm32f429xx.o(.text)
    TIM7_IRQHandler                          0x08000273   Thumb Code     0  startup_stm32f429xx.o(.text)
    TIM8_BRK_TIM12_IRQHandler                0x08000273   Thumb Code     0  startup_stm32f429xx.o(.text)
    TIM8_CC_IRQHandler                       0x08000273   Thumb Code     0  startup_stm32f429xx.o(.text)
    TIM8_TRG_COM_TIM14_IRQHandler            0x08000273   Thumb Code     0  startup_stm32f429xx.o(.text)
    TIM8_UP_TIM13_IRQHandler                 0x08000273   Thumb Code     0  startup_stm32f429xx.o(.text)
    UART4_IRQHandler                         0x08000273   Thumb Code     0  startup_stm32f429xx.o(.text)
    UART5_IRQHandler                         0x08000273   Thumb Code     0  startup_stm32f429xx.o(.text)
    UART7_IRQHandler                         0x08000273   Thumb Code     0  startup_stm32f429xx.o(.text)
    UART8_IRQHandler                         0x08000273   Thumb Code     0  startup_stm32f429xx.o(.text)
    USART1_IRQHandler                        0x08000273   Thumb Code     0  startup_stm32f429xx.o(.text)
    USART2_IRQHandler                        0x08000273   Thumb Code     0  startup_stm32f429xx.o(.text)
    USART3_IRQHandler                        0x08000273   Thumb Code     0  startup_stm32f429xx.o(.text)
    USART6_IRQHandler                        0x08000273   Thumb Code     0  startup_stm32f429xx.o(.text)
    WWDG_IRQHandler                          0x08000273   Thumb Code     0  startup_stm32f429xx.o(.text)
    __user_initial_stackheap                 0x08000275   Thumb Code     0  startup_stm32f429xx.o(.text)
    SVC_Handler                              0x08000299   Thumb Code   108  irq_armv7m.o(.text)
    PendSV_Handler                           0x08000305   Thumb Code    16  irq_armv7m.o(.text)
    SysTick_Handler                          0x08000315   Thumb Code    16  irq_armv7m.o(.text)
    __aeabi_uldivmod                         0x0800032d   Thumb Code     0  lludivv7m.o(.text)
    _ll_udiv                                 0x0800032d   Thumb Code   240  lludivv7m.o(.text)
    __2sprintf                               0x0800041d   Thumb Code    34  noretval__2sprintf.o(.text)
    _printf_pre_padding                      0x08000445   Thumb Code    44  _printf_pad.o(.text)
    _printf_post_padding                     0x08000471   Thumb Code    34  _printf_pad.o(.text)
    _printf_int_dec                          0x08000495   Thumb Code   104  _printf_dec.o(.text)
    __printf                                 0x0800050d   Thumb Code   308  __printf_flags_wp.o(.text)
    __aeabi_memcpy                           0x08000645   Thumb Code     0  rt_memcpy_v6.o(.text)
    __rt_memcpy                              0x08000645   Thumb Code   138  rt_memcpy_v6.o(.text)
    _memcpy_lastbytes                        0x080006ab   Thumb Code     0  rt_memcpy_v6.o(.text)
    __aeabi_memclr                           0x080006cf   Thumb Code     0  rt_memclr.o(.text)
    __rt_memclr                              0x080006cf   Thumb Code     0  rt_memclr.o(.text)
    _memset                                  0x080006d3   Thumb Code    64  rt_memclr.o(.text)
    __aeabi_memclr4                          0x08000713   Thumb Code     0  rt_memclr_w.o(.text)
    __aeabi_memclr8                          0x08000713   Thumb Code     0  rt_memclr_w.o(.text)
    __rt_memclr_w                            0x08000713   Thumb Code     0  rt_memclr_w.o(.text)
    _memset_w                                0x08000717   Thumb Code    74  rt_memclr_w.o(.text)
    __use_two_region_memory                  0x08000761   Thumb Code     2  heapauxi.o(.text)
    __rt_heap_escrow$2region                 0x08000763   Thumb Code     2  heapauxi.o(.text)
    __rt_heap_expand$2region                 0x08000765   Thumb Code     2  heapauxi.o(.text)
    _printf_int_common                       0x08000767   Thumb Code   178  _printf_intcommon.o(.text)
    _printf_char_common                      0x08000823   Thumb Code    32  _printf_char_common.o(.text)
    _sputc                                   0x08000849   Thumb Code    10  _sputc.o(.text)
    __aeabi_memcpy4                          0x08000853   Thumb Code     0  rt_memcpy_w.o(.text)
    __aeabi_memcpy8                          0x08000853   Thumb Code     0  rt_memcpy_w.o(.text)
    __rt_memcpy_w                            0x08000853   Thumb Code   100  rt_memcpy_w.o(.text)
    _memcpy_lastbytes_aligned                0x0800089b   Thumb Code     0  rt_memcpy_w.o(.text)
    __user_setup_stackheap                   0x080008b7   Thumb Code    74  sys_stackheap_outer.o(.text)
    exit                                     0x08000901   Thumb Code    18  exit.o(.text)
    __user_libspace                          0x08000915   Thumb Code     8  libspace.o(.text)
    __user_perproc_libspace                  0x08000915   Thumb Code     0  libspace.o(.text)
    _sys_exit                                0x0800091d   Thumb Code     8  sys_exit.o(.text)
    __I$use$semihosting                      0x08000929   Thumb Code     0  use_no_semi.o(.text)
    __use_no_semihosting_swi                 0x08000929   Thumb Code     2  use_no_semi.o(.text)
    __semihosting_library_function           0x0800092b   Thumb Code     0  indicate_semi.o(.text)
    BusFault_Handler                         0x0800092d   Thumb Code     2  stm32f4xx_it.o(.text.BusFault_Handler)
    Clock                                    0x08000931   Thumb Code    58  clock.o(.text.Clock)
    DebugMon_Handler                         0x0800096d   Thumb Code     2  stm32f4xx_it.o(.text.DebugMon_Handler)
    HAL_GPIO_DeInit                          0x080009cd   Thumb Code   262  stm32f4xx_hal_gpio.o(.text.HAL_GPIO_DeInit)
    HAL_GPIO_Init                            0x08000ad5   Thumb Code   410  stm32f4xx_hal_gpio.o(.text.HAL_GPIO_Init)
    HAL_GPIO_WritePin                        0x08000c71   Thumb Code    10  stm32f4xx_hal_gpio.o(.text.HAL_GPIO_WritePin)
    HAL_GetREVID                             0x08000c7d   Thumb Code    14  stm32f4xx_hal.o(.text.HAL_GetREVID)
    HAL_GetTick                              0x08000c8d   Thumb Code    80  main.o(.text.HAL_GetTick)
    HAL_Init                                 0x08000cdd   Thumb Code    46  stm32f4xx_hal.o(.text.HAL_Init)
    HAL_InitTick                             0x08000d0d   Thumb Code    80  stm32f4xx_hal.o(.text.HAL_InitTick)
    HAL_MspInit                              0x08000d5d   Thumb Code     2  stm32f4xx_hal.o(.text.HAL_MspInit)
    HAL_NVIC_DisableIRQ                      0x08000d61   Thumb Code     8  stm32f4xx_hal_cortex.o(.text.HAL_NVIC_DisableIRQ)
    HAL_NVIC_SetPriority                     0x08000d69   Thumb Code    30  stm32f4xx_hal_cortex.o(.text.HAL_NVIC_SetPriority)
    HAL_NVIC_SetPriorityGrouping             0x08000d89   Thumb Code     8  stm32f4xx_hal_cortex.o(.text.HAL_NVIC_SetPriorityGrouping)
    HAL_RCC_ClockConfig                      0x08000d91   Thumb Code   352  stm32f4xx_hal_rcc.o(.text.HAL_RCC_ClockConfig)
    HAL_RCC_GetHCLKFreq                      0x08000ef1   Thumb Code    12  stm32f4xx_hal_rcc.o(.text.HAL_RCC_GetHCLKFreq)
    HAL_RCC_GetPCLK2Freq                     0x08000efd   Thumb Code    34  stm32f4xx_hal_rcc.o(.text.HAL_RCC_GetPCLK2Freq)
    HAL_RCC_GetSysClockFreq                  0x08000f21   Thumb Code   106  stm32f4xx_hal_rcc.o(.text.HAL_RCC_GetSysClockFreq)
    HAL_RCC_OscConfig                        0x08000f8d   Thumb Code   820  stm32f4xx_hal_rcc.o(.text.HAL_RCC_OscConfig)
    HAL_SYSTICK_Config                       0x080012c1   Thumb Code     8  stm32f4xx_hal_cortex.o(.text.HAL_SYSTICK_Config)
    HAL_TIM_Base_Init                        0x080012c9   Thumb Code    54  stm32f4xx_hal_tim.o(.text.HAL_TIM_Base_Init)
    HAL_TIM_Base_MspInit                     0x08001301   Thumb Code     2  stm32f4xx_hal_tim.o(.text.HAL_TIM_Base_MspInit)
    HAL_TIM_Base_Start                       0x08001305   Thumb Code    38  stm32f4xx_hal_tim.o(.text.HAL_TIM_Base_Start)
    HAL_TIM_Base_Stop                        0x0800132d   Thumb Code    48  stm32f4xx_hal_tim.o(.text.HAL_TIM_Base_Stop)
    HardFault_Handler                        0x0800135d   Thumb Code     2  stm32f4xx_it.o(.text.HardFault_Handler)
    Init_ThClock                             0x08001361   Thumb Code    72  clock.o(.text.Init_ThClock)
    Init_Th_Clock_Test                       0x080013a9   Thumb Code    44  clock.o(.text.Init_Th_Clock_Test)
    LCD_Init                                 0x080013d5   Thumb Code    76  lcd.o(.text.LCD_Init)
    LCD_reset                                0x08001421   Thumb Code   136  lcd.o(.text.LCD_reset)
    LCD_update                               0x080014a9   Thumb Code   154  lcd.o(.text.LCD_update)
    MemManage_Handler                        0x080015f5   Thumb Code     2  stm32f4xx_it.o(.text.MemManage_Handler)
    NMI_Handler                              0x080016ad   Thumb Code     2  stm32f4xx_it.o(.text.NMI_Handler)
    OS_Tick_AcknowledgeIRQ                   0x080016dd   Thumb Code     8  os_systick.o(.text.OS_Tick_AcknowledgeIRQ)
    OS_Tick_Enable                           0x080016e5   Thumb Code    32  os_systick.o(.text.OS_Tick_Enable)
    OS_Tick_GetIRQn                          0x08001709   Thumb Code     6  os_systick.o(.text.OS_Tick_GetIRQn)
    OS_Tick_Setup                            0x08001711   Thumb Code    48  os_systick.o(.text.OS_Tick_Setup)
    SPI1_IRQHandler                          0x0800178d   Thumb Code     8  spi_stm32f4xx.o(.text.SPI1_IRQHandler)
    SystemCoreClockUpdate                    0x08002061   Thumb Code   126  system_stm32f4xx.o(.text.SystemCoreClockUpdate)
    SystemInit                               0x080020e1   Thumb Code    16  system_stm32f4xx.o(.text.SystemInit)
    TIM_Base_SetConfig                       0x080020f1   Thumb Code   292  stm32f4xx_hal_tim.o(.text.TIM_Base_SetConfig)
    Th_Clock_Test                            0x08002215   Thumb Code   120  clock.o(.text.Th_Clock_Test)
    UsageFault_Handler                       0x080023c9   Thumb Code     2  stm32f4xx_it.o(.text.UsageFault_Handler)
    _mutex_acquire                           0x08002469   Thumb Code    26  rtx_lib.o(.text._mutex_acquire)
    _mutex_free                              0x08002485   Thumb Code    10  rtx_lib.o(.text._mutex_free)
    _mutex_initialize                        0x08002491   Thumb Code    32  rtx_lib.o(.text._mutex_initialize)
    _mutex_release                           0x080024b1   Thumb Code    22  rtx_lib.o(.text._mutex_release)
    _platform_post_stackheap_init            0x080024c9   Thumb Code     8  rtx_lib.o(.text._platform_post_stackheap_init)
    main                                     0x08002639   Thumb Code    26  main.o(.text.main)
    osKernelGetState                         0x08002655   Thumb Code    40  rtx_kernel.o(.text.osKernelGetState)
    osKernelGetTickCount                     0x08002681   Thumb Code    32  rtx_kernel.o(.text.osKernelGetTickCount)
    osKernelInitialize                       0x080026a9   Thumb Code    40  rtx_kernel.o(.text.osKernelInitialize)
    osKernelStart                            0x080026d5   Thumb Code    32  rtx_kernel.o(.text.osKernelStart)
    osMessageQueueGet                        0x080026f9   Thumb Code   108  rtx_msgqueue.o(.text.osMessageQueueGet)
    osMessageQueuePut                        0x08002769   Thumb Code   124  rtx_msgqueue.o(.text.osMessageQueuePut)
    osMutexAcquire                           0x080027e9   Thumb Code    32  rtx_mutex.o(.text.osMutexAcquire)
    osMutexDelete                            0x0800280d   Thumb Code    32  rtx_mutex.o(.text.osMutexDelete)
    osMutexNew                               0x08002831   Thumb Code    32  rtx_mutex.o(.text.osMutexNew)
    osMutexRelease                           0x08002855   Thumb Code    32  rtx_mutex.o(.text.osMutexRelease)
    osRtxErrorNotify                         0x08002879   Thumb Code     2  rtx_config.o(.text.osRtxErrorNotify)
    osRtxIdleThread                          0x0800287d   Thumb Code     2  rtx_config.o(.text.osRtxIdleThread)
    osRtxKernelErrorNotify                   0x0800287f   Thumb Code     4  rtx_kernel.o(.text.osRtxKernelErrorNotify)
    osRtxKernelPreInit                       0x08002883   Thumb Code     2  rtx_kernel.o(.text.osRtxKernelPreInit)
    osRtxMemoryAlloc                         0x08002885   Thumb Code   108  rtx_memory.o(.text.osRtxMemoryAlloc)
    osRtxMemoryFree                          0x080028f1   Thumb Code    66  rtx_memory.o(.text.osRtxMemoryFree)
    osRtxMemoryInit                          0x08002933   Thumb Code    54  rtx_memory.o(.text.osRtxMemoryInit)
    osRtxMemoryPoolAlloc                     0x08002969   Thumb Code    58  rtx_mempool.o(.text.osRtxMemoryPoolAlloc)
    osRtxMemoryPoolFree                      0x080029a3   Thumb Code    74  rtx_mempool.o(.text.osRtxMemoryPoolFree)
    osRtxMemoryPoolInit                      0x080029ed   Thumb Code    56  rtx_mempool.o(.text.osRtxMemoryPoolInit)
    osRtxMessageQueueTimerSetup              0x08002ad1   Thumb Code    32  rtx_msgqueue.o(.text.osRtxMessageQueueTimerSetup)
    osRtxMutexOwnerRelease                   0x08002af5   Thumb Code    72  rtx_mutex.o(.text.osRtxMutexOwnerRelease)
    osRtxMutexOwnerRestore                   0x08002b3d   Thumb Code    66  rtx_mutex.o(.text.osRtxMutexOwnerRestore)
    osRtxPendSV_Handler                      0x08002b81   Thumb Code   136  rtx_system.o(.text.osRtxPendSV_Handler)
    osRtxPostProcess                         0x08002c09   Thumb Code   108  rtx_system.o(.text.osRtxPostProcess)
    osRtxThreadDelayTick                     0x08002d65   Thumb Code    72  rtx_thread.o(.text.osRtxThreadDelayTick)
    osRtxThreadDispatch                      0x08002dcd   Thumb Code    80  rtx_thread.o(.text.osRtxThreadDispatch)
    osRtxThreadListGet                       0x08002e93   Thumb Code    18  rtx_thread.o(.text.osRtxThreadListGet)
    osRtxThreadListPut                       0x08002ea5   Thumb Code    44  rtx_thread.o(.text.osRtxThreadListPut)
    osRtxThreadListRemove                    0x08002ed1   Thumb Code    20  rtx_thread.o(.text.osRtxThreadListRemove)
    osRtxThreadListSort                      0x08002ef1   Thumb Code    38  rtx_thread.o(.text.osRtxThreadListSort)
    osRtxThreadReadyPut                      0x08002f41   Thumb Code    16  rtx_thread.o(.text.osRtxThreadReadyPut)
    osRtxThreadRegPtr                        0x08002f55   Thumb Code     6  rtx_thread.o(.text.osRtxThreadRegPtr)
    osRtxThreadStartup                       0x08002f5d   Thumb Code    48  rtx_thread.o(.text.osRtxThreadStartup)
    osRtxThreadSwitch                        0x08002f95   Thumb Code    12  rtx_thread.o(.text.osRtxThreadSwitch)
    osRtxThreadWaitEnter                     0x08002fa1   Thumb Code    56  rtx_thread.o(.text.osRtxThreadWaitEnter)
    osRtxThreadWaitExit                      0x08002fdd   Thumb Code    34  rtx_thread.o(.text.osRtxThreadWaitExit)
    osRtxTick_Handler                        0x08003001   Thumb Code   116  rtx_system.o(.text.osRtxTick_Handler)
    osRtxTimerSetup                          0x08003075   Thumb Code    24  rtx_timer.o(.text.osRtxTimerSetup)
    osRtxTimerThread                         0x08003095   Thumb Code    32  rtx_timer.o(.text.osRtxTimerThread)
    osThreadExit                             0x08003125   Thumb Code     8  rtx_thread.o(.text.osThreadExit)
    osThreadFlagsSet                         0x08003131   Thumb Code    84  rtx_thread.o(.text.osThreadFlagsSet)
    osThreadFlagsWait                        0x08003189   Thumb Code    32  rtx_thread.o(.text.osThreadFlagsWait)
    osThreadNew                              0x080031ad   Thumb Code    32  rtx_thread.o(.text.osThreadNew)
    osTimerNew                               0x080031d1   Thumb Code    32  rtx_timer.o(.text.osTimerNew)
    osTimerStart                             0x080031f5   Thumb Code    32  rtx_timer.o(.text.osTimerStart)
    resetBuffer                              0x08003239   Thumb Code    32  lcd.o(.text.resetBuffer)
    symbolToLocalBuffer                      0x08003c8d   Thumb Code    28  lcd.o(.text.symbolToLocalBuffer)
    _is_digit                                0x08003d73   Thumb Code    14  __printf_wp.o(i._is_digit)
    osRtxConfig                              0x08003d94   Data         112  rtx_lib.o(.rodata)
    os_cb_sections                           0x08003e04   Data          56  rtx_lib.o(.rodata)
    AHBPrescTable                            0x08003e3c   Data          16  system_stm32f4xx.o(.rodata.AHBPrescTable)
    APBPrescTable                            0x08003e4c   Data           8  system_stm32f4xx.o(.rodata.APBPrescTable)
    Arial12x12                               0x08003e54   Data        2400  lcd.o(.rodata.Arial12x12)
    Driver_SPI1                              0x080047b4   Data          44  spi_stm32f4xx.o(.rodata.Driver_SPI1)
    osRtxUserSVC                             0x080047e0   Data           4  rtx_lib.o(.rodata.osRtxUserSVC)
    Region$$Table$$Base                      0x08004850   Number         0  anon$$obj.o(Region$$Table)
    Region$$Table$$Limit                     0x08004870   Number         0  anon$$obj.o(Region$$Table)
    SystemCoreClock                          0x20000000   Data           4  system_stm32f4xx.o(.data.SystemCoreClock)
    osRtxInfo                                0x20000004   Data         164  rtx_kernel.o(.data.os)
    uwTickFreq                               0x200000a8   Data           1  stm32f4xx_hal.o(.data.uwTickFreq)
    uwTickPrio                               0x200000ac   Data           4  stm32f4xx_hal.o(.data.uwTickPrio)
    __libspace_start                         0x200000b0   Data          96  libspace.o(.bss)
    __temporary_stack_top$libspace           0x20000110   Data           0  libspace.o(.bss)
    horas                                    0x20000357   Data           1  clock.o(.bss.horas)
    minutos                                  0x20000398   Data           1  clock.o(.bss.minutos)
    .bss.os.msgqueue.cb$$Base                0x200083e4   Number         0  rtx_lib.o(.bss.os.msgqueue.cb)
    .bss.os.msgqueue.cb$$Limit               0x20008418   Number         0  rtx_lib.o(.bss.os.msgqueue.cb)
    .bss.os.thread.cb$$Base                  0x20008468   Number         0  rtx_lib.o(.bss.os.thread.cb)
    .bss.os.thread.cb$$Limit                 0x200084f0   Number         0  rtx_lib.o(.bss.os.thread.cb)
    segundos                                 0x200088f6   Data           1  clock.o(.bss.segundos)
    tid_ThClock                              0x200088f8   Data           4  clock.o(.bss.tid_ThClock)
    tid_Th_Clock_Test                        0x200088fc   Data           4  clock.o(.bss.tid_Th_Clock_Test)



==============================================================================

Memory Map of the image

  Image Entry point : 0x080001ad

  Load Region LR_IROM1 (Base: 0x08000000, Size: 0x00004920, Max: 0x00200000, ABSOLUTE)

    Execution Region ER_IROM1 (Exec base: 0x08000000, Load base: 0x08000000, Size: 0x00004870, Max: 0x00200000, ABSOLUTE)

    Exec Addr    Load Addr    Size         Type   Attr      Idx    E Section Name        Object

    0x08000000   0x08000000   0x000001ac   Data   RO         1058    RESET               startup_stm32f429xx.o
    0x080001ac   0x080001ac   0x00000008   Code   RO         1594  * !!!main             c_w.l(__main.o)
    0x080001b4   0x080001b4   0x00000034   Code   RO         1776    !!!scatter          c_w.l(__scatter.o)
    0x080001e8   0x080001e8   0x0000001a   Code   RO         1778    !!handler_copy      c_w.l(__scatter_copy.o)
    0x08000202   0x08000202   0x00000002   PAD
    0x08000204   0x08000204   0x0000001c   Code   RO         1780    !!handler_zi        c_w.l(__scatter_zi.o)
    0x08000220   0x08000220   0x00000000   Code   RO         1585    .ARM.Collect$$_printf_percent$$00000000  c_w.l(_printf_percent.o)
    0x08000220   0x08000220   0x00000006   Code   RO         1584    .ARM.Collect$$_printf_percent$$00000009  c_w.l(_printf_d.o)
    0x08000226   0x08000226   0x00000004   Code   RO         1607    .ARM.Collect$$_printf_percent$$00000017  c_w.l(_printf_percent_end.o)
    0x0800022a   0x0800022a   0x00000002   Code   RO         1640    .ARM.Collect$$libinit$$00000000  c_w.l(libinit.o)
    0x0800022c   0x0800022c   0x00000000   Code   RO         1653    .ARM.Collect$$libinit$$00000002  c_w.l(libinit2.o)
    0x0800022c   0x0800022c   0x00000000   Code   RO         1655    .ARM.Collect$$libinit$$00000004  c_w.l(libinit2.o)
    0x0800022c   0x0800022c   0x00000000   Code   RO         1658    .ARM.Collect$$libinit$$0000000A  c_w.l(libinit2.o)
    0x0800022c   0x0800022c   0x00000000   Code   RO         1660    .ARM.Collect$$libinit$$0000000C  c_w.l(libinit2.o)
    0x0800022c   0x0800022c   0x00000000   Code   RO         1662    .ARM.Collect$$libinit$$0000000E  c_w.l(libinit2.o)
    0x0800022c   0x0800022c   0x00000000   Code   RO         1665    .ARM.Collect$$libinit$$00000011  c_w.l(libinit2.o)
    0x0800022c   0x0800022c   0x00000000   Code   RO         1667    .ARM.Collect$$libinit$$00000013  c_w.l(libinit2.o)
    0x0800022c   0x0800022c   0x00000000   Code   RO         1669    .ARM.Collect$$libinit$$00000015  c_w.l(libinit2.o)
    0x0800022c   0x0800022c   0x00000000   Code   RO         1671    .ARM.Collect$$libinit$$00000017  c_w.l(libinit2.o)
    0x0800022c   0x0800022c   0x00000000   Code   RO         1673    .ARM.Collect$$libinit$$00000019  c_w.l(libinit2.o)
    0x0800022c   0x0800022c   0x00000000   Code   RO         1675    .ARM.Collect$$libinit$$0000001B  c_w.l(libinit2.o)
    0x0800022c   0x0800022c   0x00000000   Code   RO         1677    .ARM.Collect$$libinit$$0000001D  c_w.l(libinit2.o)
    0x0800022c   0x0800022c   0x00000000   Code   RO         1679    .ARM.Collect$$libinit$$0000001F  c_w.l(libinit2.o)
    0x0800022c   0x0800022c   0x00000000   Code   RO         1681    .ARM.Collect$$libinit$$00000021  c_w.l(libinit2.o)
    0x0800022c   0x0800022c   0x00000000   Code   RO         1683    .ARM.Collect$$libinit$$00000023  c_w.l(libinit2.o)
    0x0800022c   0x0800022c   0x00000000   Code   RO         1685    .ARM.Collect$$libinit$$00000025  c_w.l(libinit2.o)
    0x0800022c   0x0800022c   0x00000000   Code   RO         1689    .ARM.Collect$$libinit$$0000002C  c_w.l(libinit2.o)
    0x0800022c   0x0800022c   0x00000000   Code   RO         1691    .ARM.Collect$$libinit$$0000002E  c_w.l(libinit2.o)
    0x0800022c   0x0800022c   0x00000000   Code   RO         1693    .ARM.Collect$$libinit$$00000030  c_w.l(libinit2.o)
    0x0800022c   0x0800022c   0x00000000   Code   RO         1695    .ARM.Collect$$libinit$$00000032  c_w.l(libinit2.o)
    0x0800022c   0x0800022c   0x00000002   Code   RO         1696    .ARM.Collect$$libinit$$00000033  c_w.l(libinit2.o)
    0x0800022e   0x0800022e   0x00000002   Code   RO         1731    .ARM.Collect$$libshutdown$$00000000  c_w.l(libshutdown.o)
    0x08000230   0x08000230   0x00000000   Code   RO         1759    .ARM.Collect$$libshutdown$$00000002  c_w.l(libshutdown2.o)
    0x08000230   0x08000230   0x00000000   Code   RO         1761    .ARM.Collect$$libshutdown$$00000004  c_w.l(libshutdown2.o)
    0x08000230   0x08000230   0x00000000   Code   RO         1764    .ARM.Collect$$libshutdown$$00000007  c_w.l(libshutdown2.o)
    0x08000230   0x08000230   0x00000000   Code   RO         1767    .ARM.Collect$$libshutdown$$0000000A  c_w.l(libshutdown2.o)
    0x08000230   0x08000230   0x00000000   Code   RO         1769    .ARM.Collect$$libshutdown$$0000000C  c_w.l(libshutdown2.o)
    0x08000230   0x08000230   0x00000000   Code   RO         1772    .ARM.Collect$$libshutdown$$0000000F  c_w.l(libshutdown2.o)
    0x08000230   0x08000230   0x00000002   Code   RO         1773    .ARM.Collect$$libshutdown$$00000010  c_w.l(libshutdown2.o)
    0x08000232   0x08000232   0x00000000   Code   RO         1596    .ARM.Collect$$rtentry$$00000000  c_w.l(__rtentry.o)
    0x08000232   0x08000232   0x00000000   Code   RO         1611    .ARM.Collect$$rtentry$$00000002  c_w.l(__rtentry2.o)
    0x08000232   0x08000232   0x00000006   Code   RO         1623    .ARM.Collect$$rtentry$$00000004  c_w.l(__rtentry4.o)
    0x08000238   0x08000238   0x00000008   Code   RO         1612    .ARM.Collect$$rtentry$$00000008  c_w.l(__rtentry2.o)
    0x08000240   0x08000240   0x00000004   Code   RO         1614    .ARM.Collect$$rtentry$$0000000A  c_w.l(__rtentry2.o)
    0x08000244   0x08000244   0x00000000   Code   RO         1616    .ARM.Collect$$rtentry$$0000000C  c_w.l(__rtentry2.o)
    0x08000244   0x08000244   0x00000008   Code   RO         1617    .ARM.Collect$$rtentry$$0000000D  c_w.l(__rtentry2.o)
    0x0800024c   0x0800024c   0x00000002   Code   RO         1644    .ARM.Collect$$rtexit$$00000000  c_w.l(rtexit.o)
    0x0800024e   0x0800024e   0x00000000   Code   RO         1702    .ARM.Collect$$rtexit$$00000002  c_w.l(rtexit2.o)
    0x0800024e   0x0800024e   0x00000004   Code   RO         1703    .ARM.Collect$$rtexit$$00000003  c_w.l(rtexit2.o)
    0x08000252   0x08000252   0x00000006   Code   RO         1704    .ARM.Collect$$rtexit$$00000004  c_w.l(rtexit2.o)
    0x08000258   0x08000258   0x00000040   Code   RO         1059    .text               startup_stm32f429xx.o
    0x08000298   0x08000298   0x00000094   Code   RO         1376    .text               RTX_CM3.lib(irq_armv7m.o)
    0x0800032c   0x0800032c   0x000000f0   Code   RO         1552    .text               c_w.l(lludivv7m.o)
    0x0800041c   0x0800041c   0x00000028   Code   RO         1556    .text               c_w.l(noretval__2sprintf.o)
    0x08000444   0x08000444   0x0000004e   Code   RO         1560    .text               c_w.l(_printf_pad.o)
    0x08000492   0x08000492   0x00000002   PAD
    0x08000494   0x08000494   0x00000078   Code   RO         1562    .text               c_w.l(_printf_dec.o)
    0x0800050c   0x0800050c   0x00000138   Code   RO         1576    .text               c_w.l(__printf_flags_wp.o)
    0x08000644   0x08000644   0x0000008a   Code   RO         1586    .text               c_w.l(rt_memcpy_v6.o)
    0x080006ce   0x080006ce   0x00000044   Code   RO         1588    .text               c_w.l(rt_memclr.o)
    0x08000712   0x08000712   0x0000004e   Code   RO         1590    .text               c_w.l(rt_memclr_w.o)
    0x08000760   0x08000760   0x00000006   Code   RO         1592    .text               c_w.l(heapauxi.o)
    0x08000766   0x08000766   0x000000b2   Code   RO         1601    .text               c_w.l(_printf_intcommon.o)
    0x08000818   0x08000818   0x00000030   Code   RO         1603    .text               c_w.l(_printf_char_common.o)
    0x08000848   0x08000848   0x0000000a   Code   RO         1605    .text               c_w.l(_sputc.o)
    0x08000852   0x08000852   0x00000064   Code   RO         1608    .text               c_w.l(rt_memcpy_w.o)
    0x080008b6   0x080008b6   0x0000004a   Code   RO         1629    .text               c_w.l(sys_stackheap_outer.o)
    0x08000900   0x08000900   0x00000012   Code   RO         1631    .text               c_w.l(exit.o)
    0x08000912   0x08000912   0x00000002   PAD
    0x08000914   0x08000914   0x00000008   Code   RO         1641    .text               c_w.l(libspace.o)
    0x0800091c   0x0800091c   0x0000000c   Code   RO         1697    .text               c_w.l(sys_exit.o)
    0x08000928   0x08000928   0x00000002   Code   RO         1720    .text               c_w.l(use_no_semi.o)
    0x0800092a   0x0800092a   0x00000000   Code   RO         1722    .text               c_w.l(indicate_semi.o)
    0x0800092a   0x0800092a   0x00000002   PAD
    0x0800092c   0x0800092c   0x00000002   Code   RO            8    .text.BusFault_Handler  stm32f4xx_it.o
    0x0800092e   0x0800092e   0x00000002   PAD
    0x08000930   0x08000930   0x0000003a   Code   RO           45    .text.Clock         clock.o
    0x0800096a   0x0800096a   0x00000002   PAD
    0x0800096c   0x0800096c   0x00000002   Code   RO           12    .text.DebugMon_Handler  stm32f4xx_it.o
    0x0800096e   0x0800096e   0x00000002   PAD
    0x08000970   0x08000970   0x00000012   Code   RO          192    .text.Disable_SPI_Clock  spi_stm32f4xx.o
    0x08000982   0x08000982   0x00000002   PAD
    0x08000984   0x08000984   0x00000024   Code   RO          182    .text.Enable_GPIO_Clock  spi_stm32f4xx.o
    0x080009a8   0x080009a8   0x00000024   Code   RO          194    .text.Enable_SPI_Clock  spi_stm32f4xx.o
    0x080009cc   0x080009cc   0x00000106   Code   RO          423    .text.HAL_GPIO_DeInit  stm32f4xx_hal_gpio.o
    0x08000ad2   0x08000ad2   0x00000002   PAD
    0x08000ad4   0x08000ad4   0x0000019a   Code   RO          421    .text.HAL_GPIO_Init  stm32f4xx_hal_gpio.o
    0x08000c6e   0x08000c6e   0x00000002   PAD
    0x08000c70   0x08000c70   0x0000000a   Code   RO          427    .text.HAL_GPIO_WritePin  stm32f4xx_hal_gpio.o
    0x08000c7a   0x08000c7a   0x00000002   PAD
    0x08000c7c   0x08000c7c   0x0000000e   Code   RO          254    .text.HAL_GetREVID  stm32f4xx_hal.o
    0x08000c8a   0x08000c8a   0x00000002   PAD
    0x08000c8c   0x08000c8c   0x00000050   Code   RO           21    .text.HAL_GetTick   main.o
    0x08000cdc   0x08000cdc   0x0000002e   Code   RO          226    .text.HAL_Init      stm32f4xx_hal.o
    0x08000d0a   0x08000d0a   0x00000002   PAD
    0x08000d0c   0x08000d0c   0x00000050   Code   RO          228    .text.HAL_InitTick  stm32f4xx_hal.o
    0x08000d5c   0x08000d5c   0x00000002   Code   RO          230    .text.HAL_MspInit   stm32f4xx_hal.o
    0x08000d5e   0x08000d5e   0x00000002   PAD
    0x08000d60   0x08000d60   0x00000008   Code   RO          311    .text.HAL_NVIC_DisableIRQ  stm32f4xx_hal_cortex.o
    0x08000d68   0x08000d68   0x0000001e   Code   RO          299    .text.HAL_NVIC_SetPriority  stm32f4xx_hal_cortex.o
    0x08000d86   0x08000d86   0x00000002   PAD
    0x08000d88   0x08000d88   0x00000008   Code   RO          295    .text.HAL_NVIC_SetPriorityGrouping  stm32f4xx_hal_cortex.o
    0x08000d90   0x08000d90   0x00000160   Code   RO          517    .text.HAL_RCC_ClockConfig  stm32f4xx_hal_rcc.o
    0x08000ef0   0x08000ef0   0x0000000c   Code   RO          527    .text.HAL_RCC_GetHCLKFreq  stm32f4xx_hal_rcc.o
    0x08000efc   0x08000efc   0x00000022   Code   RO          531    .text.HAL_RCC_GetPCLK2Freq  stm32f4xx_hal_rcc.o
    0x08000f1e   0x08000f1e   0x00000002   PAD
    0x08000f20   0x08000f20   0x0000006a   Code   RO          519    .text.HAL_RCC_GetSysClockFreq  stm32f4xx_hal_rcc.o
    0x08000f8a   0x08000f8a   0x00000002   PAD
    0x08000f8c   0x08000f8c   0x00000334   Code   RO          515    .text.HAL_RCC_OscConfig  stm32f4xx_hal_rcc.o
    0x080012c0   0x080012c0   0x00000008   Code   RO          319    .text.HAL_SYSTICK_Config  stm32f4xx_hal_cortex.o
    0x080012c8   0x080012c8   0x00000036   Code   RO          735    .text.HAL_TIM_Base_Init  stm32f4xx_hal_tim.o
    0x080012fe   0x080012fe   0x00000002   PAD
    0x08001300   0x08001300   0x00000002   Code   RO          737    .text.HAL_TIM_Base_MspInit  stm32f4xx_hal_tim.o
    0x08001302   0x08001302   0x00000002   PAD
    0x08001304   0x08001304   0x00000026   Code   RO          745    .text.HAL_TIM_Base_Start  stm32f4xx_hal_tim.o
    0x0800132a   0x0800132a   0x00000002   PAD
    0x0800132c   0x0800132c   0x00000030   Code   RO          747    .text.HAL_TIM_Base_Stop  stm32f4xx_hal_tim.o
    0x0800135c   0x0800135c   0x00000002   Code   RO            4    .text.HardFault_Handler  stm32f4xx_it.o
    0x0800135e   0x0800135e   0x00000002   PAD
    0x08001360   0x08001360   0x00000048   Code   RO           41    .text.Init_ThClock  clock.o
    0x080013a8   0x080013a8   0x0000002c   Code   RO           37    .text.Init_Th_Clock_Test  clock.o
    0x080013d4   0x080013d4   0x0000004c   Code   RO           72    .text.LCD_Init      lcd.o
    0x08001420   0x08001420   0x00000088   Code   RO           62    .text.LCD_reset     lcd.o
    0x080014a8   0x080014a8   0x0000009a   Code   RO           76    .text.LCD_update    lcd.o
    0x08001542   0x08001542   0x00000002   PAD
    0x08001544   0x08001544   0x00000056   Code   RO           74    .text.LCD_wr_cmd    lcd.o
    0x0800159a   0x0800159a   0x00000002   PAD
    0x0800159c   0x0800159c   0x00000056   Code   RO           78    .text.LCD_wr_data   lcd.o
    0x080015f2   0x080015f2   0x00000002   PAD
    0x080015f4   0x080015f4   0x00000002   Code   RO            6    .text.MemManage_Handler  stm32f4xx_it.o
    0x080015f6   0x080015f6   0x00000040   Code   RO         1492    .text.MessageQueueGet  RTX_CM3.lib(rtx_msgqueue.o)
    0x08001636   0x08001636   0x00000058   Code   RO         1486    .text.MessageQueuePut  RTX_CM3.lib(rtx_msgqueue.o)
    0x0800168e   0x0800168e   0x0000001c   Code   RO         1484    .text.MessageQueueRemove  RTX_CM3.lib(rtx_msgqueue.o)
    0x080016aa   0x080016aa   0x00000002   PAD
    0x080016ac   0x080016ac   0x00000002   Code   RO            2    .text.NMI_Handler   stm32f4xx_it.o
    0x080016ae   0x080016ae   0x00000002   PAD
    0x080016b0   0x080016b0   0x0000002c   Code   RO          305    .text.NVIC_EncodePriority  stm32f4xx_hal_cortex.o
    0x080016dc   0x080016dc   0x00000008   Code   RO         1530    .text.OS_Tick_AcknowledgeIRQ  RTX_CM3.lib(os_systick.o)
    0x080016e4   0x080016e4   0x00000024   Code   RO         1526    .text.OS_Tick_Enable  RTX_CM3.lib(os_systick.o)
    0x08001708   0x08001708   0x00000006   Code   RO         1532    .text.OS_Tick_GetIRQn  RTX_CM3.lib(os_systick.o)
    0x0800170e   0x0800170e   0x00000002   PAD
    0x08001710   0x08001710   0x00000040   Code   RO         1524    .text.OS_Tick_Setup  RTX_CM3.lib(os_systick.o)
    0x08001750   0x08001750   0x0000000c   Code   RO         1139    .text.OUTLINED_FUNCTION_0  RTX_CM3.lib(rtx_kernel.o)
    0x0800175c   0x0800175c   0x00000006   Code   RO         1281    .text.OUTLINED_FUNCTION_0  RTX_CM3.lib(rtx_thread.o)
    0x08001762   0x08001762   0x0000000c   Code   RO         1500    .text.OUTLINED_FUNCTION_0  RTX_CM3.lib(rtx_msgqueue.o)
    0x0800176e   0x0800176e   0x00000006   Code   RO         1141    .text.OUTLINED_FUNCTION_1  RTX_CM3.lib(rtx_kernel.o)
    0x08001774   0x08001774   0x00000008   Code   RO          172    .text.SPI1_Control  spi_stm32f4xx.o
    0x0800177c   0x0800177c   0x00000008   Code   RO          170    .text.SPI1_GetDataCount  spi_stm32f4xx.o
    0x08001784   0x08001784   0x00000008   Code   RO          174    .text.SPI1_GetStatus  spi_stm32f4xx.o
    0x0800178c   0x0800178c   0x00000008   Code   RO          150    .text.SPI1_IRQHandler  spi_stm32f4xx.o
    0x08001794   0x08001794   0x0000000a   Code   RO          158    .text.SPI1_Initialize  spi_stm32f4xx.o
    0x0800179e   0x0800179e   0x00000002   PAD
    0x080017a0   0x080017a0   0x00000008   Code   RO          162    .text.SPI1_PowerControl  spi_stm32f4xx.o
    0x080017a8   0x080017a8   0x00000008   Code   RO          166    .text.SPI1_Receive  spi_stm32f4xx.o
    0x080017b0   0x080017b0   0x00000008   Code   RO          164    .text.SPI1_Send     spi_stm32f4xx.o
    0x080017b8   0x080017b8   0x00000008   Code   RO          168    .text.SPI1_Transfer  spi_stm32f4xx.o
    0x080017c0   0x080017c0   0x0000000a   Code   RO          160    .text.SPI1_Uninitialize  spi_stm32f4xx.o
    0x080017ca   0x080017ca   0x00000002   PAD
    0x080017cc   0x080017cc   0x00000004   Code   RO          156    .text.SPIX_GetCapabilities  spi_stm32f4xx.o
    0x080017d0   0x080017d0   0x0000000a   Code   RO          154    .text.SPIX_GetVersion  spi_stm32f4xx.o
    0x080017da   0x080017da   0x00000002   PAD
    0x080017dc   0x080017dc   0x000002d8   Code   RO          188    .text.SPI_Control   spi_stm32f4xx.o
    0x08001ab4   0x08001ab4   0x0000000c   Code   RO          206    .text.SPI_GetDataCount  spi_stm32f4xx.o
    0x08001ac0   0x08001ac0   0x00000028   Code   RO          208    .text.SPI_GetStatus  spi_stm32f4xx.o
    0x08001ae8   0x08001ae8   0x000000f0   Code   RO          152    .text.SPI_IRQHandler  spi_stm32f4xx.o
    0x08001bd8   0x08001bd8   0x000000a0   Code   RO          180    .text.SPI_Initialize  spi_stm32f4xx.o
    0x08001c78   0x08001c78   0x00000022   Code   RO          190    .text.SPI_PeripheralReset  spi_stm32f4xx.o
    0x08001c9a   0x08001c9a   0x00000002   PAD
    0x08001c9c   0x08001c9c   0x000000c2   Code   RO          186    .text.SPI_PowerControl  spi_stm32f4xx.o
    0x08001d5e   0x08001d5e   0x00000002   PAD
    0x08001d60   0x08001d60   0x00000082   Code   RO          202    .text.SPI_Receive   spi_stm32f4xx.o
    0x08001de2   0x08001de2   0x00000002   PAD
    0x08001de4   0x08001de4   0x0000005a   Code   RO          176    .text.SPI_RxData    spi_stm32f4xx.o
    0x08001e3e   0x08001e3e   0x00000002   PAD
    0x08001e40   0x08001e40   0x00000082   Code   RO          200    .text.SPI_Send      spi_stm32f4xx.o
    0x08001ec2   0x08001ec2   0x00000002   PAD
    0x08001ec4   0x08001ec4   0x0000003a   Code   RO          204    .text.SPI_Transfer  spi_stm32f4xx.o
    0x08001efe   0x08001efe   0x00000002   PAD
    0x08001f00   0x08001f00   0x0000005c   Code   RO          178    .text.SPI_TxData    spi_stm32f4xx.o
    0x08001f5c   0x08001f5c   0x00000032   Code   RO          184    .text.SPI_Uninitialize  spi_stm32f4xx.o
    0x08001f8e   0x08001f8e   0x00000002   PAD
    0x08001f90   0x08001f90   0x0000002e   Code   RO          321    .text.SysTick_Config  stm32f4xx_hal_cortex.o
    0x08001fbe   0x08001fbe   0x00000002   PAD
    0x08001fc0   0x08001fc0   0x0000009e   Code   RO           25    .text.SystemClock_Config  main.o
    0x0800205e   0x0800205e   0x00000002   PAD
    0x08002060   0x08002060   0x0000007e   Code   RO         1068    .text.SystemCoreClockUpdate  system_stm32f4xx.o
    0x080020de   0x080020de   0x00000002   PAD
    0x080020e0   0x080020e0   0x00000010   Code   RO         1066    .text.SystemInit    system_stm32f4xx.o
    0x080020f0   0x080020f0   0x00000124   Code   RO          739    .text.TIM_Base_SetConfig  stm32f4xx_hal_tim.o
    0x08002214   0x08002214   0x00000088   Code   RO           39    .text.Th_Clock_Test  clock.o
    0x0800229c   0x0800229c   0x00000064   Code   RO         1233    .text.ThreadFlagsCheck  RTX_CM3.lib(rtx_thread.o)
    0x08002300   0x08002300   0x0000005e   Code   RO           43    .text.Timer2_Callback  clock.o
    0x0800235e   0x0800235e   0x00000002   PAD
    0x08002360   0x08002360   0x00000044   Code   RO         1317    .text.TimerInsert   RTX_CM3.lib(rtx_timer.o)
    0x080023a4   0x080023a4   0x00000024   Code   RO         1325    .text.TimerRemove   RTX_CM3.lib(rtx_timer.o)
    0x080023c8   0x080023c8   0x00000002   Code   RO           10    .text.UsageFault_Handler  stm32f4xx_it.o
    0x080023ca   0x080023ca   0x00000002   PAD
    0x080023cc   0x080023cc   0x0000000e   Code   RO          196    .text.__NVIC_ClearPendingIRQ  spi_stm32f4xx.o
    0x080023da   0x080023da   0x00000002   PAD
    0x080023dc   0x080023dc   0x00000028   Code   RO          313    .text.__NVIC_DisableIRQ  stm32f4xx_hal_cortex.o
    0x08002404   0x08002404   0x0000000e   Code   RO          198    .text.__NVIC_EnableIRQ  spi_stm32f4xx.o
    0x08002412   0x08002412   0x00000002   PAD
    0x08002414   0x08002414   0x00000010   Code   RO          301    .text.__NVIC_GetPriorityGrouping  stm32f4xx_hal_cortex.o
    0x08002424   0x08002424   0x00000022   Code   RO          303    .text.__NVIC_SetPriority  stm32f4xx_hal_cortex.o
    0x08002446   0x08002446   0x00000002   PAD
    0x08002448   0x08002448   0x00000020   Code   RO          297    .text.__NVIC_SetPriorityGrouping  stm32f4xx_hal_cortex.o
    0x08002468   0x08002468   0x0000001a   Code   RO          111    .text._mutex_acquire  rtx_lib.o
    0x08002482   0x08002482   0x00000002   PAD
    0x08002484   0x08002484   0x0000000a   Code   RO          115    .text._mutex_free   rtx_lib.o
    0x0800248e   0x0800248e   0x00000002   PAD
    0x08002490   0x08002490   0x00000020   Code   RO          109    .text._mutex_initialize  rtx_lib.o
    0x080024b0   0x080024b0   0x00000016   Code   RO          113    .text._mutex_release  rtx_lib.o
    0x080024c6   0x080024c6   0x00000002   PAD
    0x080024c8   0x080024c8   0x00000008   Code   RO          103    .text._platform_post_stackheap_init  rtx_lib.o
    0x080024d0   0x080024d0   0x0000004a   Code   RO           70    .text.delay         lcd.o
    0x0800251a   0x0800251a   0x00000002   PAD
    0x0800251c   0x0800251c   0x00000048   Code   RO           68    .text.initPINLCDA0  lcd.o
    0x08002564   0x08002564   0x00000044   Code   RO           64    .text.initPINLCDReset  lcd.o
    0x080025a8   0x080025a8   0x00000048   Code   RO           66    .text.initPINLCDcs  lcd.o
    0x080025f0   0x080025f0   0x00000048   Code   RO           88    .text.initTIMER7    lcd.o
    0x08002638   0x08002638   0x0000001a   Code   RO           23    .text.main          main.o
    0x08002652   0x08002652   0x00000002   PAD
    0x08002654   0x08002654   0x0000002c   Code   RO         1091    .text.osKernelGetState  RTX_CM3.lib(rtx_kernel.o)
    0x08002680   0x08002680   0x00000028   Code   RO         1107    .text.osKernelGetTickCount  RTX_CM3.lib(rtx_kernel.o)
    0x080026a8   0x080026a8   0x0000002c   Code   RO         1085    .text.osKernelInitialize  RTX_CM3.lib(rtx_kernel.o)
    0x080026d4   0x080026d4   0x00000024   Code   RO         1095    .text.osKernelStart  RTX_CM3.lib(rtx_kernel.o)
    0x080026f8   0x080026f8   0x00000070   Code   RO         1460    .text.osMessageQueueGet  RTX_CM3.lib(rtx_msgqueue.o)
    0x08002768   0x08002768   0x00000080   Code   RO         1458    .text.osMessageQueuePut  RTX_CM3.lib(rtx_msgqueue.o)
    0x080027e8   0x080027e8   0x00000024   Code   RO         1349    .text.osMutexAcquire  RTX_CM3.lib(rtx_mutex.o)
    0x0800280c   0x0800280c   0x00000024   Code   RO         1355    .text.osMutexDelete  RTX_CM3.lib(rtx_mutex.o)
    0x08002830   0x08002830   0x00000024   Code   RO         1345    .text.osMutexNew    RTX_CM3.lib(rtx_mutex.o)
    0x08002854   0x08002854   0x00000024   Code   RO         1351    .text.osMutexRelease  RTX_CM3.lib(rtx_mutex.o)
    0x08002878   0x08002878   0x00000002   Code   RO          141    .text.osRtxErrorNotify  rtx_config.o
    0x0800287a   0x0800287a   0x00000002   PAD
    0x0800287c   0x0800287c   0x00000002   Code   RO          139    .text.osRtxIdleThread  rtx_config.o
    0x0800287e   0x0800287e   0x00000004   Code   RO         1083    .text.osRtxKernelErrorNotify  RTX_CM3.lib(rtx_kernel.o)
    0x08002882   0x08002882   0x00000002   Code   RO         1081    .text.osRtxKernelPreInit  RTX_CM3.lib(rtx_kernel.o)
    0x08002884   0x08002884   0x0000006c   Code   RO         1386    .text.osRtxMemoryAlloc  RTX_CM3.lib(rtx_memory.o)
    0x080028f0   0x080028f0   0x00000042   Code   RO         1388    .text.osRtxMemoryFree  RTX_CM3.lib(rtx_memory.o)
    0x08002932   0x08002932   0x00000036   Code   RO         1384    .text.osRtxMemoryInit  RTX_CM3.lib(rtx_memory.o)
    0x08002968   0x08002968   0x0000003a   Code   RO         1400    .text.osRtxMemoryPoolAlloc  RTX_CM3.lib(rtx_mempool.o)
    0x080029a2   0x080029a2   0x0000004a   Code   RO         1402    .text.osRtxMemoryPoolFree  RTX_CM3.lib(rtx_mempool.o)
    0x080029ec   0x080029ec   0x00000038   Code   RO         1398    .text.osRtxMemoryPoolInit  RTX_CM3.lib(rtx_mempool.o)
    0x08002a24   0x08002a24   0x000000aa   Code   RO         1482    .text.osRtxMessageQueuePostProcess  RTX_CM3.lib(rtx_msgqueue.o)
    0x08002ace   0x08002ace   0x00000002   PAD
    0x08002ad0   0x08002ad0   0x00000024   Code   RO         1450    .text.osRtxMessageQueueTimerSetup  RTX_CM3.lib(rtx_msgqueue.o)
    0x08002af4   0x08002af4   0x00000048   Code   RO         1341    .text.osRtxMutexOwnerRelease  RTX_CM3.lib(rtx_mutex.o)
    0x08002b3c   0x08002b3c   0x00000042   Code   RO         1343    .text.osRtxMutexOwnerRestore  RTX_CM3.lib(rtx_mutex.o)
    0x08002b7e   0x08002b7e   0x00000002   PAD
    0x08002b80   0x08002b80   0x00000088   Code   RO         1512    .text.osRtxPendSV_Handler  RTX_CM3.lib(rtx_system.o)
    0x08002c08   0x08002c08   0x00000070   Code   RO         1514    .text.osRtxPostProcess  RTX_CM3.lib(rtx_system.o)
    0x08002c78   0x08002c78   0x00000034   Code   RO         1173    .text.osRtxThreadBlock  RTX_CM3.lib(rtx_thread.o)
    0x08002cac   0x08002cac   0x0000007c   Code   RO         1181    .text.osRtxThreadDelayInsert  RTX_CM3.lib(rtx_thread.o)
    0x08002d28   0x08002d28   0x0000003c   Code   RO         1177    .text.osRtxThreadDelayRemove  RTX_CM3.lib(rtx_thread.o)
    0x08002d64   0x08002d64   0x00000048   Code   RO         1163    .text.osRtxThreadDelayTick  RTX_CM3.lib(rtx_thread.o)
    0x08002dac   0x08002dac   0x00000020   Code   RO         1265    .text.osRtxThreadDestroy  RTX_CM3.lib(rtx_thread.o)
    0x08002dcc   0x08002dcc   0x00000050   Code   RO         1171    .text.osRtxThreadDispatch  RTX_CM3.lib(rtx_thread.o)
    0x08002e1c   0x08002e1c   0x00000058   Code   RO         1257    .text.osRtxThreadFree  RTX_CM3.lib(rtx_thread.o)
    0x08002e74   0x08002e74   0x0000001e   Code   RO         1263    .text.osRtxThreadJoinWakeup  RTX_CM3.lib(rtx_thread.o)
    0x08002e92   0x08002e92   0x00000012   Code   RO         1155    .text.osRtxThreadListGet  RTX_CM3.lib(rtx_thread.o)
    0x08002ea4   0x08002ea4   0x0000002c   Code   RO         1153    .text.osRtxThreadListPut  RTX_CM3.lib(rtx_thread.o)
    0x08002ed0   0x08002ed0   0x00000014   Code   RO         1159    .text.osRtxThreadListRemove  RTX_CM3.lib(rtx_thread.o)
    0x08002ee4   0x08002ee4   0x0000000c   Code   RO         1165    .text.osRtxThreadListRoot  RTX_CM3.lib(rtx_thread.o)
    0x08002ef0   0x08002ef0   0x00000026   Code   RO         1157    .text.osRtxThreadListSort  RTX_CM3.lib(rtx_thread.o)
    0x08002f16   0x08002f16   0x00000028   Code   RO         1231    .text.osRtxThreadPostProcess  RTX_CM3.lib(rtx_thread.o)
    0x08002f3e   0x08002f3e   0x00000002   PAD
    0x08002f40   0x08002f40   0x00000014   Code   RO         1161    .text.osRtxThreadReadyPut  RTX_CM3.lib(rtx_thread.o)
    0x08002f54   0x08002f54   0x00000006   Code   RO         1167    .text.osRtxThreadRegPtr  RTX_CM3.lib(rtx_thread.o)
    0x08002f5a   0x08002f5a   0x00000002   PAD
    0x08002f5c   0x08002f5c   0x00000038   Code   RO         1183    .text.osRtxThreadStartup  RTX_CM3.lib(rtx_thread.o)
    0x08002f94   0x08002f94   0x0000000c   Code   RO         1169    .text.osRtxThreadSwitch  RTX_CM3.lib(rtx_thread.o)
    0x08002fa0   0x08002fa0   0x0000003c   Code   RO         1179    .text.osRtxThreadWaitEnter  RTX_CM3.lib(rtx_thread.o)
    0x08002fdc   0x08002fdc   0x00000022   Code   RO         1175    .text.osRtxThreadWaitExit  RTX_CM3.lib(rtx_thread.o)
    0x08002ffe   0x08002ffe   0x00000002   PAD
    0x08003000   0x08003000   0x00000074   Code   RO         1510    .text.osRtxTick_Handler  RTX_CM3.lib(rtx_system.o)
    0x08003074   0x08003074   0x00000020   Code   RO         1299    .text.osRtxTimerSetup  RTX_CM3.lib(rtx_timer.o)
    0x08003094   0x08003094   0x00000020   Code   RO         1303    .text.osRtxTimerThread  RTX_CM3.lib(rtx_timer.o)
    0x080030b4   0x080030b4   0x00000070   Code   RO         1301    .text.osRtxTimerTick  RTX_CM3.lib(rtx_timer.o)
    0x08003124   0x08003124   0x0000000c   Code   RO         1215    .text.osThreadExit  RTX_CM3.lib(rtx_thread.o)
    0x08003130   0x08003130   0x00000058   Code   RO         1223    .text.osThreadFlagsSet  RTX_CM3.lib(rtx_thread.o)
    0x08003188   0x08003188   0x00000024   Code   RO         1229    .text.osThreadFlagsWait  RTX_CM3.lib(rtx_thread.o)
    0x080031ac   0x080031ac   0x00000024   Code   RO         1187    .text.osThreadNew   RTX_CM3.lib(rtx_thread.o)
    0x080031d0   0x080031d0   0x00000024   Code   RO         1305    .text.osTimerNew    RTX_CM3.lib(rtx_timer.o)
    0x080031f4   0x080031f4   0x00000024   Code   RO         1309    .text.osTimerStart  RTX_CM3.lib(rtx_timer.o)
    0x08003218   0x08003218   0x0000001e   Code   RO          107    .text.os_kernel_is_active  rtx_lib.o
    0x08003236   0x08003236   0x00000002   PAD
    0x08003238   0x08003238   0x00000020   Code   RO           86    .text.resetBuffer   lcd.o
    0x08003258   0x08003258   0x00000008   Code   RO         1093    .text.svcRtxKernelGetState  RTX_CM3.lib(rtx_kernel.o)
    0x08003260   0x08003260   0x0000000c   Code   RO         1109    .text.svcRtxKernelGetTickCount  RTX_CM3.lib(rtx_kernel.o)
    0x0800326c   0x0800326c   0x000000fc   Code   RO         1123    .text.svcRtxKernelInitialize  RTX_CM3.lib(rtx_kernel.o)
    0x08003368   0x08003368   0x00000088   Code   RO         1125    .text.svcRtxKernelStart  RTX_CM3.lib(rtx_kernel.o)
    0x080033f0   0x080033f0   0x000000d4   Code   RO         1494    .text.svcRtxMessageQueueGet  RTX_CM3.lib(rtx_msgqueue.o)
    0x080034c4   0x080034c4   0x00000118   Code   RO         1452    .text.svcRtxMessageQueueNew  RTX_CM3.lib(rtx_msgqueue.o)
    0x080035dc   0x080035dc   0x000000b0   Code   RO         1490    .text.svcRtxMessageQueuePut  RTX_CM3.lib(rtx_msgqueue.o)
    0x0800368c   0x0800368c   0x00000090   Code   RO         1361    .text.svcRtxMutexAcquire  RTX_CM3.lib(rtx_mutex.o)
    0x0800371c   0x0800371c   0x000000ac   Code   RO         1367    .text.svcRtxMutexDelete  RTX_CM3.lib(rtx_mutex.o)
    0x080037c8   0x080037c8   0x00000068   Code   RO         1357    .text.svcRtxMutexNew  RTX_CM3.lib(rtx_mutex.o)
    0x08003830   0x08003830   0x000000b4   Code   RO         1363    .text.svcRtxMutexRelease  RTX_CM3.lib(rtx_mutex.o)
    0x080038e4   0x080038e4   0x0000004c   Code   RO         1261    .text.svcRtxThreadExit  RTX_CM3.lib(rtx_thread.o)
    0x08003930   0x08003930   0x00000066   Code   RO         1273    .text.svcRtxThreadFlagsSet  RTX_CM3.lib(rtx_thread.o)
    0x08003996   0x08003996   0x00000002   PAD
    0x08003998   0x08003998   0x0000004c   Code   RO         1279    .text.svcRtxThreadFlagsWait  RTX_CM3.lib(rtx_thread.o)
    0x080039e4   0x080039e4   0x000001ec   Code   RO         1185    .text.svcRtxThreadNew  RTX_CM3.lib(rtx_thread.o)
    0x08003bd0   0x08003bd0   0x00000074   Code   RO         1319    .text.svcRtxTimerNew  RTX_CM3.lib(rtx_timer.o)
    0x08003c44   0x08003c44   0x00000048   Code   RO         1323    .text.svcRtxTimerStart  RTX_CM3.lib(rtx_timer.o)
    0x08003c8c   0x08003c8c   0x0000001c   Code   RO           80    .text.symbolToLocalBuffer  lcd.o
    0x08003ca8   0x08003ca8   0x00000060   Code   RO           82    .text.symbolToLocalBuffer_L1  lcd.o
    0x08003d08   0x08003d08   0x0000006a   Code   RO           84    .text.symbolToLocalBuffer_L2  lcd.o
    0x08003d72   0x08003d72   0x0000000e   Code   RO         1574    i._is_digit         c_w.l(__printf_wp.o)
    0x08003d80   0x08003d80   0x00000011   Data   RO         1577    .constdata          c_w.l(__printf_flags_wp.o)
    0x08003d91   0x08003d91   0x00000003   PAD
    0x08003d94   0x08003d94   0x000000a8   Data   RO          121    .rodata             rtx_lib.o
    0x08003e3c   0x08003e3c   0x00000010   Data   RO         1071    .rodata.AHBPrescTable  system_stm32f4xx.o
    0x08003e4c   0x08003e4c   0x00000008   Data   RO         1072    .rodata.APBPrescTable  system_stm32f4xx.o
    0x08003e54   0x08003e54   0x00000960   Data   RO           90    .rodata.Arial12x12  lcd.o
    0x080047b4   0x080047b4   0x0000002c   Data   RO          210    .rodata.Driver_SPI1  spi_stm32f4xx.o
    0x080047e0   0x080047e0   0x00000004   Data   RO          123    .rodata.osRtxUserSVC  rtx_lib.o
    0x080047e4   0x080047e4   0x00000024   Data   RO          118    .rodata.os_idle_thread_attr  rtx_lib.o
    0x08004808   0x08004808   0x00000018   Data   RO          120    .rodata.os_timer_mq_attr  rtx_lib.o
    0x08004820   0x08004820   0x00000024   Data   RO          119    .rodata.os_timer_thread_attr  rtx_lib.o
    0x08004844   0x08004844   0x0000000b   Data   RO         1143    .rodata.str1.4      RTX_CM3.lib(rtx_kernel.o)
    0x0800484f   0x0800484f   0x00000001   PAD
    0x08004850   0x08004850   0x00000020   Data   RO         1775    Region$$Table       anon$$obj.o


    Execution Region RW_IRAM1 (Exec base: 0x20000000, Load base: 0x08004870, Size: 0x00008f08, Max: 0x00030000, ABSOLUTE)

    Exec Addr    Load Addr    Size         Type   Attr      Idx    E Section Name        Object

    0x20000000   0x08004870   0x00000004   Data   RW         1070    .data.SystemCoreClock  system_stm32f4xx.o
    0x20000004   0x08004874   0x000000a4   Data   RW         1144    .data.os            RTX_CM3.lib(rtx_kernel.o)
    0x200000a8   0x08004918   0x00000001   Data   RW          285    .data.uwTickFreq    stm32f4xx_hal.o
    0x200000a9   0x08004919   0x00000003   PAD
    0x200000ac   0x0800491c   0x00000004   Data   RW          284    .data.uwTickPrio    stm32f4xx_hal.o
    0x200000b0        -       0x00000060   Zero   RW         1642    .bss                c_w.l(libspace.o)
    0x20000110        -       0x00000004   Zero   RW           27    .bss.HAL_GetTick.ticks  main.o
    0x20000114        -       0x00000004   Zero   RW          212    .bss.SPI1_Info.0    spi_stm32f4xx.o
    0x20000118        -       0x00000001   Zero   RW          215    .bss.SPI1_Info.1.0  spi_stm32f4xx.o
    0x20000119   0x08004920   0x00000003   PAD
    0x2000011c        -       0x00000001   Zero   RW          216    .bss.SPI1_Info.1.1  spi_stm32f4xx.o
    0x2000011d   0x08004920   0x00000001   PAD
    0x2000011e        -       0x00000001   Zero   RW          217    .bss.SPI1_Info.1.2  spi_stm32f4xx.o
    0x2000011f   0x08004920   0x00000001   PAD
    0x20000120        -       0x00000004   Zero   RW          213    .bss.SPI1_Info.2    spi_stm32f4xx.o
    0x20000124        -       0x00000004   Zero   RW          214    .bss.SPI1_Info.3    spi_stm32f4xx.o
    0x20000128        -       0x0000001c   Zero   RW          211    .bss.SPI1_TransferInfo  spi_stm32f4xx.o
    0x20000144        -       0x000001ff   Zero   RW           91    .bss.buffer         lcd.o
    0x20000343        -       0x00000014   Zero   RW           48    .bss.horaDisplay    clock.o
    0x20000357        -       0x00000001   Zero   RW           49    .bss.horas          clock.o
    0x20000358        -       0x00000040   Zero   RW           94    .bss.htim7          lcd.o
    0x20000398        -       0x00000001   Zero   RW           50    .bss.minutos        clock.o
    0x20000399   0x08004920   0x00000007   PAD
    0x200003a0        -       0x00008040   Zero   RW          117    .bss.os             rtx_lib.o
    0x200083e0        -       0x00000001   Zero   RW         1542    .bss.os             RTX_CM3.lib(os_systick.o)
    0x200083e1   0x08004920   0x00000003   PAD
    0x200083e4        -       0x00000034   Zero   RW          128    .bss.os.msgqueue.cb  rtx_lib.o
    0x20008418        -       0x00000050   Zero   RW          129    .bss.os.msgqueue.mem  rtx_lib.o
    0x20008468        -       0x00000088   Zero   RW          125    .bss.os.thread.cb   rtx_lib.o
    0x200084f0        -       0x00000200   Zero   RW          126    .bss.os.thread.idle.stack  rtx_lib.o
    0x200086f0        -       0x00000200   Zero   RW          127    .bss.os.thread.timer.stack  rtx_lib.o
    0x200088f0        -       0x00000001   Zero   RW          130    .bss.os_kernel_is_active.os_kernel_active  rtx_lib.o
    0x200088f1   0x08004920   0x00000001   PAD
    0x200088f2        -       0x00000002   Zero   RW           92    .bss.positionL1     lcd.o
    0x200088f4        -       0x00000002   Zero   RW           93    .bss.positionL2     lcd.o
    0x200088f6        -       0x00000001   Zero   RW           51    .bss.segundos       clock.o
    0x200088f7   0x08004920   0x00000001   PAD
    0x200088f8        -       0x00000004   Zero   RW           53    .bss.tid_ThClock    clock.o
    0x200088fc        -       0x00000004   Zero   RW           47    .bss.tid_Th_Clock_Test  clock.o
    0x20008900        -       0x00000004   Zero   RW           52    .bss.tim_id2        clock.o
    0x20008904   0x08004920   0x00000004   PAD
    0x20008908        -       0x00000200   Zero   RW         1057    HEAP                startup_stm32f429xx.o
    0x20008b08        -       0x00000400   Zero   RW         1056    STACK               startup_stm32f429xx.o


==============================================================================

Image component sizes


      Code (inc. data)   RO Data    RW Data    ZI Data      Debug   Object Name

       404         16          0          0         35       1908   clock.o
      1158          0       2400          0        579       8784   lcd.o
       264          0          0          0          4       3397   main.o
         4          0          0          0          0        714   rtx_config.o
       128          0        268          0      34125       7358   rtx_lib.o
      2174         26         44          0         43      16440   spi_stm32f4xx.o
        64         26        428          0       1536        840   startup_stm32f429xx.o
       142          0          0          5          0       8036   stm32f4xx_hal.o
       266          0          0          0          0      11176   stm32f4xx_hal_cortex.o
       682          0          0          0          0       5454   stm32f4xx_hal_gpio.o
      1324          0          0          0          0       7618   stm32f4xx_hal_rcc.o
       434          0          0          0          0      38588   stm32f4xx_hal_tim.o
        12          0          0          0          0        785   stm32f4xx_it.o
       142          0         24          4          0       2816   system_stm32f4xx.o

    ----------------------------------------------------------------------
      7290         68       3196         12      36340     113914   Object Totals
         0          0         32          0          0          0   (incl. Generated)
        92          0          0          3         18          0   (incl. Padding)

    ----------------------------------------------------------------------

      Code (inc. data)   RO Data    RW Data    ZI Data      Debug   Library Member Name

       148          8          0          0          0        591   irq_armv7m.o
       114         20          0          0          1       3197   os_systick.o
       596         48         11        164          0      16501   rtx_kernel.o
       228          0          0          0          0       2537   rtx_memory.o
       188          0          0          0          0      16008   rtx_mempool.o
      1306         20          0          0          0      18657   rtx_msgqueue.o
       882         28          0          0          0       9962   rtx_mutex.o
       364         14          0          0          0       5296   rtx_system.o
      1922         64          0          0          0      31735   rtx_thread.o
       540         24          0          0          0      10397   rtx_timer.o
         8          0          0          0          0         68   __main.o
       312          4         17          0          0         92   __printf_flags_wp.o
        14          0          0          0          0         68   __printf_wp.o
         0          0          0          0          0          0   __rtentry.o
        20          0          0          0          0          0   __rtentry2.o
         6          0          0          0          0          0   __rtentry4.o
        52          8          0          0          0          0   __scatter.o
        26          0          0          0          0          0   __scatter_copy.o
        28          0          0          0          0          0   __scatter_zi.o
        48          6          0          0          0         96   _printf_char_common.o
         6          0          0          0          0          0   _printf_d.o
       120         16          0          0          0         92   _printf_dec.o
       178          0          0          0          0         88   _printf_intcommon.o
        78          0          0          0          0        108   _printf_pad.o
         0          0          0          0          0          0   _printf_percent.o
         4          0          0          0          0          0   _printf_percent_end.o
        10          0          0          0          0         68   _sputc.o
        18          0          0          0          0         80   exit.o
         6          0          0          0          0        152   heapauxi.o
         0          0          0          0          0          0   indicate_semi.o
         2          0          0          0          0          0   libinit.o
         2          0          0          0          0          0   libinit2.o
         2          0          0          0          0          0   libshutdown.o
         2          0          0          0          0          0   libshutdown2.o
         8          4          0          0         96         68   libspace.o
       240          0          0          0          0        100   lludivv7m.o
        40          6          0          0          0         84   noretval__2sprintf.o
        68          0          0          0          0         68   rt_memclr.o
        78          0          0          0          0         80   rt_memclr_w.o
       138          0          0          0          0         68   rt_memcpy_v6.o
       100          0          0          0          0         80   rt_memcpy_w.o
         2          0          0          0          0          0   rtexit.o
        10          0          0          0          0          0   rtexit2.o
        12          4          0          0          0         68   sys_exit.o
        74          0          0          0          0         80   sys_stackheap_outer.o
         2          0          0          0          0         68   use_no_semi.o

    ----------------------------------------------------------------------
      8026        274         32        164        100     116557   Library Totals
        24          0          4          0          3          0   (incl. Padding)

    ----------------------------------------------------------------------

      Code (inc. data)   RO Data    RW Data    ZI Data      Debug   Library Name

      6288        226         11        164          1     114881   RTX_CM3.lib
      1714         48         17          0         96       1676   c_w.l

    ----------------------------------------------------------------------
      8026        274         32        164        100     116557   Library Totals

    ----------------------------------------------------------------------

==============================================================================


      Code (inc. data)   RO Data    RW Data    ZI Data      Debug   

     15316        342       3228        176      36440     229351   Grand Totals
     15316        342       3228        176      36440     229351   ELF Image Totals
     15316        342       3228        176          0          0   ROM Totals

==============================================================================

    Total RO  Size (Code + RO Data)                18544 (  18.11kB)
    Total RW  Size (RW Data + ZI Data)             36616 (  35.76kB)
    Total ROM Size (Code + RO Data + RW Data)      18720 (  18.28kB)

==============================================================================

